../Core/Inc/Function.c:11:6:Stop	8	static
../Core/Inc/Function.c:17:6:AlarmReset	8	static
../Core/Inc/Function.c:30:6:Estop	8	static
../Core/Inc/Function.c:35:6:DisableSTOP	8	static
../Core/Inc/Function.c:40:6:JogMoveUp	8	static
../Core/Inc/Function.c:46:6:JogMoveDown	8	static
../Core/Inc/Function.c:52:6:SetPositionMode	8	static
../Core/Inc/Function.c:57:6:SetSpeedMode	8	static
../Core/Inc/Function.c:62:6:DriverInit	8	static
../Core/Inc/Function.c:79:10:ReadLogicF7000Out	16	static
../Core/Inc/Function.c:132:6:PulseClear	8	static
