../Core/Src/main.c:252:7:PIDCalculate	56	static
../Core/Src/main.c:276:6:ResetPIDController	4	static
../Core/Src/main.c:283:6:ExtractMotionCode	24	static
../Core/Src/main.c:402:6:ReadMultiRegister	40	static
../Core/Src/main.c:449:6:LoadSavedParam	136	static
../Core/Src/main.c:466:6:SaveSystemParams	264	static
../Core/Src/main.c:478:6:LinearGeneration	32	static
../Core/Src/main.c:504:6:StopPulseGenerating	8	static
../Core/Src/main.c:511:6:StartPulseGenerating	8	static
../Core/Src/main.c:518:6:WaitingMiliSecond	16	static
../Core/Src/main.c:529:5:CalculateTimer3Period	24	static
../Core/Src/main.c:544:6:CheckGoingToRefPosition	16	static
../Core/Src/main.c:654:6:InitGoingToStartingPosition	8	static
../Core/Src/main.c:730:6:InitializeRunning	16	static
../Core/Src/main.c:771:6:PullingExperiment	24	static
../Core/Src/main.c:932:6:PullAndDrop	24	static
../Core/Src/main.c:1286:6:Dropping	24	static
../Core/Src/main.c:1449:6:StopExperiment	8	static
../Core/Src/main.c:1468:6:CalculateRunningSpec	24	static
../Core/Src/main.c:1502:6:InitParams	16	static
../Core/Src/main.c:1533:6:ProcessReceivedCommand	480	static
../Core/Src/main.c:2194:6:HAL_UART_RxCpltCallback	16	static
../Core/Src/main.c:2285:6:HAL_TIM_PeriodElapsedCallback	16	static
../Core/Src/main.c:2402:5:main	96	static
../Core/Src/main.c:2814:6:SystemClock_Config	88	static
../Core/Src/main.c:2857:13:MX_NVIC_Init	8	static
../Core/Src/main.c:2881:13:MX_TIM2_Init	48	static
../Core/Src/main.c:2943:13:MX_TIM3_Init	32	static
../Core/Src/main.c:2988:13:MX_UART5_Init	8	static
../Core/Src/main.c:3021:13:MX_USART3_UART_Init	8	static
../Core/Src/main.c:3054:13:MX_USART6_UART_Init	8	static
../Core/Src/main.c:3087:13:MX_GPIO_Init	56	static
../Core/Src/main.c:3248:6:Error_Handler	4	static
