../Core/Src/main.c:199:6:ExtractMotionCode	24	static
../Core/Src/main.c:226:6:ReadMultiRegister	32	static
../Core/Src/main.c:264:6:WriteFloatData	48	static
../Core/Src/main.c:312:6:LoadSavedParam	136	static
../Core/Src/main.c:329:6:SaveSystemParams	120	static
../Core/Src/main.c:338:6:LinearGeneration	32	static
../Core/Src/main.c:364:6:StopPulseGenerating	8	static
../Core/Src/main.c:371:6:InitPulseGenerating	16	static
../Core/Src/main.c:385:6:WaitingMiliSecond	16	static
../Core/Src/main.c:396:5:CalculateTimer3Period	24	static
../Core/Src/main.c:411:6:PulseGenerating	16	static
../Core/Src/main.c:465:6:GoingToRefPosition	16	static
../Core/Src/main.c:563:6:InitializeRunning	16	static
../Core/Src/main.c:600:6:StopExperiment	8	static
../Core/Src/main.c:619:6:CalculateRunningSpec	8	static
../Core/Src/main.c:625:6:InitParams	16	static
../Core/Src/main.c:640:6:InitSimulating	4	static
../Core/Src/main.c:649:6:StopSimulating	8	static
../Core/Src/main.c:661:6:Simulating	8	static
../Core/Src/main.c:686:6:RunningExperiment	8	static
../Core/Src/main.c:747:6:ProcessReceivedCommand	40	static
../Core/Src/main.c:1114:6:HAL_UART_RxCpltCallback	16	static
../Core/Src/main.c:1164:6:HAL_TIM_PeriodElapsedCallback	16	static
../Core/Src/main.c:1264:5:main	80	static
../Core/Src/main.c:1555:6:SystemClock_Config	88	static
../Core/Src/main.c:1600:13:MX_NVIC_Init	8	static
../Core/Src/main.c:1618:13:MX_TIM2_Init	48	static
../Core/Src/main.c:1680:13:MX_TIM3_Init	32	static
../Core/Src/main.c:1725:13:MX_UART5_Init	8	static
../Core/Src/main.c:1758:13:MX_USART6_UART_Init	8	static
../Core/Src/main.c:1791:13:MX_GPIO_Init	56	static
../Core/Src/main.c:1960:6:Error_Handler	4	static
