../Core/Src/main.c:195:6:ExtractMotionCode	24	static
../Core/Src/main.c:222:6:ReadMultiRegister	32	static
../Core/Src/main.c:260:6:WriteFloatData	48	static
../Core/Src/main.c:308:6:LoadSavedParam	136	static
../Core/Src/main.c:325:6:SaveSystemParams	120	static
../Core/Src/main.c:334:6:LinearGeneration	32	static
../Core/Src/main.c:360:6:StopPulseGenerating	8	static
../Core/Src/main.c:368:6:InitPulseGenerating	8	static
../Core/Src/main.c:374:6:WaitingMiliSecond	16	static
../Core/Src/main.c:385:5:CalculateTimer3Period	24	static
../Core/Src/main.c:400:6:CheckGoingToRefPosition	16	static
../Core/Src/main.c:513:6:InitGoingToStartingPosition	8	static
../Core/Src/main.c:577:6:InitializeRunning	16	static
../Core/Src/main.c:583:6:StopExperiment	8	static
../Core/Src/main.c:600:6:CalculateRunningSpec	8	static
../Core/Src/main.c:606:6:InitParams	16	static
../Core/Src/main.c:621:6:InitSimulating	4	static
../Core/Src/main.c:630:6:StopSimulating	8	static
../Core/Src/main.c:641:6:PulseGenerating	16	static
../Core/Src/main.c:666:6:Simulating	8	static
../Core/Src/main.c:677:6:ProcessReceivedCommand	40	static
../Core/Src/main.c:1036:6:HAL_UART_RxCpltCallback	16	static
../Core/Src/main.c:1086:6:HAL_TIM_PeriodElapsedCallback	16	static
../Core/Src/main.c:1180:5:main	80	static
../Core/Src/main.c:1470:6:SystemClock_Config	88	static
../Core/Src/main.c:1515:13:MX_NVIC_Init	8	static
../Core/Src/main.c:1533:13:MX_TIM2_Init	48	static
../Core/Src/main.c:1595:13:MX_TIM3_Init	32	static
../Core/Src/main.c:1640:13:MX_UART5_Init	8	static
../Core/Src/main.c:1673:13:MX_USART6_UART_Init	8	static
../Core/Src/main.c:1706:13:MX_GPIO_Init	56	static
../Core/Src/main.c:1875:6:Error_Handler	4	static
