../Core/Src/main.c:237:6:ExtractMotionCode	24	static
../Core/Src/main.c:264:6:ReadMultiRegister	32	static
../Core/Src/main.c:302:6:WriteFloatData	48	static
../Core/Src/main.c:350:6:LoadSavedParam	136	static
../Core/Src/main.c:367:6:SaveSystemParams	360	static
../Core/Src/main.c:380:6:LinearGeneration	32	static
../Core/Src/main.c:406:6:StopPulseGenerating	8	static
../Core/Src/main.c:414:6:InitPulseGenerating	8	static
../Core/Src/main.c:420:6:WaitingMiliSecond	16	static
../Core/Src/main.c:431:5:CalculateTimer3Period	24	static
../Core/Src/main.c:446:6:CheckGoingToRefPosition	16	static
../Core/Src/main.c:559:6:InitGoingToStartingPosition	8	static
../Core/Src/main.c:620:6:InitializeSimulating	24	static
../Core/Src/main.c:702:6:InitializeRunning	16	static
../Core/Src/main.c:790:6:PullingExperiment	32	static
../Core/Src/main.c:997:6:SimulatePulling	32	static
../Core/Src/main.c:1178:6:SimulateDropping	24	static
../Core/Src/main.c:1304:6:SimulatePullAndDrop	8	static
../Core/Src/main.c:1317:6:Dropping	24	static
../Core/Src/main.c:1441:6:PullAndDrop	8	static
../Core/Src/main.c:1455:6:StopSimulating	8	static
../Core/Src/main.c:1481:6:StopExperiment	8	static
../Core/Src/main.c:1509:6:CalculateRunningSpec	8	static
../Core/Src/main.c:1514:6:DoSpeedTesting	24	static
../Core/Src/main.c:1550:6:InitParams	16	static
../Core/Src/main.c:1589:6:ProcessReceivedCommand	288	static
../Core/Src/main.c:2301:6:HAL_UART_RxCpltCallback	16	static
../Core/Src/main.c:2352:6:HAL_TIM_PeriodElapsedCallback	16	static
../Core/Src/main.c:2470:5:main	80	static
../Core/Src/main.c:2872:6:SystemClock_Config	88	static
../Core/Src/main.c:2917:13:MX_NVIC_Init	8	static
../Core/Src/main.c:2935:13:MX_TIM2_Init	48	static
../Core/Src/main.c:2997:13:MX_TIM3_Init	32	static
../Core/Src/main.c:3042:13:MX_UART5_Init	8	static
../Core/Src/main.c:3075:13:MX_USART6_UART_Init	8	static
../Core/Src/main.c:3108:13:MX_GPIO_Init	56	static
../Core/Src/main.c:3277:6:Error_Handler	4	static
