../Core/Src/main.c:235:6:ExtractMotionCode	24	static
../Core/Src/main.c:262:6:ReadMultiRegister	40	static
../Core/Src/main.c:303:6:LoadSavedParam	136	static
../Core/Src/main.c:320:6:SaveSystemParams	344	static
../Core/Src/main.c:333:6:LinearGeneration	32	static
../Core/Src/main.c:359:6:StopPulseGenerating	8	static
../Core/Src/main.c:367:6:InitPulseGenerating	8	static
../Core/Src/main.c:373:6:WaitingMiliSecond	16	static
../Core/Src/main.c:384:5:CalculateTimer3Period	24	static
../Core/Src/main.c:399:6:CheckGoingToRefPosition	16	static
../Core/Src/main.c:503:6:InitGoingToStartingPosition	8	static
../Core/Src/main.c:570:6:InitializeSimulating	24	static
../Core/Src/main.c:642:6:InitializeRunning	16	static
../Core/Src/main.c:690:6:PullingExperiment	32	static
../Core/Src/main.c:893:6:SimulatePulling	24	static
../Core/Src/main.c:1065:6:SimulateDropping	24	static
../Core/Src/main.c:1196:6:SimulatePullAndDrop	8	static
../Core/Src/main.c:1209:6:Dropping	24	static
../Core/Src/main.c:1342:6:PullAndDrop	8	static
../Core/Src/main.c:1356:6:StopSimulating	8	static
../Core/Src/main.c:1382:6:StopExperiment	8	static
../Core/Src/main.c:1407:6:CalculateRunningSpec	8	static
../Core/Src/main.c:1411:6:InitParams	16	static
../Core/Src/main.c:1449:6:ProcessReceivedCommand	360	static
../Core/Src/main.c:2121:6:HAL_UART_RxCpltCallback	16	static
../Core/Src/main.c:2213:6:HAL_TIM_PeriodElapsedCallback	16	static
../Core/Src/main.c:2311:5:main	72	static
../Core/Src/main.c:2735:6:SystemClock_Config	88	static
../Core/Src/main.c:2778:13:MX_NVIC_Init	8	static
../Core/Src/main.c:2802:13:MX_TIM2_Init	48	static
../Core/Src/main.c:2864:13:MX_TIM3_Init	32	static
../Core/Src/main.c:2909:13:MX_UART5_Init	8	static
../Core/Src/main.c:2942:13:MX_USART3_UART_Init	8	static
../Core/Src/main.c:2975:13:MX_USART6_UART_Init	8	static
../Core/Src/main.c:3008:13:MX_GPIO_Init	56	static
../Core/Src/main.c:3169:6:Error_Handler	4	static
