../Core/Src/main.c:195:6:ExtractMotionCode	24	static
../Core/Src/main.c:222:6:ReadMultiRegister	32	static
../Core/Src/main.c:260:6:WriteFloatData	48	static
../Core/Src/main.c:308:6:LoadSavedParam	136	static
../Core/Src/main.c:325:6:SaveSystemParams	120	static
../Core/Src/main.c:334:6:LinearGeneration	32	static
../Core/Src/main.c:360:6:StopPulseGenerating	8	static
../Core/Src/main.c:367:6:InitPulseGenerating	8	static
../Core/Src/main.c:373:6:WaitingMiliSecond	16	static
../Core/Src/main.c:384:5:CalculateTimer3Period	24	static
../Core/Src/main.c:399:6:CheckGoingToRefPosition	16	static
../Core/Src/main.c:512:6:InitGoingToStartingPosition	8	static
../Core/Src/main.c:577:6:InitializeRunning	4	static
../Core/Src/main.c:590:6:StopExperiment	8	static
../Core/Src/main.c:606:6:CalculateRunningSpec	8	static
../Core/Src/main.c:612:6:InitParams	16	static
../Core/Src/main.c:627:6:InitSimulating	4	static
../Core/Src/main.c:636:6:StopSimulating	8	static
../Core/Src/main.c:647:6:PulseGenerating	16	static
../Core/Src/main.c:680:6:Simulating	8	static
../Core/Src/main.c:692:6:RunningExperiment	8	static
../Core/Src/main.c:703:6:ProcessReceivedCommand	40	static
../Core/Src/main.c:1062:6:HAL_UART_RxCpltCallback	16	static
../Core/Src/main.c:1112:6:HAL_TIM_PeriodElapsedCallback	16	static
../Core/Src/main.c:1210:5:main	80	static
../Core/Src/main.c:1500:6:SystemClock_Config	88	static
../Core/Src/main.c:1545:13:MX_NVIC_Init	8	static
../Core/Src/main.c:1563:13:MX_TIM2_Init	48	static
../Core/Src/main.c:1625:13:MX_TIM3_Init	32	static
../Core/Src/main.c:1670:13:MX_UART5_Init	8	static
../Core/Src/main.c:1703:13:MX_USART6_UART_Init	8	static
../Core/Src/main.c:1736:13:MX_GPIO_Init	56	static
../Core/Src/main.c:1905:6:Error_Handler	4	static
