../Core/Src/main.c:201:6:ExtractMotionCode	24	static
../Core/Src/main.c:228:6:ReadMultiRegister	32	static
../Core/Src/main.c:266:6:WriteFloatData	48	static
../Core/Src/main.c:314:6:LoadSavedParam	136	static
../Core/Src/main.c:331:6:SaveSystemParams	120	static
../Core/Src/main.c:340:6:LinearGeneration	32	static
../Core/Src/main.c:366:6:StopPulseGenerating	8	static
../Core/Src/main.c:373:6:InitPulseGenerating	16	static
../Core/Src/main.c:387:6:WaitingMiliSecond	16	static
../Core/Src/main.c:398:5:CalculateTimer3Period	24	static
../Core/Src/main.c:413:6:PulseGenerating	16	static
../Core/Src/main.c:467:6:GoingToRefPosition	16	static
../Core/Src/main.c:565:6:InitializeRunning	16	static
../Core/Src/main.c:605:6:StopExperiment	8	static
../Core/Src/main.c:624:6:CalculateRunningSpec	8	static
../Core/Src/main.c:630:6:InitParams	16	static
../Core/Src/main.c:645:6:InitSimulating	4	static
../Core/Src/main.c:654:6:StopSimulating	8	static
../Core/Src/main.c:667:6:Simulating	8	static
../Core/Src/main.c:692:6:RunningExperiment	8	static
../Core/Src/main.c:753:6:ProcessReceivedCommand	56	static
../Core/Src/main.c:1141:6:HAL_UART_RxCpltCallback	16	static
../Core/Src/main.c:1191:6:HAL_TIM_PeriodElapsedCallback	16	static
../Core/Src/main.c:1291:5:main	64	static
../Core/Src/main.c:1583:6:SystemClock_Config	88	static
../Core/Src/main.c:1628:13:MX_NVIC_Init	8	static
../Core/Src/main.c:1646:13:MX_TIM2_Init	48	static
../Core/Src/main.c:1708:13:MX_TIM3_Init	32	static
../Core/Src/main.c:1753:13:MX_UART5_Init	8	static
../Core/Src/main.c:1786:13:MX_USART6_UART_Init	8	static
../Core/Src/main.c:1819:13:MX_GPIO_Init	56	static
../Core/Src/main.c:1988:6:Error_Handler	4	static
