../Core/Src/main.c:238:6:ExtractMotionCode	24	static
../Core/Src/main.c:265:6:ReadMultiRegister	32	static
../Core/Src/main.c:303:6:WriteFloatData	48	static
../Core/Src/main.c:351:6:LoadSavedParam	136	static
../Core/Src/main.c:368:6:SaveSystemParams	360	static
../Core/Src/main.c:381:6:LinearGeneration	32	static
../Core/Src/main.c:407:6:StopPulseGenerating	8	static
../Core/Src/main.c:415:6:InitPulseGenerating	8	static
../Core/Src/main.c:421:6:WaitingMiliSecond	16	static
../Core/Src/main.c:432:5:CalculateTimer3Period	24	static
../Core/Src/main.c:447:6:CheckGoingToRefPosition	16	static
../Core/Src/main.c:559:6:InitGoingToStartingPosition	8	static
../Core/Src/main.c:626:6:InitializeSimulating	24	static
../Core/Src/main.c:708:6:InitializeRunning	16	static
../Core/Src/main.c:777:6:PullingExperiment	24	static
../Core/Src/main.c:972:6:SimulatePulling	24	static
../Core/Src/main.c:1145:6:SimulateDropping	24	static
../Core/Src/main.c:1263:6:SimulatePullAndDrop	8	static
../Core/Src/main.c:1276:6:Dropping	24	static
../Core/Src/main.c:1392:6:PullAndDrop	8	static
../Core/Src/main.c:1406:6:StopSimulating	8	static
../Core/Src/main.c:1432:6:StopExperiment	8	static
../Core/Src/main.c:1459:6:CalculateRunningSpec	8	static
../Core/Src/main.c:1464:6:DoSpeedTesting	24	static
../Core/Src/main.c:1500:6:InitParams	16	static
../Core/Src/main.c:1539:6:ProcessReceivedCommand	288	static
../Core/Src/main.c:2243:6:HAL_UART_RxCpltCallback	16	static
../Core/Src/main.c:2294:6:HAL_TIM_PeriodElapsedCallback	16	static
../Core/Src/main.c:2415:5:main	80	static
../Core/Src/main.c:2813:6:SystemClock_Config	88	static
../Core/Src/main.c:2858:13:MX_NVIC_Init	8	static
../Core/Src/main.c:2876:13:MX_TIM2_Init	48	static
../Core/Src/main.c:2938:13:MX_TIM3_Init	32	static
../Core/Src/main.c:2983:13:MX_UART5_Init	8	static
../Core/Src/main.c:3016:13:MX_USART6_UART_Init	8	static
../Core/Src/main.c:3049:13:MX_GPIO_Init	56	static
../Core/Src/main.c:3218:6:Error_Handler	4	static
