../Core/Src/main.c:242:6:ExtractMotionCode	24	static
../Core/Src/main.c:269:6:ReadMultiRegister	40	static
../Core/Src/main.c:310:6:LoadSavedParam	136	static
../Core/Src/main.c:327:6:SaveSystemParams	264	static
../Core/Src/main.c:339:6:LinearGeneration	32	static
../Core/Src/main.c:365:6:StopPulseGenerating	8	static
../Core/Src/main.c:373:6:InitPulseGenerating	8	static
../Core/Src/main.c:379:6:WaitingMiliSecond	16	static
../Core/Src/main.c:390:5:CalculateTimer3Period	24	static
../Core/Src/main.c:405:6:CheckGoingToRefPosition	16	static
../Core/Src/main.c:509:6:InitGoingToStartingPosition	8	static
../Core/Src/main.c:578:6:InitializeSimulating	24	static
../Core/Src/main.c:622:6:InitializeRunning	16	static
../Core/Src/main.c:666:6:PullingExperiment	24	static
../Core/Src/main.c:767:6:SimulatePullAndDrop	24	static
../Core/Src/main.c:939:6:PullAndDrop	32	static
../Core/Src/main.c:1132:6:Dropping	24	static
../Core/Src/main.c:1278:6:StopSimulating	8	static
../Core/Src/main.c:1298:6:StopExperiment	8	static
../Core/Src/main.c:1317:6:CalculateRunningSpec	16	static
../Core/Src/main.c:1331:6:InitParams	16	static
../Core/Src/main.c:1362:6:ProcessReceivedCommand	256	static
../Core/Src/main.c:2052:6:HAL_UART_RxCpltCallback	16	static
../Core/Src/main.c:2144:6:HAL_TIM_PeriodElapsedCallback	16	static
../Core/Src/main.c:2242:5:main	72	static
../Core/Src/main.c:2637:6:SystemClock_Config	88	static
../Core/Src/main.c:2680:13:MX_NVIC_Init	8	static
../Core/Src/main.c:2704:13:MX_TIM2_Init	48	static
../Core/Src/main.c:2766:13:MX_TIM3_Init	32	static
../Core/Src/main.c:2811:13:MX_UART5_Init	8	static
../Core/Src/main.c:2844:13:MX_USART3_UART_Init	8	static
../Core/Src/main.c:2877:13:MX_USART6_UART_Init	8	static
../Core/Src/main.c:2910:13:MX_GPIO_Init	56	static
../Core/Src/main.c:3071:6:Error_Handler	4	static
