../Core/Src/main.c:226:6:ExtractMotionCode	24	static
../Core/Src/main.c:253:6:ReadMultiRegister	32	static
../Core/Src/main.c:298:6:LoadSavedParam	136	static
../Core/Src/main.c:315:6:SaveSystemParams	360	static
../Core/Src/main.c:328:6:LinearGeneration	32	static
../Core/Src/main.c:354:6:StopPulseGenerating	8	static
../Core/Src/main.c:362:6:InitPulseGenerating	8	static
../Core/Src/main.c:368:6:WaitingMiliSecond	16	static
../Core/Src/main.c:379:5:CalculateTimer3Period	24	static
../Core/Src/main.c:394:6:CheckGoingToRefPosition	16	static
../Core/Src/main.c:504:6:InitGoingToStartingPosition	8	static
../Core/Src/main.c:571:6:InitializeSimulating	24	static
../Core/Src/main.c:643:6:InitializeRunning	16	static
../Core/Src/main.c:705:6:PullingExperiment	32	static
../Core/Src/main.c:935:6:SimulatePulling	24	static
../Core/Src/main.c:1143:6:SimulateDropping	24	static
../Core/Src/main.c:1274:6:SimulatePullAndDrop	8	static
../Core/Src/main.c:1287:6:Dropping	24	static
../Core/Src/main.c:1420:6:PullAndDrop	8	static
../Core/Src/main.c:1434:6:StopSimulating	8	static
../Core/Src/main.c:1460:6:StopExperiment	8	static
../Core/Src/main.c:1485:6:CalculateRunningSpec	8	static
../Core/Src/main.c:1489:6:InitParams	16	static
../Core/Src/main.c:1528:6:ProcessReceivedCommand	376	static
../Core/Src/main.c:2216:6:HAL_UART_RxCpltCallback	16	static
../Core/Src/main.c:2267:6:HAL_TIM_PeriodElapsedCallback	16	static
../Core/Src/main.c:2365:5:main	80	static
../Core/Src/main.c:2785:6:SystemClock_Config	88	static
../Core/Src/main.c:2830:13:MX_NVIC_Init	8	static
../Core/Src/main.c:2848:13:MX_TIM2_Init	48	static
../Core/Src/main.c:2910:13:MX_TIM3_Init	32	static
../Core/Src/main.c:2955:13:MX_UART5_Init	8	static
../Core/Src/main.c:2988:13:MX_USART6_UART_Init	8	static
../Core/Src/main.c:3021:13:MX_GPIO_Init	56	static
../Core/Src/main.c:3190:6:Error_Handler	4	static
