../Core/Src/main.c:237:6:ExtractMotionCode	24	static
../Core/Src/main.c:264:6:ReadMultiRegister	32	static
../Core/Src/main.c:302:6:WriteFloatData	48	static
../Core/Src/main.c:350:6:LoadSavedParam	136	static
../Core/Src/main.c:367:6:SaveSystemParams	360	static
../Core/Src/main.c:380:6:LinearGeneration	32	static
../Core/Src/main.c:406:6:StopPulseGenerating	8	static
../Core/Src/main.c:414:6:InitPulseGenerating	8	static
../Core/Src/main.c:420:6:WaitingMiliSecond	16	static
../Core/Src/main.c:431:5:CalculateTimer3Period	24	static
../Core/Src/main.c:446:6:CheckGoingToRefPosition	16	static
../Core/Src/main.c:559:6:InitGoingToStartingPosition	8	static
../Core/Src/main.c:620:6:InitializeSimulating	24	static
../Core/Src/main.c:702:6:InitializeRunning	16	static
../Core/Src/main.c:790:6:PullingExperiment	24	static
../Core/Src/main.c:989:6:SimulatePulling	24	static
../Core/Src/main.c:1163:6:SimulateDropping	24	static
../Core/Src/main.c:1281:6:SimulatePullAndDrop	8	static
../Core/Src/main.c:1294:6:Dropping	24	static
../Core/Src/main.c:1410:6:PullAndDrop	8	static
../Core/Src/main.c:1424:6:StopSimulating	8	static
../Core/Src/main.c:1450:6:StopExperiment	8	static
../Core/Src/main.c:1478:6:CalculateRunningSpec	8	static
../Core/Src/main.c:1483:6:DoSpeedTesting	24	static
../Core/Src/main.c:1519:6:InitParams	16	static
../Core/Src/main.c:1558:6:ProcessReceivedCommand	288	static
../Core/Src/main.c:2270:6:HAL_UART_RxCpltCallback	16	static
../Core/Src/main.c:2321:6:HAL_TIM_PeriodElapsedCallback	16	static
../Core/Src/main.c:2439:5:main	80	static
../Core/Src/main.c:2841:6:SystemClock_Config	88	static
../Core/Src/main.c:2886:13:MX_NVIC_Init	8	static
../Core/Src/main.c:2904:13:MX_TIM2_Init	48	static
../Core/Src/main.c:2966:13:MX_TIM3_Init	32	static
../Core/Src/main.c:3011:13:MX_UART5_Init	8	static
../Core/Src/main.c:3044:13:MX_USART6_UART_Init	8	static
../Core/Src/main.c:3077:13:MX_GPIO_Init	56	static
../Core/Src/main.c:3246:6:Error_Handler	4	static
