../Core/Src/main.c:225:6:ExtractMotionCode	24	static
../Core/Src/main.c:252:6:ReadMultiRegister	32	static
../Core/Src/main.c:297:6:LoadSavedParam	136	static
../Core/Src/main.c:314:6:SaveSystemParams	344	static
../Core/Src/main.c:327:6:LinearGeneration	32	static
../Core/Src/main.c:353:6:StopPulseGenerating	8	static
../Core/Src/main.c:361:6:InitPulseGenerating	8	static
../Core/Src/main.c:367:6:WaitingMiliSecond	16	static
../Core/Src/main.c:378:5:CalculateTimer3Period	24	static
../Core/Src/main.c:393:6:CheckGoingToRefPosition	16	static
../Core/Src/main.c:503:6:InitGoingToStartingPosition	8	static
../Core/Src/main.c:570:6:InitializeSimulating	24	static
../Core/Src/main.c:642:6:InitializeRunning	16	static
../Core/Src/main.c:690:6:PullingExperiment	32	static
../Core/Src/main.c:893:6:SimulatePulling	24	static
../Core/Src/main.c:1065:6:SimulateDropping	24	static
../Core/Src/main.c:1196:6:SimulatePullAndDrop	8	static
../Core/Src/main.c:1209:6:Dropping	24	static
../Core/Src/main.c:1342:6:PullAndDrop	8	static
../Core/Src/main.c:1356:6:StopSimulating	8	static
../Core/Src/main.c:1382:6:StopExperiment	8	static
../Core/Src/main.c:1407:6:CalculateRunningSpec	8	static
../Core/Src/main.c:1411:6:InitParams	16	static
../Core/Src/main.c:1449:6:ProcessReceivedCommand	360	static
../Core/Src/main.c:2121:6:HAL_UART_RxCpltCallback	16	static
../Core/Src/main.c:2172:6:HAL_TIM_PeriodElapsedCallback	16	static
../Core/Src/main.c:2270:5:main	72	static
../Core/Src/main.c:2690:6:SystemClock_Config	88	static
../Core/Src/main.c:2735:13:MX_NVIC_Init	8	static
../Core/Src/main.c:2753:13:MX_TIM2_Init	48	static
../Core/Src/main.c:2815:13:MX_TIM3_Init	32	static
../Core/Src/main.c:2860:13:MX_UART5_Init	8	static
../Core/Src/main.c:2893:13:MX_USART6_UART_Init	8	static
../Core/Src/main.c:2926:13:MX_GPIO_Init	56	static
../Core/Src/main.c:3095:6:Error_Handler	4	static
