../Core/Src/main.c:287:6:ExtractMotionCode	24	static
../Core/Src/main.c:406:6:ReadMultiRegister	40	static
../Core/Src/main.c:453:6:LoadSavedParam	136	static
../Core/Src/main.c:470:6:SaveSystemParams	264	static
../Core/Src/main.c:482:6:LinearGeneration	32	static
../Core/Src/main.c:508:6:StopPulseGenerating	8	static
../Core/Src/main.c:515:6:StartPulseGenerating	8	static
../Core/Src/main.c:522:6:WaitingMiliSecond	16	static
../Core/Src/main.c:533:5:CalculateTimer3Period	24	static
../Core/Src/main.c:548:6:CheckGoingToRefPosition	16	static
../Core/Src/main.c:658:6:InitGoingToStartingPosition	8	static
../Core/Src/main.c:733:6:InitializeSimulating	16	static
../Core/Src/main.c:773:6:InitializeRunning	16	static
../Core/Src/main.c:814:6:PullingExperiment	24	static
../Core/Src/main.c:972:6:SimulatePullAndDrop	32	static
../Core/Src/main.c:1210:6:PullAndDrop	32	static
../Core/Src/main.c:1501:6:Dropping	24	static
../Core/Src/main.c:1662:6:StopExperiment	8	static
../Core/Src/main.c:1680:6:CalculateRunningSpec	16	static
../Core/Src/main.c:1714:6:InitParams	16	static
../Core/Src/main.c:1744:6:ProcessReceivedCommand	256	static
../Core/Src/main.c:2447:6:HAL_UART_RxCpltCallback	16	static
../Core/Src/main.c:2539:6:HAL_TIM_PeriodElapsedCallback	16	static
../Core/Src/main.c:2634:5:main	80	static
../Core/Src/main.c:3019:6:SystemClock_Config	88	static
../Core/Src/main.c:3062:13:MX_NVIC_Init	8	static
../Core/Src/main.c:3086:13:MX_TIM2_Init	48	static
../Core/Src/main.c:3148:13:MX_TIM3_Init	32	static
../Core/Src/main.c:3193:13:MX_UART5_Init	8	static
../Core/Src/main.c:3226:13:MX_USART3_UART_Init	8	static
../Core/Src/main.c:3259:13:MX_USART6_UART_Init	8	static
../Core/Src/main.c:3292:13:MX_GPIO_Init	56	static
../Core/Src/main.c:3453:6:Error_Handler	4	static
