../Core/Src/main.c:288:6:ExtractMotionCode	24	static
../Core/Src/main.c:407:6:ReadMultiRegister	40	static
../Core/Src/main.c:454:6:LoadSavedParam	136	static
../Core/Src/main.c:471:6:SaveSystemParams	264	static
../Core/Src/main.c:483:6:LinearGeneration	32	static
../Core/Src/main.c:509:6:StopPulseGenerating	8	static
../Core/Src/main.c:516:6:StartPulseGenerating	8	static
../Core/Src/main.c:523:6:WaitingMiliSecond	16	static
../Core/Src/main.c:534:5:CalculateTimer3Period	24	static
../Core/Src/main.c:549:6:CheckGoingToRefPosition	16	static
../Core/Src/main.c:659:6:InitGoingToStartingPosition	8	static
../Core/Src/main.c:734:6:InitializeSimulating	16	static
../Core/Src/main.c:774:6:InitializeRunning	16	static
../Core/Src/main.c:815:6:PullingExperiment	24	static
../Core/Src/main.c:973:6:SimulatePullAndDrop	32	static
../Core/Src/main.c:1205:6:PullAndDrop	32	static
../Core/Src/main.c:1496:6:Dropping	24	static
../Core/Src/main.c:1657:6:StopExperiment	8	static
../Core/Src/main.c:1675:6:CalculateRunningSpec	24	static
../Core/Src/main.c:1709:6:InitParams	16	static
../Core/Src/main.c:1739:6:ProcessReceivedCommand	256	static
../Core/Src/main.c:2428:6:HAL_UART_RxCpltCallback	16	static
../Core/Src/main.c:2520:6:HAL_TIM_PeriodElapsedCallback	16	static
../Core/Src/main.c:2615:5:main	96	static
../Core/Src/main.c:3060:6:SystemClock_Config	88	static
../Core/Src/main.c:3103:13:MX_NVIC_Init	8	static
../Core/Src/main.c:3127:13:MX_TIM2_Init	48	static
../Core/Src/main.c:3189:13:MX_TIM3_Init	32	static
../Core/Src/main.c:3234:13:MX_UART5_Init	8	static
../Core/Src/main.c:3267:13:MX_USART3_UART_Init	8	static
../Core/Src/main.c:3300:13:MX_USART6_UART_Init	8	static
../Core/Src/main.c:3333:13:MX_GPIO_Init	56	static
../Core/Src/main.c:3494:6:Error_Handler	4	static
