../Core/Src/main.c:230:6:ExtractMotionCode	24	static
../Core/Src/main.c:257:6:ReadMultiRegister	32	static
../Core/Src/main.c:302:6:LoadSavedParam	136	static
../Core/Src/main.c:319:6:SaveSystemParams	360	static
../Core/Src/main.c:332:6:LinearGeneration	32	static
../Core/Src/main.c:358:6:StopPulseGenerating	8	static
../Core/Src/main.c:366:6:InitPulseGenerating	8	static
../Core/Src/main.c:372:6:WaitingMiliSecond	16	static
../Core/Src/main.c:383:5:CalculateTimer3Period	24	static
../Core/Src/main.c:398:6:CheckGoingToRefPosition	16	static
../Core/Src/main.c:508:6:InitGoingToStartingPosition	8	static
../Core/Src/main.c:575:6:InitializeSimulating	24	static
../Core/Src/main.c:657:6:InitializeRunning	16	static
../Core/Src/main.c:718:6:PullingExperiment	24	static
../Core/Src/main.c:929:6:SimulatePulling	24	static
../Core/Src/main.c:1117:6:SimulateDropping	24	static
../Core/Src/main.c:1235:6:SimulatePullAndDrop	8	static
../Core/Src/main.c:1248:6:Dropping	24	static
../Core/Src/main.c:1369:6:PullAndDrop	8	static
../Core/Src/main.c:1383:6:StopSimulating	8	static
../Core/Src/main.c:1409:6:StopExperiment	8	static
../Core/Src/main.c:1436:6:CalculateRunningSpec	8	static
../Core/Src/main.c:1440:6:InitParams	16	static
../Core/Src/main.c:1479:6:ProcessReceivedCommand	288	static
../Core/Src/main.c:2170:6:HAL_UART_RxCpltCallback	16	static
../Core/Src/main.c:2221:6:HAL_TIM_PeriodElapsedCallback	16	static
../Core/Src/main.c:2384:5:main	80	static
../Core/Src/main.c:2796:6:SystemClock_Config	88	static
../Core/Src/main.c:2841:13:MX_NVIC_Init	8	static
../Core/Src/main.c:2859:13:MX_TIM2_Init	48	static
../Core/Src/main.c:2921:13:MX_TIM3_Init	32	static
../Core/Src/main.c:2966:13:MX_UART5_Init	8	static
../Core/Src/main.c:2999:13:MX_USART6_UART_Init	8	static
../Core/Src/main.c:3032:13:MX_GPIO_Init	56	static
../Core/Src/main.c:3201:6:Error_Handler	4	static
