../Core/Src/main.c:240:7:PIDCalculate	56	static
../Core/Src/main.c:264:6:ResetPIDController	4	static
../Core/Src/main.c:271:6:ExtractMotionCode	24	static
../Core/Src/main.c:390:6:ReadMultiRegister	40	static
../Core/Src/main.c:437:6:LoadSavedParam	136	static
../Core/Src/main.c:454:6:SaveSystemParams	264	static
../Core/Src/main.c:466:6:LinearGeneration	32	static
../Core/Src/main.c:492:6:StopPulseGenerating	8	static
../Core/Src/main.c:499:6:StartPulseGenerating	8	static
../Core/Src/main.c:506:6:WaitingMiliSecond	16	static
../Core/Src/main.c:517:5:CalculateTimer3Period	24	static
../Core/Src/main.c:531:6:CheckGoingToRefPosition	16	static
../Core/Src/main.c:641:6:InitGoingToStartingPosition	8	static
../Core/Src/main.c:717:6:InitializeRunning	16	static
../Core/Src/main.c:753:6:PullingExperiment	24	static
../Core/Src/main.c:884:6:PullAndDrop	24	static
../Core/Src/main.c:1145:6:Dropping	24	static
../Core/Src/main.c:1310:6:StopExperiment	8	static
../Core/Src/main.c:1322:6:CalculateRunningSpec	24	static
../Core/Src/main.c:1342:6:InitParams	16	static
../Core/Src/main.c:1372:6:ProcessReceivedCommand	480	static
../Core/Src/main.c:2033:6:HAL_UART_RxCpltCallback	16	static
../Core/Src/main.c:2125:6:HAL_TIM_PeriodElapsedCallback	16	static
../Core/Src/main.c:2239:5:main	96	static
../Core/Src/main.c:2651:6:SystemClock_Config	88	static
../Core/Src/main.c:2694:13:MX_NVIC_Init	8	static
../Core/Src/main.c:2718:13:MX_TIM2_Init	48	static
../Core/Src/main.c:2780:13:MX_TIM3_Init	32	static
../Core/Src/main.c:2825:13:MX_UART5_Init	8	static
../Core/Src/main.c:2858:13:MX_USART3_UART_Init	8	static
../Core/Src/main.c:2891:13:MX_USART6_UART_Init	8	static
../Core/Src/main.c:2924:13:MX_GPIO_Init	56	static
../Core/Src/main.c:3085:6:Error_Handler	4	static
