../Core/Src/main.c:247:7:PIDCalculate	56	static
../Core/Src/main.c:271:6:ResetPIDController	4	static
../Core/Src/main.c:278:6:ExtractMotionCode	24	static
../Core/Src/main.c:397:6:ReadMultiRegister	40	static
../Core/Src/main.c:444:6:LoadSavedParam	136	static
../Core/Src/main.c:461:6:SaveSystemParams	264	static
../Core/Src/main.c:473:6:LinearGeneration	32	static
../Core/Src/main.c:499:6:StopPulseGenerating	8	static
../Core/Src/main.c:506:6:StartPulseGenerating	8	static
../Core/Src/main.c:513:6:WaitingMiliSecond	16	static
../Core/Src/main.c:524:5:CalculateTimer3Period	24	static
../Core/Src/main.c:538:6:CheckGoingToRefPosition	16	static
../Core/Src/main.c:648:6:InitGoingToStartingPosition	8	static
../Core/Src/main.c:724:6:InitializeRunning	16	static
../Core/Src/main.c:760:6:PullingExperiment	24	static
../Core/Src/main.c:891:6:PullAndDrop	40	static
../Core/Src/main.c:1198:6:Dropping	24	static
../Core/Src/main.c:1364:6:StopExperiment	8	static
../Core/Src/main.c:1376:6:CalculateRunningSpec	24	static
../Core/Src/main.c:1401:6:InitParams	16	static
../Core/Src/main.c:1432:6:ProcessReceivedCommand	480	static
../Core/Src/main.c:2093:6:HAL_UART_RxCpltCallback	16	static
../Core/Src/main.c:2184:6:HAL_TIM_PeriodElapsedCallback	16	static
../Core/Src/main.c:2275:5:main	96	static
../Core/Src/main.c:2687:6:SystemClock_Config	88	static
../Core/Src/main.c:2730:13:MX_NVIC_Init	8	static
../Core/Src/main.c:2754:13:MX_TIM2_Init	48	static
../Core/Src/main.c:2816:13:MX_TIM3_Init	32	static
../Core/Src/main.c:2861:13:MX_UART5_Init	8	static
../Core/Src/main.c:2894:13:MX_USART3_UART_Init	8	static
../Core/Src/main.c:2927:13:MX_USART6_UART_Init	8	static
../Core/Src/main.c:2960:13:MX_GPIO_Init	56	static
../Core/Src/main.c:3121:6:Error_Handler	4	static
