../Core/Src/main.c:252:7:PIDCalculate	56	static
../Core/Src/main.c:276:6:ResetPIDController	4	static
../Core/Src/main.c:283:6:ExtractMotionCode	24	static
../Core/Src/main.c:402:6:ReadMultiRegister	40	static
../Core/Src/main.c:449:6:LoadSavedParam	136	static
../Core/Src/main.c:466:6:SaveSystemParams	264	static
../Core/Src/main.c:478:6:LinearGeneration	32	static
../Core/Src/main.c:504:6:StopPulseGenerating	8	static
../Core/Src/main.c:511:6:StartPulseGenerating	8	static
../Core/Src/main.c:518:6:WaitingMiliSecond	16	static
../Core/Src/main.c:529:5:CalculateTimer3Period	24	static
../Core/Src/main.c:544:6:CheckGoingToRefPosition	16	static
../Core/Src/main.c:654:6:InitGoingToStartingPosition	8	static
../Core/Src/main.c:730:6:InitializeRunning	16	static
../Core/Src/main.c:771:6:PullingExperiment	24	static
../Core/Src/main.c:932:6:PullAndDrop	24	static
../Core/Src/main.c:1284:6:Dropping	24	static
../Core/Src/main.c:1447:6:StopExperiment	8	static
../Core/Src/main.c:1466:6:CalculateRunningSpec	24	static
../Core/Src/main.c:1499:6:InitParams	16	static
../Core/Src/main.c:1530:6:ProcessReceivedCommand	480	static
../Core/Src/main.c:2191:6:HAL_UART_RxCpltCallback	16	static
../Core/Src/main.c:2282:6:HAL_TIM_PeriodElapsedCallback	16	static
../Core/Src/main.c:2387:5:main	96	static
../Core/Src/main.c:2799:6:SystemClock_Config	88	static
../Core/Src/main.c:2842:13:MX_NVIC_Init	8	static
../Core/Src/main.c:2866:13:MX_TIM2_Init	48	static
../Core/Src/main.c:2928:13:MX_TIM3_Init	32	static
../Core/Src/main.c:2973:13:MX_UART5_Init	8	static
../Core/Src/main.c:3006:13:MX_USART3_UART_Init	8	static
../Core/Src/main.c:3039:13:MX_USART6_UART_Init	8	static
../Core/Src/main.c:3072:13:MX_GPIO_Init	56	static
../Core/Src/main.c:3233:6:Error_Handler	4	static
