../Core/Src/main.c:248:7:PIDCalculate	56	static
../Core/Src/main.c:272:6:ResetPIDController	4	static
../Core/Src/main.c:279:6:ExtractMotionCode	24	static
../Core/Src/main.c:398:6:ReadMultiRegister	40	static
../Core/Src/main.c:445:6:LoadSavedParam	136	static
../Core/Src/main.c:462:6:SaveSystemParams	264	static
../Core/Src/main.c:474:6:LinearGeneration	32	static
../Core/Src/main.c:500:6:StopPulseGenerating	8	static
../Core/Src/main.c:507:6:StartPulseGenerating	16	static
../Core/Src/main.c:523:6:WaitingMiliSecond	16	static
../Core/Src/main.c:548:5:CalculateDeltaPulse	24	static
../Core/Src/main.c:555:6:CheckGoingToRefPosition	16	static
../Core/Src/main.c:671:6:InitGoingToStartingPosition	8	static
../Core/Src/main.c:745:6:InitializeRunning	16	static
../Core/Src/main.c:781:6:PullingExperiment	24	static
../Core/Src/main.c:908:6:PullAndDrop	40	static
../Core/Src/main.c:1204:6:Dropping	24	static
../Core/Src/main.c:1366:6:StopExperiment	8	static
../Core/Src/main.c:1378:6:CalculateRunningSpec	24	static
../Core/Src/main.c:1403:6:InitParams	16	static
../Core/Src/main.c:1434:6:ProcessReceivedCommand	480	static
../Core/Src/main.c:2091:6:HAL_UART_RxCpltCallback	16	static
../Core/Src/main.c:2162:6:HAL_TIM_PeriodElapsedCallback	16	static
../Core/Src/main.c:2225:5:main	96	static
../Core/Src/main.c:2642:6:SystemClock_Config	88	static
../Core/Src/main.c:2685:13:MX_NVIC_Init	8	static
../Core/Src/main.c:2709:13:MX_TIM2_Init	48	static
../Core/Src/main.c:2771:13:MX_TIM3_Init	32	static
../Core/Src/main.c:2816:13:MX_UART5_Init	8	static
../Core/Src/main.c:2849:13:MX_USART3_UART_Init	8	static
../Core/Src/main.c:2882:13:MX_USART6_UART_Init	8	static
../Core/Src/main.c:2915:13:MX_GPIO_Init	56	static
../Core/Src/main.c:3076:6:Error_Handler	4	static
