Component: ARM Compiler 5.06 update 7 (build 960) Tool: armlink [4d3601]

==============================================================================

Section Cross References

    startup_stm32f407xx.o(STACK) refers (Special) to heapauxi.o(.text) for __use_two_region_memory
    startup_stm32f407xx.o(HEAP) refers (Special) to heapauxi.o(.text) for __use_two_region_memory
    startup_stm32f407xx.o(RESET) refers (Special) to heapauxi.o(.text) for __use_two_region_memory
    startup_stm32f407xx.o(RESET) refers to startup_stm32f407xx.o(STACK) for __initial_sp
    startup_stm32f407xx.o(RESET) refers to startup_stm32f407xx.o(.text) for Reset_Handler
    startup_stm32f407xx.o(RESET) refers to stm32f4xx_it.o(i.NMI_Handler) for NMI_Handler
    startup_stm32f407xx.o(RESET) refers to stm32f4xx_it.o(i.HardFault_Handler) for HardFault_Handler
    startup_stm32f407xx.o(RESET) refers to stm32f4xx_it.o(i.MemManage_Handler) for MemManage_Handler
    startup_stm32f407xx.o(RESET) refers to stm32f4xx_it.o(i.BusFault_Handler) for BusFault_Handler
    startup_stm32f407xx.o(RESET) refers to stm32f4xx_it.o(i.UsageFault_Handler) for UsageFault_Handler
    startup_stm32f407xx.o(RESET) refers to stm32f4xx_it.o(i.SVC_Handler) for SVC_Handler
    startup_stm32f407xx.o(RESET) refers to stm32f4xx_it.o(i.DebugMon_Handler) for DebugMon_Handler
    startup_stm32f407xx.o(RESET) refers to stm32f4xx_it.o(i.PendSV_Handler) for PendSV_Handler
    startup_stm32f407xx.o(RESET) refers to stm32f4xx_it.o(i.SysTick_Handler) for SysTick_Handler
    startup_stm32f407xx.o(RESET) refers to stm32f4xx_it.o(i.TIM2_IRQHandler) for TIM2_IRQHandler
    startup_stm32f407xx.o(RESET) refers to stm32f4xx_it.o(i.UART5_IRQHandler) for UART5_IRQHandler
    startup_stm32f407xx.o(RESET) refers to stm32f4xx_it.o(i.USART6_IRQHandler) for USART6_IRQHandler
    startup_stm32f407xx.o(.text) refers (Special) to heapauxi.o(.text) for __use_two_region_memory
    startup_stm32f407xx.o(.text) refers to system_stm32f4xx.o(i.SystemInit) for SystemInit
    startup_stm32f407xx.o(.text) refers to __main.o(!!!main) for __main
    startup_stm32f407xx.o(.text) refers to startup_stm32f407xx.o(HEAP) for Heap_Mem
    startup_stm32f407xx.o(.text) refers to startup_stm32f407xx.o(STACK) for Stack_Mem
    main.o(i.AlarmReset) refers to stm32f4xx_hal_gpio.o(i.HAL_GPIO_WritePin) for HAL_GPIO_WritePin
    main.o(i.AlarmReset) refers to stm32f4xx_hal.o(i.HAL_Delay) for HAL_Delay
    main.o(i.Braking) refers to main.o(i.Stop) for Stop
    main.o(i.Braking) refers to stm32f4xx_hal_gpio.o(i.HAL_GPIO_ReadPin) for HAL_GPIO_ReadPin
    main.o(i.Braking) refers to main.o(i.WriteFloatData) for WriteFloatData
    main.o(i.Braking) refers to stm32f4xx_hal_gpio.o(i.HAL_GPIO_WritePin) for HAL_GPIO_WritePin
    main.o(i.Braking) refers to main.o(.data) for .data
    main.o(i.Dropping) refers to stm32f4xx_hal_gpio.o(i.HAL_GPIO_WritePin) for HAL_GPIO_WritePin
    main.o(i.Dropping) refers to main.o(i.Stop) for Stop
    main.o(i.Dropping) refers to main.o(.data) for .data
    main.o(i.Estop) refers to stm32f4xx_hal_gpio.o(i.HAL_GPIO_WritePin) for HAL_GPIO_WritePin
    main.o(i.ExtractMotionCode) refers to rt_memclr_w.o(.text) for __aeabi_memclr4
    main.o(i.ExtractMotionCode) refers to rt_memclr.o(.text) for __aeabi_memclr
    main.o(i.ExtractMotionCode) refers to strtok.o(.text) for strtok
    main.o(i.ExtractMotionCode) refers to atof.o(i.__hardfp_atof) for __hardfp_atof
    main.o(i.ExtractMotionCode) refers to d2f.o(x$fpl$d2f) for __aeabi_d2f
    main.o(i.ExtractMotionCode) refers to main.o(.bss) for .bss
    main.o(i.FeedForwardSpeedCmd) refers to __2sprintf.o(.text) for __2sprintf
    main.o(i.FeedForwardSpeedCmd) refers to stm32f4xx_hal_uart.o(i.HAL_UART_Transmit) for HAL_UART_Transmit
    main.o(i.FeedForwardSpeedCmd) refers to main.o(.data) for .data
    main.o(i.FeedForwardSpeedCmd) refers to main.o(.bss) for .bss
    main.o(i.HAL_TIM_PeriodElapsedCallback) refers to main.o(i.Stop) for Stop
    main.o(i.HAL_TIM_PeriodElapsedCallback) refers to main.o(.data) for .data
    main.o(i.HAL_UART_RxCpltCallback) refers to _printf_percent.o(.ARM.Collect$$_printf_percent$$00000000) for _printf_percent
    main.o(i.HAL_UART_RxCpltCallback) refers to _printf_d.o(.ARM.Collect$$_printf_percent$$00000009) for _printf_d
    main.o(i.HAL_UART_RxCpltCallback) refers to _printf_f.o(.ARM.Collect$$_printf_percent$$00000003) for _printf_f
    main.o(i.HAL_UART_RxCpltCallback) refers to _printf_dec.o(.text) for _printf_int_dec
    main.o(i.HAL_UART_RxCpltCallback) refers to printf1.o(x$fpl$printf1) for _printf_fp_dec
    main.o(i.HAL_UART_RxCpltCallback) refers to main.o(i.ExtractMotionCode) for ExtractMotionCode
    main.o(i.HAL_UART_RxCpltCallback) refers to stm32f4xx_hal_uart.o(i.HAL_UART_Receive_IT) for HAL_UART_Receive_IT
    main.o(i.HAL_UART_RxCpltCallback) refers to f2d.o(x$fpl$f2d) for __aeabi_f2d
    main.o(i.HAL_UART_RxCpltCallback) refers to __2sprintf.o(.text) for __2sprintf
[...]
    $v0                                      0x08005278   Number         0  dcheck1.o(x$fpl$dcheck1)
    x$fpl$dcmpinf                            0x08005288   Section       24  dcmpi.o(x$fpl$dcmpinf)
    $v0                                      0x08005288   Number         0  dcmpi.o(x$fpl$dcmpinf)
    x$fpl$deqf                               0x080052a0   Section      120  deqf.o(x$fpl$deqf)
    $v0                                      0x080052a0   Number         0  deqf.o(x$fpl$deqf)
    x$fpl$dleqf                              0x08005318   Section      120  dleqf.o(x$fpl$dleqf)
    $v0                                      0x08005318   Number         0  dleqf.o(x$fpl$dleqf)
    x$fpl$dmul                               0x08005390   Section      340  dmul.o(x$fpl$dmul)
    $v0                                      0x08005390   Number         0  dmul.o(x$fpl$dmul)
    x$fpl$dnaninf                            0x080054e4   Section      156  dnaninf.o(x$fpl$dnaninf)
    $v0                                      0x080054e4   Number         0  dnaninf.o(x$fpl$dnaninf)
    x$fpl$dretinf                            0x08005580   Section       12  dretinf.o(x$fpl$dretinf)
    $v0                                      0x08005580   Number         0  dretinf.o(x$fpl$dretinf)
    x$fpl$drleqf                             0x0800558c   Section      108  drleqf.o(x$fpl$drleqf)
    $v0                                      0x0800558c   Number         0  drleqf.o(x$fpl$drleqf)
    x$fpl$f2d                                0x080055f8   Section       86  f2d.o(x$fpl$f2d)
    $v0                                      0x080055f8   Number         0  f2d.o(x$fpl$f2d)
    x$fpl$fnaninf                            0x0800564e   Section      140  fnaninf.o(x$fpl$fnaninf)
    $v0                                      0x0800564e   Number         0  fnaninf.o(x$fpl$fnaninf)
    x$fpl$fpinit                             0x080056da   Section       10  fpinit.o(x$fpl$fpinit)
    $v0                                      0x080056da   Number         0  fpinit.o(x$fpl$fpinit)
    x$fpl$fretinf                            0x080056e4   Section       10  fretinf.o(x$fpl$fretinf)
    $v0                                      0x080056e4   Number         0  fretinf.o(x$fpl$fretinf)
    x$fpl$frnd                               0x080056f0   Section       96  frnd.o(x$fpl$frnd)
    $v0                                      0x080056f0   Number         0  frnd.o(x$fpl$frnd)
    x$fpl$ieeestatus                         0x08005750   Section        6  istatus.o(x$fpl$ieeestatus)
    $v0                                      0x08005750   Number         0  istatus.o(x$fpl$ieeestatus)
    x$fpl$printf1                            0x08005756   Section        4  printf1.o(x$fpl$printf1)
    $v0                                      0x08005756   Number         0  printf1.o(x$fpl$printf1)
    x$fpl$retnan                             0x0800575a   Section      100  retnan.o(x$fpl$retnan)
    $v0                                      0x0800575a   Number         0  retnan.o(x$fpl$retnan)
    x$fpl$scalbn                             0x080057be   Section       92  scalbn.o(x$fpl$scalbn)
    $v0                                      0x080057be   Number         0  scalbn.o(x$fpl$scalbn)
    x$fpl$scanf1                             0x0800581a   Section        4  scanf1.o(x$fpl$scanf1)
    $v0                                      0x0800581a   Number         0  scanf1.o(x$fpl$scanf1)
    x$fpl$scanf2                             0x0800581e   Section        8  scanf2.o(x$fpl$scanf2)
    $v0                                      0x0800581e   Number         0  scanf2.o(x$fpl$scanf2)
    x$fpl$trapveneer                         0x08005826   Section       48  trapv.o(x$fpl$trapveneer)
    $v0                                      0x08005826   Number         0  trapv.o(x$fpl$trapveneer)
    .constdata                               0x08005856   Section       16  system_stm32f4xx.o(.constdata)
    x$fpl$usenofp                            0x08005856   Section        0  usenofp.o(x$fpl$usenofp)
    .constdata                               0x08005866   Section        8  system_stm32f4xx.o(.constdata)
    .constdata                               0x08005870   Section      148  bigflt0.o(.constdata)
    tenpwrs_x                                0x08005870   Data          60  bigflt0.o(.constdata)
    tenpwrs_i                                0x080058ac   Data          64  bigflt0.o(.constdata)
    c$$dinf                                  0x08005924   Section        8  fpconst.o(c$$dinf)
    c$$dmax                                  0x0800592c   Section        8  fpconst.o(c$$dmax)
    locale$$data                             0x08005934   Section       28  lc_numeric_c.o(locale$$data)
    __lcnum_c_name                           0x08005938   Data           2  lc_numeric_c.o(locale$$data)
    __lcnum_c_start                          0x08005940   Data           0  lc_numeric_c.o(locale$$data)
    __lcnum_c_point                          0x0800594c   Data           0  lc_numeric_c.o(locale$$data)
    __lcnum_c_thousands                      0x0800594e   Data           0  lc_numeric_c.o(locale$$data)
    __lcnum_c_grouping                       0x0800594f   Data           0  lc_numeric_c.o(locale$$data)
    locale$$data                             0x08005950   Section      272  lc_ctype_c.o(locale$$data)
    __lcnum_c_end                            0x08005950   Data           0  lc_numeric_c.o(locale$$data)
    __lcctype_c_name                         0x08005954   Data           2  lc_ctype_c.o(locale$$data)
    __lcctype_c_start                        0x0800595c   Data           0  lc_ctype_c.o(locale$$data)
    __lcctype_c_end                          0x08005a60   Data           0  lc_ctype_c.o(locale$$data)
    .data                                    0x20000000   Section       68  main.o(.data)
    .data                                    0x20000044   Section       12  stm32f4xx_hal.o(.data)
    .data                                    0x20000050   Section        4  system_stm32f4xx.o(.data)
    .data                                    0x20000054   Section        4  strtok.o(.data)
    _strtok_saves1                           0x20000054   Data           4  strtok.o(.data)
    .bss                                     0x20000058   Section      348  main.o(.bss)
    .bss                                     0x200001b4   Section       20  flash_sector_f4.o(.bss)
    EraseInitStruct                          0x200001b4   Data          20  flash_sector_f4.o(.bss)
    .bss                                     0x200001c8   Section       32  stm32f4xx_hal_flash.o(.bss)
    .bss                                     0x200001e8   Section       96  libspace.o(.bss)
    HEAP                                     0x20000248   Section      512  startup_stm32f407xx.o(HEAP)
    Heap_Mem                                 0x20000248   Data         512  startup_stm32f407xx.o(HEAP)
    STACK                                    0x20000448   Section     1024  startup_stm32f407xx.o(STACK)
    Stack_Mem                                0x20000448   Data        1024  startup_stm32f407xx.o(STACK)
    __initial_sp                             0x20000848   Data           0  startup_stm32f407xx.o(STACK)

    Global Symbols

    Symbol Name                              Value     Ov Type        Size  Object(Section)

    BuildAttributes$$THM_ISAv4$E$P$D$K$B$S$7EM$VFPi3$EXTD16$VFPS$VFMA$PE$A:L22UL41UL21$X:L11$S22US41US21$IEEE1$IW$USESV6$~STKCKD$USESV7$~SHL$OTIME$ROPI$IEEEX$EBA8$UX$STANDARDLIB$REQ8$PRES8$EABIv2 0x00000000   Number         0  anon$$obj.o ABSOLUTE
    __ARM_use_no_argv                        0x00000000   Number         0  main.o ABSOLUTE
    _printf_flags                            0x00000000   Number         0  printf_stubs.o ABSOLUTE
    _printf_return_value                     0x00000000   Number         0  printf_stubs.o ABSOLUTE
    _printf_sizespec                         0x00000000   Number         0  printf_stubs.o ABSOLUTE
    _printf_widthprec                        0x00000000   Number         0  printf_stubs.o ABSOLUTE
    __ARM_exceptions_init                     - Undefined Weak Reference
    __alloca_initialize                       - Undefined Weak Reference
    __arm_fini_                               - Undefined Weak Reference
    __arm_preinit_                            - Undefined Weak Reference
    __cpp_initialize__aeabi_                  - Undefined Weak Reference
    __cxa_finalize                            - Undefined Weak Reference
    __sigvec_lookup                           - Undefined Weak Reference
    _atexit_init                              - Undefined Weak Reference
    _call_atexit_fns                          - Undefined Weak Reference
    _clock_init                               - Undefined Weak Reference
    _fp_trap_init                             - Undefined Weak Reference
    _fp_trap_shutdown                         - Undefined Weak Reference
    _get_lc_collate                           - Undefined Weak Reference
    _get_lc_monetary                          - Undefined Weak Reference
    _get_lc_time                              - Undefined Weak Reference
    _getenv_init                              - Undefined Weak Reference
    _handle_redirection                       - Undefined Weak Reference
    _init_alloc                               - Undefined Weak Reference
    _init_user_alloc                          - Undefined Weak Reference
    _initio                                   - Undefined Weak Reference
    _printf_post_padding                      - Undefined Weak Reference
    _printf_pre_padding                       - Undefined Weak Reference
    _printf_truncate_signed                   - Undefined Weak Reference
    _printf_truncate_unsigned                 - Undefined Weak Reference
    _rand_init                                - Undefined Weak Reference
    _signal_finish                            - Undefined Weak Reference
    _signal_init                              - Undefined Weak Reference
    _terminate_alloc                          - Undefined Weak Reference
    _terminate_user_alloc                     - Undefined Weak Reference
    _terminateio                              - Undefined Weak Reference
    __Vectors_Size                           0x00000188   Number         0  startup_stm32f407xx.o ABSOLUTE
    __Vectors                                0x08000000   Data           4  startup_stm32f407xx.o(RESET)
    __Vectors_End                            0x08000188   Data           0  startup_stm32f407xx.o(RESET)
    __main                                   0x08000189   Thumb Code     8  __main.o(!!!main)
    __scatterload                            0x08000191   Thumb Code     0  __scatter.o(!!!scatter)
    __scatterload_rt2                        0x08000191   Thumb Code    44  __scatter.o(!!!scatter)
    __scatterload_rt2_thumb_only             0x08000191   Thumb Code     0  __scatter.o(!!!scatter)
    __scatterload_null                       0x0800019f   Thumb Code     0  __scatter.o(!!!scatter)
    __scatterload_copy                       0x080001c5   Thumb Code    26  __scatter_copy.o(!!handler_copy)
    __scatterload_zeroinit                   0x080001e1   Thumb Code    28  __scatter_zi.o(!!handler_zi)
    _printf_f                                0x080001fd   Thumb Code     0  _printf_f.o(.ARM.Collect$$_printf_percent$$00000003)
    _printf_percent                          0x080001fd   Thumb Code     0  _printf_percent.o(.ARM.Collect$$_printf_percent$$00000000)
    _printf_d                                0x08000203   Thumb Code     0  _printf_d.o(.ARM.Collect$$_printf_percent$$00000009)
    _printf_percent_end                      0x08000209   Thumb Code     0  _printf_percent_end.o(.ARM.Collect$$_printf_percent$$00000017)
    __rt_lib_init                            0x0800020d   Thumb Code     0  libinit.o(.ARM.Collect$$libinit$$00000000)
    __rt_lib_init_fp_1                       0x0800020f   Thumb Code     0  libinit2.o(.ARM.Collect$$libinit$$00000001)
    __rt_lib_init_heap_1                     0x08000213   Thumb Code     0  libinit2.o(.ARM.Collect$$libinit$$0000000A)
    __rt_lib_init_lc_common                  0x08000213   Thumb Code     0  libinit2.o(.ARM.Collect$$libinit$$0000000F)
    __rt_lib_init_preinit_1                  0x08000213   Thumb Code     0  libinit2.o(.ARM.Collect$$libinit$$00000004)
    __rt_lib_init_rand_1                     0x08000213   Thumb Code     0  libinit2.o(.ARM.Collect$$libinit$$0000000E)
    __rt_lib_init_user_alloc_1               0x08000213   Thumb Code     0  libinit2.o(.ARM.Collect$$libinit$$0000000C)
    __rt_lib_init_lc_collate_1               0x08000219   Thumb Code     0  libinit2.o(.ARM.Collect$$libinit$$00000011)
    __rt_lib_init_lc_ctype_2                 0x08000219   Thumb Code     0  libinit2.o(.ARM.Collect$$libinit$$00000012)
    __rt_lib_init_lc_ctype_1                 0x08000225   Thumb Code     0  libinit2.o(.ARM.Collect$$libinit$$00000013)
    __rt_lib_init_lc_monetary_1              0x08000225   Thumb Code     0  libinit2.o(.ARM.Collect$$libinit$$00000015)
    __rt_lib_init_lc_numeric_2               0x08000225   Thumb Code     0  libinit2.o(.ARM.Collect$$libinit$$00000016)
    __rt_lib_init_alloca_1                   0x0800022f   Thumb Code     0  libinit2.o(.ARM.Collect$$libinit$$0000002E)
    __rt_lib_init_argv_1                     0x0800022f   Thumb Code     0  libinit2.o(.ARM.Collect$$libinit$$0000002C)
    __rt_lib_init_atexit_1                   0x0800022f   Thumb Code     0  libinit2.o(.ARM.Collect$$libinit$$0000001B)
    __rt_lib_init_clock_1                    0x0800022f   Thumb Code     0  libinit2.o(.ARM.Collect$$libinit$$00000021)
    __rt_lib_init_cpp_1                      0x0800022f   Thumb Code     0  libinit2.o(.ARM.Collect$$libinit$$00000032)
    __rt_lib_init_exceptions_1               0x0800022f   Thumb Code     0  libinit2.o(.ARM.Collect$$libinit$$00000030)
    __rt_lib_init_fp_trap_1                  0x0800022f   Thumb Code     0  libinit2.o(.ARM.Collect$$libinit$$0000001F)
    __rt_lib_init_getenv_1                   0x0800022f   Thumb Code     0  libinit2.o(.ARM.Collect$$libinit$$00000023)
    __rt_lib_init_lc_numeric_1               0x0800022f   Thumb Code     0  libinit2.o(.ARM.Collect$$libinit$$00000017)
    __rt_lib_init_lc_time_1                  0x0800022f   Thumb Code     0  libinit2.o(.ARM.Collect$$libinit$$00000019)
    __rt_lib_init_return                     0x0800022f   Thumb Code     0  libinit2.o(.ARM.Collect$$libinit$$00000033)
    __rt_lib_init_signal_1                   0x0800022f   Thumb Code     0  libinit2.o(.ARM.Collect$$libinit$$0000001D)
    __rt_lib_init_stdio_1                    0x0800022f   Thumb Code     0  libinit2.o(.ARM.Collect$$libinit$$00000025)
    __rt_lib_shutdown                        0x08000231   Thumb Code     0  libshutdown.o(.ARM.Collect$$libshutdown$$00000000)
    __rt_lib_shutdown_cpp_1                  0x08000233   Thumb Code     0  libshutdown2.o(.ARM.Collect$$libshutdown$$00000004)
    __rt_lib_shutdown_fini_1                 0x08000233   Thumb Code     0  libshutdown2.o(.ARM.Collect$$libshutdown$$00000002)
    __rt_lib_shutdown_fp_trap_1              0x08000233   Thumb Code     0  libshutdown2.o(.ARM.Collect$$libshutdown$$00000009)
    __rt_lib_shutdown_heap_1                 0x08000233   Thumb Code     0  libshutdown2.o(.ARM.Collect$$libshutdown$$00000011)
    __rt_lib_shutdown_return                 0x08000233   Thumb Code     0  libshutdown2.o(.ARM.Collect$$libshutdown$$00000012)
    __rt_lib_shutdown_signal_1               0x08000233   Thumb Code     0  libshutdown2.o(.ARM.Collect$$libshutdown$$0000000C)
    __rt_lib_shutdown_stdio_1                0x08000233   Thumb Code     0  libshutdown2.o(.ARM.Collect$$libshutdown$$00000006)
    __rt_lib_shutdown_user_alloc_1           0x08000233   Thumb Code     0  libshutdown2.o(.ARM.Collect$$libshutdown$$0000000E)
    __rt_entry                               0x08000235   Thumb Code     0  __rtentry.o(.ARM.Collect$$rtentry$$00000000)
    __rt_entry_presh_1                       0x08000235   Thumb Code     0  __rtentry2.o(.ARM.Collect$$rtentry$$00000002)
    __rt_entry_sh                            0x08000235   Thumb Code     0  __rtentry4.o(.ARM.Collect$$rtentry$$00000004)
    __rt_entry_li                            0x0800023b   Thumb Code     0  __rtentry2.o(.ARM.Collect$$rtentry$$0000000A)
    __rt_entry_postsh_1                      0x0800023b   Thumb Code     0  __rtentry2.o(.ARM.Collect$$rtentry$$00000009)
    __rt_entry_main                          0x0800023f   Thumb Code     0  __rtentry2.o(.ARM.Collect$$rtentry$$0000000D)
    __rt_entry_postli_1                      0x0800023f   Thumb Code     0  __rtentry2.o(.ARM.Collect$$rtentry$$0000000C)
    __rt_exit                                0x08000247   Thumb Code     0  rtexit.o(.ARM.Collect$$rtexit$$00000000)
    __rt_exit_ls                             0x08000249   Thumb Code     0  rtexit2.o(.ARM.Collect$$rtexit$$00000003)
    __rt_exit_prels_1                        0x08000249   Thumb Code     0  rtexit2.o(.ARM.Collect$$rtexit$$00000002)
    __rt_exit_exit                           0x0800024d   Thumb Code     0  rtexit2.o(.ARM.Collect$$rtexit$$00000004)
    Reset_Handler                            0x08000255   Thumb Code     8  startup_stm32f407xx.o(.text)
    ADC_IRQHandler                           0x0800026f   Thumb Code     0  startup_stm32f407xx.o(.text)
    CAN1_RX0_IRQHandler                      0x0800026f   Thumb Code     0  startup_stm32f407xx.o(.text)
    CAN1_RX1_IRQHandler                      0x0800026f   Thumb Code     0  startup_stm32f407xx.o(.text)
    CAN1_SCE_IRQHandler                      0x0800026f   Thumb Code     0  startup_stm32f407xx.o(.text)
    CAN1_TX_IRQHandler                       0x0800026f   Thumb Code     0  startup_stm32f407xx.o(.text)
    CAN2_RX0_IRQHandler                      0x0800026f   Thumb Code     0  startup_stm32f407xx.o(.text)
    CAN2_RX1_IRQHandler                      0x0800026f   Thumb Code     0  startup_stm32f407xx.o(.text)
    CAN2_SCE_IRQHandler                      0x0800026f   Thumb Code     0  startup_stm32f407xx.o(.text)
    CAN2_TX_IRQHandler                       0x0800026f   Thumb Code     0  startup_stm32f407xx.o(.text)
    DCMI_IRQHandler                          0x0800026f   Thumb Code     0  startup_stm32f407xx.o(.text)
    DMA1_Stream0_IRQHandler                  0x0800026f   Thumb Code     0  startup_stm32f407xx.o(.text)
    DMA1_Stream1_IRQHandler                  0x0800026f   Thumb Code     0  startup_stm32f407xx.o(.text)
    DMA1_Stream2_IRQHandler                  0x0800026f   Thumb Code     0  startup_stm32f407xx.o(.text)
    DMA1_Stream3_IRQHandler                  0x0800026f   Thumb Code     0  startup_stm32f407xx.o(.text)
    DMA1_Stream4_IRQHandler                  0x0800026f   Thumb Code     0  startup_stm32f407xx.o(.text)
    DMA1_Stream5_IRQHandler                  0x0800026f   Thumb Code     0  startup_stm32f407xx.o(.text)
    DMA1_Stream6_IRQHandler                  0x0800026f   Thumb Code     0  startup_stm32f407xx.o(.text)
    DMA1_Stream7_IRQHandler                  0x0800026f   Thumb Code     0  startup_stm32f407xx.o(.text)
    DMA2_Stream0_IRQHandler                  0x0800026f   Thumb Code     0  startup_stm32f407xx.o(.text)
    DMA2_Stream1_IRQHandler                  0x0800026f   Thumb Code     0  startup_stm32f407xx.o(.text)
    DMA2_Stream2_IRQHandler                  0x0800026f   Thumb Code     0  startup_stm32f407xx.o(.text)
    DMA2_Stream3_IRQHandler                  0x0800026f   Thumb Code     0  startup_stm32f407xx.o(.text)
    DMA2_Stream4_IRQHandler                  0x0800026f   Thumb Code     0  startup_stm32f407xx.o(.text)
    DMA2_Stream5_IRQHandler                  0x0800026f   Thumb Code     0  startup_stm32f407xx.o(.text)
    DMA2_Stream6_IRQHandler                  0x0800026f   Thumb Code     0  startup_stm32f407xx.o(.text)
    DMA2_Stream7_IRQHandler                  0x0800026f   Thumb Code     0  startup_stm32f407xx.o(.text)
    ETH_IRQHandler                           0x0800026f   Thumb Code     0  startup_stm32f407xx.o(.text)
    ETH_WKUP_IRQHandler                      0x0800026f   Thumb Code     0  startup_stm32f407xx.o(.text)
    EXTI0_IRQHandler                         0x0800026f   Thumb Code     0  startup_stm32f407xx.o(.text)
    EXTI15_10_IRQHandler                     0x0800026f   Thumb Code     0  startup_stm32f407xx.o(.text)
    EXTI1_IRQHandler                         0x0800026f   Thumb Code     0  startup_stm32f407xx.o(.text)
    EXTI2_IRQHandler                         0x0800026f   Thumb Code     0  startup_stm32f407xx.o(.text)
    EXTI3_IRQHandler                         0x0800026f   Thumb Code     0  startup_stm32f407xx.o(.text)
    EXTI4_IRQHandler                         0x0800026f   Thumb Code     0  startup_stm32f407xx.o(.text)
    EXTI9_5_IRQHandler                       0x0800026f   Thumb Code     0  startup_stm32f407xx.o(.text)
    FLASH_IRQHandler                         0x0800026f   Thumb Code     0  startup_stm32f407xx.o(.text)
    FMC_IRQHandler                           0x0800026f   Thumb Code     0  startup_stm32f407xx.o(.text)
    FPU_IRQHandler                           0x0800026f   Thumb Code     0  startup_stm32f407xx.o(.text)
    HASH_RNG_IRQHandler                      0x0800026f   Thumb Code     0  startup_stm32f407xx.o(.text)
    I2C1_ER_IRQHandler                       0x0800026f   Thumb Code     0  startup_stm32f407xx.o(.text)
    I2C1_EV_IRQHandler                       0x0800026f   Thumb Code     0  startup_stm32f407xx.o(.text)
    I2C2_ER_IRQHandler                       0x0800026f   Thumb Code     0  startup_stm32f407xx.o(.text)
    I2C2_EV_IRQHandler                       0x0800026f   Thumb Code     0  startup_stm32f407xx.o(.text)
    I2C3_ER_IRQHandler                       0x0800026f   Thumb Code     0  startup_stm32f407xx.o(.text)
    I2C3_EV_IRQHandler                       0x0800026f   Thumb Code     0  startup_stm32f407xx.o(.text)
    OTG_FS_IRQHandler                        0x0800026f   Thumb Code     0  startup_stm32f407xx.o(.text)
    OTG_FS_WKUP_IRQHandler                   0x0800026f   Thumb Code     0  startup_stm32f407xx.o(.text)
    OTG_HS_EP1_IN_IRQHandler                 0x0800026f   Thumb Code     0  startup_stm32f407xx.o(.text)
    OTG_HS_EP1_OUT_IRQHandler                0x0800026f   Thumb Code     0  startup_stm32f407xx.o(.text)
    OTG_HS_IRQHandler                        0x0800026f   Thumb Code     0  startup_stm32f407xx.o(.text)
    OTG_HS_WKUP_IRQHandler                   0x0800026f   Thumb Code     0  startup_stm32f407xx.o(.text)
    PVD_IRQHandler                           0x0800026f   Thumb Code     0  startup_stm32f407xx.o(.text)
    RCC_IRQHandler                           0x0800026f   Thumb Code     0  startup_stm32f407xx.o(.text)
    RTC_Alarm_IRQHandler                     0x0800026f   Thumb Code     0  startup_stm32f407xx.o(.text)
    RTC_WKUP_IRQHandler                      0x0800026f   Thumb Code     0  startup_stm32f407xx.o(.text)
    SDIO_IRQHandler                          0x0800026f   Thumb Code     0  startup_stm32f407xx.o(.text)
    SPI1_IRQHandler                          0x0800026f   Thumb Code     0  startup_stm32f407xx.o(.text)
    SPI2_IRQHandler                          0x0800026f   Thumb Code     0  startup_stm32f407xx.o(.text)
    SPI3_IRQHandler                          0x0800026f   Thumb Code     0  startup_stm32f407xx.o(.text)
    TAMP_STAMP_IRQHandler                    0x0800026f   Thumb Code     0  startup_stm32f407xx.o(.text)
    TIM1_BRK_TIM9_IRQHandler                 0x0800026f   Thumb Code     0  startup_stm32f407xx.o(.text)
    TIM1_CC_IRQHandler                       0x0800026f   Thumb Code     0  startup_stm32f407xx.o(.text)
    TIM1_TRG_COM_TIM11_IRQHandler            0x0800026f   Thumb Code     0  startup_stm32f407xx.o(.text)
    TIM1_UP_TIM10_IRQHandler                 0x0800026f   Thumb Code     0  startup_stm32f407xx.o(.text)
    TIM3_IRQHandler                          0x0800026f   Thumb Code     0  startup_stm32f407xx.o(.text)
    TIM4_IRQHandler                          0x0800026f   Thumb Code     0  startup_stm32f407xx.o(.text)
    TIM5_IRQHandler                          0x0800026f   Thumb Code     0  startup_stm32f407xx.o(.text)
    TIM6_DAC_IRQHandler                      0x0800026f   Thumb Code     0  startup_stm32f407xx.o(.text)
    TIM7_IRQHandler                          0x0800026f   Thumb Code     0  startup_stm32f407xx.o(.text)
    TIM8_BRK_TIM12_IRQHandler                0x0800026f   Thumb Code     0  startup_stm32f407xx.o(.text)
    TIM8_CC_IRQHandler                       0x0800026f   Thumb Code     0  startup_stm32f407xx.o(.text)
    TIM8_TRG_COM_TIM14_IRQHandler            0x0800026f   Thumb Code     0  startup_stm32f407xx.o(.text)
    TIM8_UP_TIM13_IRQHandler                 0x0800026f   Thumb Code     0  startup_stm32f407xx.o(.text)
    UART4_IRQHandler                         0x0800026f   Thumb Code     0  startup_stm32f407xx.o(.text)
    USART1_IRQHandler                        0x0800026f   Thumb Code     0  startup_stm32f407xx.o(.text)
    USART2_IRQHandler                        0x0800026f   Thumb Code     0  startup_stm32f407xx.o(.text)
    USART3_IRQHandler                        0x0800026f   Thumb Code     0  startup_stm32f407xx.o(.text)
    WWDG_IRQHandler                          0x0800026f   Thumb Code     0  startup_stm32f407xx.o(.text)
    __user_initial_stackheap                 0x08000271   Thumb Code     0  startup_stm32f407xx.o(.text)
    __aeabi_uldivmod                         0x08000295   Thumb Code     0  lludivv7m.o(.text)
    _ll_udiv                                 0x08000295   Thumb Code   238  lludivv7m.o(.text)
    __2sprintf                               0x08000385   Thumb Code    38  __2sprintf.o(.text)
    _printf_int_dec                          0x080003b1   Thumb Code   104  _printf_dec.o(.text)
    __printf                                 0x08000429   Thumb Code   270  __printf_wp.o(.text)
    strtok                                   0x08000539   Thumb Code     6  strtok.o(.text)
    strlen                                   0x08000545   Thumb Code    62  strlen.o(.text)
    __aeabi_memclr                           0x08000583   Thumb Code     0  rt_memclr.o(.text)
    __rt_memclr                              0x08000583   Thumb Code    68  rt_memclr.o(.text)
    _memset                                  0x08000587   Thumb Code     0  rt_memclr.o(.text)
    __aeabi_memclr4                          0x080005c7   Thumb Code     0  rt_memclr_w.o(.text)
    __aeabi_memclr8                          0x080005c7   Thumb Code     0  rt_memclr_w.o(.text)
    __rt_memclr_w                            0x080005c7   Thumb Code    78  rt_memclr_w.o(.text)
    _memset_w                                0x080005cb   Thumb Code     0  rt_memclr_w.o(.text)
    __use_two_region_memory                  0x08000615   Thumb Code     2  heapauxi.o(.text)
    __rt_heap_escrow$2region                 0x08000617   Thumb Code     2  heapauxi.o(.text)
    __rt_heap_expand$2region                 0x08000619   Thumb Code     2  heapauxi.o(.text)
    __read_errno                             0x0800061b   Thumb Code    10  _rserrno.o(.text)
    __set_errno                              0x08000625   Thumb Code    12  _rserrno.o(.text)
    _printf_int_common                       0x08000631   Thumb Code   178  _printf_intcommon.o(.text)
    __lib_sel_fp_printf                      0x080006e3   Thumb Code     2  _printf_fp_dec.o(.text)
    _printf_fp_dec_real                      0x08000895   Thumb Code   620  _printf_fp_dec.o(.text)
    _printf_char_common                      0x08000b0b   Thumb Code    32  _printf_char_common.o(.text)
    _sputc                                   0x08000b31   Thumb Code    10  _sputc.o(.text)
    __strtod_int                             0x08000b79   Thumb Code    90  strtod.o(.text)
    __strtok_internal                        0x08000be1   Thumb Code    64  strtok_int.o(.text)
    __rt_locale                              0x08000c25   Thumb Code     8  rt_locale_intlibspace.o(.text)
    __aeabi_errno_addr                       0x08000c2d   Thumb Code     8  rt_errno_addr_intlibspace.o(.text)
    __errno$intlibspace                      0x08000c2d   Thumb Code     0  rt_errno_addr_intlibspace.o(.text)
    __rt_errno_addr$intlibspace              0x08000c2d   Thumb Code     0  rt_errno_addr_intlibspace.o(.text)
    _ll_udiv10                               0x08000c35   Thumb Code   138  lludiv10.o(.text)
    isspace                                  0x08000cbf   Thumb Code    18  isspace.o(.text)
    _printf_fp_infnan                        0x08000cd1   Thumb Code   112  _printf_fp_infnan.o(.text)
    _sgetc                                   0x08000d51   Thumb Code    30  _sgetc.o(.text)
    _sbackspace                              0x08000d6f   Thumb Code    34  _sgetc.o(.text)
    _btod_etento                             0x08000d91   Thumb Code   224  bigflt0.o(.text)
    strcspn                                  0x08000e75   Thumb Code    32  strcspn.o(.text)
    strspn                                   0x08000e95   Thumb Code    28  strspn.o(.text)
    __user_libspace                          0x08000eb1   Thumb Code     8  libspace.o(.text)
    __user_perproc_libspace                  0x08000eb1   Thumb Code     0  libspace.o(.text)
    __user_perthread_libspace                0x08000eb1   Thumb Code     0  libspace.o(.text)
    __user_setup_stackheap                   0x08000eb9   Thumb Code    74  sys_stackheap_outer.o(.text)
    __rt_ctype_table                         0x08000f05   Thumb Code    16  rt_ctype_table.o(.text)
    _scanf_really_real                       0x08001161   Thumb Code   684  scanf_fp.o(.text)
    exit                                     0x0800140d   Thumb Code    18  exit.o(.text)
    strcmp                                   0x08001421   Thumb Code   128  strcmpv7m.o(.text)
    _sys_exit                                0x080014a1   Thumb Code     8  sys_exit.o(.text)
    _scanf_really_hex_real                   0x080014ad   Thumb Code   786  scanf_hexfp.o(.text)
    _scanf_really_infnan                     0x080017cd   Thumb Code   292  scanf_infnan.o(.text)
    __I$use$semihosting                      0x08001901   Thumb Code     0  use_no_semi.o(.text)
    __use_no_semihosting_swi                 0x08001901   Thumb Code     2  use_no_semi.o(.text)
    __aeabi_llsl                             0x08001903   Thumb Code     0  llshl.o(.text)
    __semihosting_library_function           0x08001903   Thumb Code     0  indicate_semi.o(.text)
    _ll_shift_l                              0x08001903   Thumb Code    38  llshl.o(.text)
    _chval                                   0x08001929   Thumb Code    28  _chval.o(.text)
    _btod_d2e                                0x08001945   Thumb Code    62  btod.o(CL$$btod_d2e)
    _d2e_denorm_low                          0x08001983   Thumb Code    70  btod.o(CL$$btod_d2e_denorm_low)
    _d2e_norm_op1                            0x080019c9   Thumb Code    96  btod.o(CL$$btod_d2e_norm_op1)
    __btod_div_common                        0x08001a29   Thumb Code   696  btod.o(CL$$btod_div_common)
    _e2d                                     0x08001d61   Thumb Code   122  btod.o(CL$$btod_e2d)
    _e2e                                     0x08001de5   Thumb Code   220  btod.o(CL$$btod_e2e)
    _btod_ediv                               0x08001ec1   Thumb Code    42  btod.o(CL$$btod_ediv)
    _btod_edivd                              0x08001eeb   Thumb Code    42  btod.o(CL$$btod_edivd)
    _btod_emul                               0x08001f15   Thumb Code    42  btod.o(CL$$btod_emul)
    _btod_emuld                              0x08001f3f   Thumb Code    42  btod.o(CL$$btod_emuld)
    __btod_mult_common                       0x08001f69   Thumb Code   580  btod.o(CL$$btod_mult_common)
    AlarmReset                               0x080021ad   Thumb Code    66  main.o(i.AlarmReset)
    BusFault_Handler                         0x080021f9   Thumb Code     2  stm32f4xx_it.o(i.BusFault_Handler)
    DebugMon_Handler                         0x080021fb   Thumb Code     2  stm32f4xx_it.o(i.DebugMon_Handler)
    Estop                                    0x080021fd   Thumb Code    10  main.o(i.Estop)
    ExtractMotionCode                        0x0800220d   Thumb Code   114  main.o(i.ExtractMotionCode)
    FLASH_Erase_Sector                       0x08002289   Thumb Code    74  stm32f4xx_hal_flash_ex.o(i.FLASH_Erase_Sector)
    FLASH_FlushCaches                        0x080022d9   Thumb Code    80  stm32f4xx_hal_flash_ex.o(i.FLASH_FlushCaches)
    FLASH_WaitForLastOperation               0x08002451   Thumb Code    72  stm32f4xx_hal_flash.o(i.FLASH_WaitForLastOperation)
    FeedForwardSpeedCmd                      0x080024a1   Thumb Code    98  main.o(i.FeedForwardSpeedCmd)
    Flash_Read_Data                          0x08002515   Thumb Code    12  flash_sector_f4.o(i.Flash_Read_Data)
    Flash_Write_Data                         0x08002521   Thumb Code   104  flash_sector_f4.o(i.Flash_Write_Data)
    HAL_DMA_Abort                            0x08002619   Thumb Code   146  stm32f4xx_hal_dma.o(i.HAL_DMA_Abort)
    HAL_DMA_Abort_IT                         0x080026ab   Thumb Code    36  stm32f4xx_hal_dma.o(i.HAL_DMA_Abort_IT)
    HAL_Delay                                0x080026d1   Thumb Code    32  stm32f4xx_hal.o(i.HAL_Delay)
    HAL_FLASHEx_Erase                        0x080026f5   Thumb Code   144  stm32f4xx_hal_flash_ex.o(i.HAL_FLASHEx_Erase)
    HAL_FLASH_GetError                       0x0800278d   Thumb Code     6  stm32f4xx_hal_flash.o(i.HAL_FLASH_GetError)
    HAL_FLASH_Lock                           0x08002799   Thumb Code    14  stm32f4xx_hal_flash.o(i.HAL_FLASH_Lock)
    HAL_FLASH_Program                        0x080027ad   Thumb Code   116  stm32f4xx_hal_flash.o(i.HAL_FLASH_Program)
    HAL_FLASH_Unlock                         0x08002829   Thumb Code    32  stm32f4xx_hal_flash.o(i.HAL_FLASH_Unlock)
    HAL_GPIO_Init                            0x08002855   Thumb Code   450  stm32f4xx_hal_gpio.o(i.HAL_GPIO_Init)
    HAL_GPIO_ReadPin                         0x08002a45   Thumb Code    10  stm32f4xx_hal_gpio.o(i.HAL_GPIO_ReadPin)
    HAL_GPIO_WritePin                        0x08002a4f   Thumb Code    10  stm32f4xx_hal_gpio.o(i.HAL_GPIO_WritePin)
    HAL_GetTick                              0x08002a59   Thumb Code     6  stm32f4xx_hal.o(i.HAL_GetTick)
    HAL_IncTick                              0x08002a65   Thumb Code    12  stm32f4xx_hal.o(i.HAL_IncTick)
    HAL_Init                                 0x08002a75   Thumb Code    48  stm32f4xx_hal.o(i.HAL_Init)
    HAL_InitTick                             0x08002aa9   Thumb Code    54  stm32f4xx_hal.o(i.HAL_InitTick)
    HAL_MspInit                              0x08002ae9   Thumb Code    42  stm32f4xx_hal_msp.o(i.HAL_MspInit)
    HAL_NVIC_EnableIRQ                       0x08002b19   Thumb Code    26  stm32f4xx_hal_cortex.o(i.HAL_NVIC_EnableIRQ)
    HAL_NVIC_SetPriority                     0x08002b35   Thumb Code    60  stm32f4xx_hal_cortex.o(i.HAL_NVIC_SetPriority)
    HAL_NVIC_SetPriorityGrouping             0x08002b75   Thumb Code    26  stm32f4xx_hal_cortex.o(i.HAL_NVIC_SetPriorityGrouping)
    HAL_RCC_ClockConfig                      0x08002b99   Thumb Code   288  stm32f4xx_hal_rcc.o(i.HAL_RCC_ClockConfig)
    HAL_RCC_GetPCLK1Freq                     0x08002ccd   Thumb Code    20  stm32f4xx_hal_rcc.o(i.HAL_RCC_GetPCLK1Freq)
    HAL_RCC_GetPCLK2Freq                     0x08002ced   Thumb Code    20  stm32f4xx_hal_rcc.o(i.HAL_RCC_GetPCLK2Freq)
    HAL_RCC_GetSysClockFreq                  0x08002d0d   Thumb Code    88  stm32f4xx_hal_rcc.o(i.HAL_RCC_GetSysClockFreq)
    HAL_RCC_OscConfig                        0x08002d71   Thumb Code   856  stm32f4xx_hal_rcc.o(i.HAL_RCC_OscConfig)
    HAL_SYSTICK_Config                       0x080030dd   Thumb Code    40  stm32f4xx_hal_cortex.o(i.HAL_SYSTICK_Config)
    HAL_TIMEx_BreakCallback                  0x08003105   Thumb Code     2  stm32f4xx_hal_tim_ex.o(i.HAL_TIMEx_BreakCallback)
    HAL_TIMEx_CommutCallback                 0x08003107   Thumb Code     2  stm32f4xx_hal_tim_ex.o(i.HAL_TIMEx_CommutCallback)
    HAL_TIMEx_MasterConfigSynchronization    0x08003109   Thumb Code   116  stm32f4xx_hal_tim_ex.o(i.HAL_TIMEx_MasterConfigSynchronization)
    HAL_TIM_Base_Init                        0x08003199   Thumb Code    90  stm32f4xx_hal_tim.o(i.HAL_TIM_Base_Init)
    HAL_TIM_Base_MspInit                     0x080031f5   Thumb Code    90  stm32f4xx_hal_msp.o(i.HAL_TIM_Base_MspInit)
    HAL_TIM_Base_Start_IT                    0x08003259   Thumb Code   100  stm32f4xx_hal_tim.o(i.HAL_TIM_Base_Start_IT)
    HAL_TIM_ConfigClockSource                0x080032d9   Thumb Code   220  stm32f4xx_hal_tim.o(i.HAL_TIM_ConfigClockSource)
    HAL_TIM_IC_CaptureCallback               0x080033b5   Thumb Code     2  stm32f4xx_hal_tim.o(i.HAL_TIM_IC_CaptureCallback)
    HAL_TIM_IC_ConfigChannel                 0x080033b7   Thumb Code   286  stm32f4xx_hal_tim.o(i.HAL_TIM_IC_ConfigChannel)
    HAL_TIM_IC_Init                          0x080034d5   Thumb Code    90  stm32f4xx_hal_tim.o(i.HAL_TIM_IC_Init)
    HAL_TIM_IC_MspInit                       0x0800352f   Thumb Code     2  stm32f4xx_hal_tim.o(i.HAL_TIM_IC_MspInit)
    HAL_TIM_IRQHandler                       0x08003531   Thumb Code   358  stm32f4xx_hal_tim.o(i.HAL_TIM_IRQHandler)
    HAL_TIM_OC_DelayElapsedCallback          0x08003697   Thumb Code     2  stm32f4xx_hal_tim.o(i.HAL_TIM_OC_DelayElapsedCallback)
    HAL_TIM_PWM_PulseFinishedCallback        0x08003699   Thumb Code     2  stm32f4xx_hal_tim.o(i.HAL_TIM_PWM_PulseFinishedCallback)
    HAL_TIM_PeriodElapsedCallback            0x0800369d   Thumb Code    64  main.o(i.HAL_TIM_PeriodElapsedCallback)
    HAL_TIM_TriggerCallback                  0x080036e1   Thumb Code     2  stm32f4xx_hal_tim.o(i.HAL_TIM_TriggerCallback)
    HAL_UARTEx_RxEventCallback               0x080036e3   Thumb Code     2  stm32f4xx_hal_uart.o(i.HAL_UARTEx_RxEventCallback)
    HAL_UART_ErrorCallback                   0x080036e5   Thumb Code     2  stm32f4xx_hal_uart.o(i.HAL_UART_ErrorCallback)
    HAL_UART_IRQHandler                      0x080036e9   Thumb Code   610  stm32f4xx_hal_uart.o(i.HAL_UART_IRQHandler)
    HAL_UART_Init                            0x08003951   Thumb Code    98  stm32f4xx_hal_uart.o(i.HAL_UART_Init)
    HAL_UART_MspInit                         0x080039b5   Thumb Code   180  stm32f4xx_hal_msp.o(i.HAL_UART_MspInit)
    HAL_UART_Receive_IT                      0x08003a7d   Thumb Code    42  stm32f4xx_hal_uart.o(i.HAL_UART_Receive_IT)
    HAL_UART_RxCpltCallback                  0x08003aa9   Thumb Code   290  main.o(i.HAL_UART_RxCpltCallback)
    HAL_UART_Transmit                        0x08003be9   Thumb Code   178  stm32f4xx_hal_uart.o(i.HAL_UART_Transmit)
    HAL_UART_TxCpltCallback                  0x08003c9b   Thumb Code     2  stm32f4xx_hal_uart.o(i.HAL_UART_TxCpltCallback)
    HardFault_Handler                        0x08003c9d   Thumb Code     2  stm32f4xx_it.o(i.HardFault_Handler)
    JogMoveDown                              0x08003ca1   Thumb Code    28  main.o(i.JogMoveDown)
    JogMoveUp                                0x08003cc5   Thumb Code    26  main.o(i.JogMoveUp)
    LoadSavedParam                           0x08003ce9   Thumb Code    68  main.o(i.LoadSavedParam)
    MemManage_Handler                        0x0800402d   Thumb Code     2  stm32f4xx_it.o(i.MemManage_Handler)
    NMI_Handler                              0x0800402f   Thumb Code     2  stm32f4xx_it.o(i.NMI_Handler)
    PendSV_Handler                           0x08004031   Thumb Code     2  stm32f4xx_it.o(i.PendSV_Handler)
    ProcessReceivedCommand                   0x08004035   Thumb Code   484  main.o(i.ProcessReceivedCommand)
    ReadDriverData                           0x0800425d   Thumb Code   126  main.o(i.ReadDriverData)
    ReadLogicF7000Out                        0x080042e9   Thumb Code   142  main.o(i.ReadLogicF7000Out)
    SVC_Handler                              0x08004389   Thumb Code     2  stm32f4xx_it.o(i.SVC_Handler)
    SaveParams                               0x0800438d   Thumb Code   138  main.o(i.SaveParams)
    SetupF7000Ready                          0x08004435   Thumb Code    80  main.o(i.SetupF7000Ready)
    Stop                                     0x08004491   Thumb Code    28  main.o(i.Stop)
    SysTick_Handler                          0x080044b1   Thumb Code     4  stm32f4xx_it.o(i.SysTick_Handler)
    SystemClock_Config                       0x080044b5   Thumb Code   134  main.o(i.SystemClock_Config)
    SystemInit                               0x08004545   Thumb Code    66  system_stm32f4xx.o(i.SystemInit)
    TIM2_IRQHandler                          0x08004599   Thumb Code     6  stm32f4xx_it.o(i.TIM2_IRQHandler)
    TIM_Base_SetConfig                       0x080045a5   Thumb Code   156  stm32f4xx_hal_tim.o(i.TIM_Base_SetConfig)
    TIM_ETR_SetConfig                        0x0800466d   Thumb Code    20  stm32f4xx_hal_tim.o(i.TIM_ETR_SetConfig)
    TIM_TI1_SetConfig                        0x080046b5   Thumb Code   100  stm32f4xx_hal_tim.o(i.TIM_TI1_SetConfig)
    UART5_IRQHandler                         0x08004791   Thumb Code     6  stm32f4xx_it.o(i.UART5_IRQHandler)
    UART_Start_Receive_IT                    0x080049c9   Thumb Code    54  stm32f4xx_hal_uart.o(i.UART_Start_Receive_IT)
    USART6_IRQHandler                        0x08004a79   Thumb Code     6  stm32f4xx_it.o(i.USART6_IRQHandler)
    UsageFault_Handler                       0x08004a85   Thumb Code     2  stm32f4xx_it.o(i.UsageFault_Handler)
    WriteFloatData                           0x08004a89   Thumb Code   120  main.o(i.WriteFloatData)
    WriteIntData                             0x08004b09   Thumb Code   116  main.o(i.WriteIntData)
    __ARM_fpclassify                         0x08004b85   Thumb Code    48  fpclassify.o(i.__ARM_fpclassify)
    __hardfp___mathlib_tofloat               0x08004bd9   Thumb Code   232  narrow.o(i.__hardfp___mathlib_tofloat)
    __hardfp_atof                            0x08004cd1   Thumb Code    44  atof.o(i.__hardfp_atof)
    __hardfp_ldexp                           0x08004d09   Thumb Code   200  ldexp.o(i.__hardfp_ldexp)
    __hardfp_roundf                          0x08004dd9   Thumb Code   154  roundf.o(i.__hardfp_roundf)
    __mathlib_dbl_overflow                   0x08004e79   Thumb Code    24  dunder.o(i.__mathlib_dbl_overflow)
    __mathlib_dbl_underflow                  0x08004e99   Thumb Code    24  dunder.o(i.__mathlib_dbl_underflow)
    __mathlib_narrow                         0x08004eb9   Thumb Code    18  narrow.o(i.__mathlib_narrow)
    __support_ldexp                          0x08004ecb   Thumb Code    20  ldexp.o(i.__support_ldexp)
    _is_digit                                0x08004edf   Thumb Code    14  __printf_wp.o(i._is_digit)
    frexp                                    0x08004ef1   Thumb Code   118  frexp.o(i.frexp)
    main                                     0x08004f7d   Thumb Code   502  main.o(i.main)
    _get_lc_numeric                          0x080051bd   Thumb Code    44  lc_numeric_c.o(locale$$code)
    _get_lc_ctype                            0x080051e9   Thumb Code    44  lc_ctype_c.o(locale$$code)
    __aeabi_d2f                              0x08005215   Thumb Code     0  d2f.o(x$fpl$d2f)
    _d2f                                     0x08005215   Thumb Code    98  d2f.o(x$fpl$d2f)
    __fpl_dcheck_NaN1                        0x08005279   Thumb Code    10  dcheck1.o(x$fpl$dcheck1)
    __fpl_dcmp_Inf                           0x08005289   Thumb Code    24  dcmpi.o(x$fpl$dcmpinf)
    __aeabi_cdcmpeq                          0x080052a1   Thumb Code     0  deqf.o(x$fpl$deqf)
    _dcmpeq                                  0x080052a1   Thumb Code   120  deqf.o(x$fpl$deqf)
    __aeabi_cdcmple                          0x08005319   Thumb Code     0  dleqf.o(x$fpl$dleqf)
    _dcmple                                  0x08005319   Thumb Code   120  dleqf.o(x$fpl$dleqf)
    __fpl_dcmple_InfNaN                      0x0800537b   Thumb Code     0  dleqf.o(x$fpl$dleqf)
    __aeabi_dmul                             0x08005391   Thumb Code     0  dmul.o(x$fpl$dmul)
    _dmul                                    0x08005391   Thumb Code   332  dmul.o(x$fpl$dmul)
    __fpl_dnaninf                            0x080054e5   Thumb Code   156  dnaninf.o(x$fpl$dnaninf)
    __fpl_dretinf                            0x08005581   Thumb Code    12  dretinf.o(x$fpl$dretinf)
    __aeabi_cdrcmple                         0x0800558d   Thumb Code     0  drleqf.o(x$fpl$drleqf)
    _drcmple                                 0x0800558d   Thumb Code   108  drleqf.o(x$fpl$drleqf)
    __aeabi_f2d                              0x080055f9   Thumb Code     0  f2d.o(x$fpl$f2d)
    _f2d                                     0x080055f9   Thumb Code    86  f2d.o(x$fpl$f2d)
    __fpl_fnaninf                            0x0800564f   Thumb Code   140  fnaninf.o(x$fpl$fnaninf)
    _fp_init                                 0x080056db   Thumb Code    10  fpinit.o(x$fpl$fpinit)
    __fplib_config_fpu_vfp                   0x080056e3   Thumb Code     0  fpinit.o(x$fpl$fpinit)
    __fplib_config_pureend_doubles           0x080056e3   Thumb Code     0  fpinit.o(x$fpl$fpinit)
    __fpl_fretinf                            0x080056e5   Thumb Code    10  fretinf.o(x$fpl$fretinf)
    _frnd                                    0x080056f1   Thumb Code    96  frnd.o(x$fpl$frnd)
    __ieee_status                            0x08005751   Thumb Code     6  istatus.o(x$fpl$ieeestatus)
    _printf_fp_dec                           0x08005757   Thumb Code     4  printf1.o(x$fpl$printf1)
    __fpl_return_NaN                         0x0800575b   Thumb Code   100  retnan.o(x$fpl$retnan)
    __ARM_scalbn                             0x080057bf   Thumb Code    92  scalbn.o(x$fpl$scalbn)
    _scanf_real                              0x0800581b   Thumb Code     4  scanf1.o(x$fpl$scanf1)
    _scanf_hex_real                          0x0800581f   Thumb Code     4  scanf2.o(x$fpl$scanf2)
    _scanf_infnan                            0x08005823   Thumb Code     4  scanf2.o(x$fpl$scanf2)
    __fpl_cmpreturn                          0x08005827   Thumb Code    48  trapv.o(x$fpl$trapveneer)
    AHBPrescTable                            0x08005856   Data          16  system_stm32f4xx.o(.constdata)
    __I$use$fp                               0x08005856   Number         0  usenofp.o(x$fpl$usenofp)
    APBPrescTable                            0x08005866   Data           8  system_stm32f4xx.o(.constdata)
    Region$$Table$$Base                      0x08005904   Number         0  anon$$obj.o(Region$$Table)
    Region$$Table$$Limit                     0x08005924   Number         0  anon$$obj.o(Region$$Table)
    __aeabi_HUGE_VAL                         0x08005924   Data           0  fpconst.o(c$$dinf)
    __aeabi_HUGE_VALL                        0x08005924   Data           0  fpconst.o(c$$dinf)
    __aeabi_INFINITY                         0x08005924   Data           0  fpconst.o(c$$dinf)
    __dInf                                   0x08005924   Data           0  fpconst.o(c$$dinf)
    __huge_val                               0x08005924   Data           0  fpconst.o(c$$dinf)
    __dbl_max                                0x0800592c   Data           0  fpconst.o(c$$dmax)
    __ctype                                  0x0800595d   Data           0  lc_ctype_c.o(locale$$data)
    RxUart6_Cpl_Flag                         0x20000000   Data           1  main.o(.data)
    RxUart5_Cpl_Flag                         0x20000001   Data           1  main.o(.data)
    TimerSpeedDataFlag                       0x20000002   Data           1  main.o(.data)
    TimerOutputDataFlag                      0x20000003   Data           1  main.o(.data)
    StartDropping                            0x20000004   Data           1  main.o(.data)
    TimerFlag                                0x20000005   Data           1  main.o(.data)
    WritingCompleted                         0x20000006   Data           1  main.o(.data)
    StartReceiveDriverData                   0x20000007   Data           1  main.o(.data)
    UISpeedDataRequest                       0x20000008   Data           1  main.o(.data)
    OutputDataRequest                        0x20000009   Data           1  main.o(.data)
    StartPulling                             0x2000000a   Data           1  main.o(.data)
    StartBraking                             0x2000000b   Data           1  main.o(.data)
    Accelerating                             0x2000000c   Data           1  main.o(.data)
    CountTimerDriverOutput                   0x2000000d   Data           1  main.o(.data)
    PullingSpeed                             0x2000000e   Data           1  main.o(.data)
    EndChar                                  0x2000000f   Data           1  main.o(.data)
    RxPCData                                 0x20000010   Data           1  main.o(.data)
    RxDriverData                             0x20000011   Data           1  main.o(.data)
    TxPCLen                                  0x20000012   Data           1  main.o(.data)
    TimeTick                                 0x20000013   Data           1  main.o(.data)
    _rxIndex                                 0x20000014   Data           1  main.o(.data)
    TimeCount                                0x20000015   Data           1  main.o(.data)
    RunningTime                              0x20000016   Data           2  main.o(.data)
    DriverOutput                             0x20000018   Data           2  main.o(.data)
    RegisterAddress                          0x2000001a   Data           2  main.o(.data)
    numofwords                               0x2000001c   Data           4  main.o(.data)
    SpeedValueRegion                         0x20000020   Data           4  main.o(.data)
    AccelerationTime                         0x20000024   Data           4  main.o(.data)
    MaxSpeed                                 0x20000028   Data           4  main.o(.data)
    Kp                                       0x2000002c   Data           4  main.o(.data)
    Ki                                       0x20000030   Data           4  main.o(.data)
    MotorSpeed                               0x20000034   Data           4  main.o(.data)
    P402RegisterValue                        0x20000038   Data           4  main.o(.data)
    FeedForwardSpeed                         0x2000003c   Data           4  main.o(.data)
    Acceleration                             0x20000040   Data           4  main.o(.data)
    uwTickFreq                               0x20000044   Data           1  stm32f4xx_hal.o(.data)
    uwTickPrio                               0x20000048   Data           4  stm32f4xx_hal.o(.data)
    uwTick                                   0x2000004c   Data           4  stm32f4xx_hal.o(.data)
    SystemCoreClock                          0x20000050   Data           4  system_stm32f4xx.o(.data)
    Params                                   0x20000058   Data          16  main.o(.bss)
    htim2                                    0x20000068   Data          72  main.o(.bss)
    huart5                                   0x200000b0   Data          68  main.o(.bss)
    huart6                                   0x200000f4   Data          68  main.o(.bss)
    RxPCBuff                                 0x20000138   Data          30  main.o(.bss)
    RxDriverBuff                             0x20000156   Data          20  main.o(.bss)
    DataRegion                               0x2000016a   Data          20  main.o(.bss)
    TxPCBuff                                 0x2000017e   Data          30  main.o(.bss)
    MotionCode                               0x2000019c   Data          24  main.o(.bss)
    pFlash                                   0x200001c8   Data          32  stm32f4xx_hal_flash.o(.bss)
    __libspace_start                         0x200001e8   Data          96  libspace.o(.bss)
    __temporary_stack_top$libspace           0x20000248   Data           0  libspace.o(.bss)



==============================================================================

Memory Map of the image

  Image Entry point : 0x08000189

  Load Region LR_IROM1 (Base: 0x08000000, Size: 0x00005ab8, Max: 0x00100000, ABSOLUTE)

    Execution Region ER_IROM1 (Exec base: 0x08000000, Load base: 0x08000000, Size: 0x00005a60, Max: 0x00100000, ABSOLUTE)

    Exec Addr    Load Addr    Size         Type   Attr      Idx    E Section Name        Object

    0x08000000   0x08000000   0x00000188   Data   RO            3    RESET               startup_stm32f407xx.o
    0x08000188   0x08000188   0x00000008   Code   RO         3065  * !!!main             c_w.l(__main.o)
    0x08000190   0x08000190   0x00000034   Code   RO         3434    !!!scatter          c_w.l(__scatter.o)
    0x080001c4   0x080001c4   0x0000001a   Code   RO         3436    !!handler_copy      c_w.l(__scatter_copy.o)
    0x080001de   0x080001de   0x00000002   PAD
    0x080001e0   0x080001e0   0x0000001c   Code   RO         3438    !!handler_zi        c_w.l(__scatter_zi.o)
    0x080001fc   0x080001fc   0x00000000   Code   RO         3053    .ARM.Collect$$_printf_percent$$00000000  c_w.l(_printf_percent.o)
    0x080001fc   0x080001fc   0x00000006   Code   RO         3052    .ARM.Collect$$_printf_percent$$00000003  c_w.l(_printf_f.o)
    0x08000202   0x08000202   0x00000006   Code   RO         3051    .ARM.Collect$$_printf_percent$$00000009  c_w.l(_printf_d.o)
    0x08000208   0x08000208   0x00000004   Code   RO         3098    .ARM.Collect$$_printf_percent$$00000017  c_w.l(_printf_percent_end.o)
    0x0800020c   0x0800020c   0x00000002   Code   RO         3211    .ARM.Collect$$libinit$$00000000  c_w.l(libinit.o)
    0x0800020e   0x0800020e   0x00000004   Code   RO         3212    .ARM.Collect$$libinit$$00000001  c_w.l(libinit2.o)
    0x08000212   0x08000212   0x00000000   Code   RO         3215    .ARM.Collect$$libinit$$00000004  c_w.l(libinit2.o)
    0x08000212   0x08000212   0x00000000   Code   RO         3218    .ARM.Collect$$libinit$$0000000A  c_w.l(libinit2.o)
    0x08000212   0x08000212   0x00000000   Code   RO         3220    .ARM.Collect$$libinit$$0000000C  c_w.l(libinit2.o)
    0x08000212   0x08000212   0x00000000   Code   RO         3222    .ARM.Collect$$libinit$$0000000E  c_w.l(libinit2.o)
    0x08000212   0x08000212   0x00000006   Code   RO         3223    .ARM.Collect$$libinit$$0000000F  c_w.l(libinit2.o)
    0x08000218   0x08000218   0x00000000   Code   RO         3225    .ARM.Collect$$libinit$$00000011  c_w.l(libinit2.o)
    0x08000218   0x08000218   0x0000000c   Code   RO         3226    .ARM.Collect$$libinit$$00000012  c_w.l(libinit2.o)
    0x08000224   0x08000224   0x00000000   Code   RO         3227    .ARM.Collect$$libinit$$00000013  c_w.l(libinit2.o)
    0x08000224   0x08000224   0x00000000   Code   RO         3229    .ARM.Collect$$libinit$$00000015  c_w.l(libinit2.o)
    0x08000224   0x08000224   0x0000000a   Code   RO         3230    .ARM.Collect$$libinit$$00000016  c_w.l(libinit2.o)
    0x0800022e   0x0800022e   0x00000000   Code   RO         3231    .ARM.Collect$$libinit$$00000017  c_w.l(libinit2.o)
    0x0800022e   0x0800022e   0x00000000   Code   RO         3233    .ARM.Collect$$libinit$$00000019  c_w.l(libinit2.o)
    0x0800022e   0x0800022e   0x00000000   Code   RO         3235    .ARM.Collect$$libinit$$0000001B  c_w.l(libinit2.o)
    0x0800022e   0x0800022e   0x00000000   Code   RO         3237    .ARM.Collect$$libinit$$0000001D  c_w.l(libinit2.o)
    0x0800022e   0x0800022e   0x00000000   Code   RO         3239    .ARM.Collect$$libinit$$0000001F  c_w.l(libinit2.o)
    0x0800022e   0x0800022e   0x00000000   Code   RO         3241    .ARM.Collect$$libinit$$00000021  c_w.l(libinit2.o)
    0x0800022e   0x0800022e   0x00000000   Code   RO         3243    .ARM.Collect$$libinit$$00000023  c_w.l(libinit2.o)
    0x0800022e   0x0800022e   0x00000000   Code   RO         3245    .ARM.Collect$$libinit$$00000025  c_w.l(libinit2.o)
    0x0800022e   0x0800022e   0x00000000   Code   RO         3249    .ARM.Collect$$libinit$$0000002C  c_w.l(libinit2.o)
    0x0800022e   0x0800022e   0x00000000   Code   RO         3251    .ARM.Collect$$libinit$$0000002E  c_w.l(libinit2.o)
    0x0800022e   0x0800022e   0x00000000   Code   RO         3253    .ARM.Collect$$libinit$$00000030  c_w.l(libinit2.o)
    0x0800022e   0x0800022e   0x00000000   Code   RO         3255    .ARM.Collect$$libinit$$00000032  c_w.l(libinit2.o)
    0x0800022e   0x0800022e   0x00000002   Code   RO         3256    .ARM.Collect$$libinit$$00000033  c_w.l(libinit2.o)
    0x08000230   0x08000230   0x00000002   Code   RO         3342    .ARM.Collect$$libshutdown$$00000000  c_w.l(libshutdown.o)
    0x08000232   0x08000232   0x00000000   Code   RO         3382    .ARM.Collect$$libshutdown$$00000002  c_w.l(libshutdown2.o)
    0x08000232   0x08000232   0x00000000   Code   RO         3384    .ARM.Collect$$libshutdown$$00000004  c_w.l(libshutdown2.o)
    0x08000232   0x08000232   0x00000000   Code   RO         3386    .ARM.Collect$$libshutdown$$00000006  c_w.l(libshutdown2.o)
    0x08000232   0x08000232   0x00000000   Code   RO         3389    .ARM.Collect$$libshutdown$$00000009  c_w.l(libshutdown2.o)
    0x08000232   0x08000232   0x00000000   Code   RO         3392    .ARM.Collect$$libshutdown$$0000000C  c_w.l(libshutdown2.o)
    0x08000232   0x08000232   0x00000000   Code   RO         3394    .ARM.Collect$$libshutdown$$0000000E  c_w.l(libshutdown2.o)
    0x08000232   0x08000232   0x00000000   Code   RO         3397    .ARM.Collect$$libshutdown$$00000011  c_w.l(libshutdown2.o)
    0x08000232   0x08000232   0x00000002   Code   RO         3398    .ARM.Collect$$libshutdown$$00000012  c_w.l(libshutdown2.o)
    0x08000234   0x08000234   0x00000000   Code   RO         3083    .ARM.Collect$$rtentry$$00000000  c_w.l(__rtentry.o)
    0x08000234   0x08000234   0x00000000   Code   RO         3115    .ARM.Collect$$rtentry$$00000002  c_w.l(__rtentry2.o)
    0x08000234   0x08000234   0x00000006   Code   RO         3127    .ARM.Collect$$rtentry$$00000004  c_w.l(__rtentry4.o)
    0x0800023a   0x0800023a   0x00000000   Code   RO         3117    .ARM.Collect$$rtentry$$00000009  c_w.l(__rtentry2.o)
    0x0800023a   0x0800023a   0x00000004   Code   RO         3118    .ARM.Collect$$rtentry$$0000000A  c_w.l(__rtentry2.o)
    0x0800023e   0x0800023e   0x00000000   Code   RO         3120    .ARM.Collect$$rtentry$$0000000C  c_w.l(__rtentry2.o)
    0x0800023e   0x0800023e   0x00000008   Code   RO         3121    .ARM.Collect$$rtentry$$0000000D  c_w.l(__rtentry2.o)
    0x08000246   0x08000246   0x00000002   Code   RO         3257    .ARM.Collect$$rtexit$$00000000  c_w.l(rtexit.o)
    0x08000248   0x08000248   0x00000000   Code   RO         3293    .ARM.Collect$$rtexit$$00000002  c_w.l(rtexit2.o)
    0x08000248   0x08000248   0x00000004   Code   RO         3294    .ARM.Collect$$rtexit$$00000003  c_w.l(rtexit2.o)
    0x0800024c   0x0800024c   0x00000006   Code   RO         3295    .ARM.Collect$$rtexit$$00000004  c_w.l(rtexit2.o)
    0x08000252   0x08000252   0x00000002   PAD
    0x08000254   0x08000254   0x00000040   Code   RO            4    .text               startup_stm32f407xx.o
    0x08000294   0x08000294   0x000000ee   Code   RO         3021    .text               c_w.l(lludivv7m.o)
    0x08000382   0x08000382   0x00000002   PAD
    0x08000384   0x08000384   0x0000002c   Code   RO         3023    .text               c_w.l(__2sprintf.o)
    0x080003b0   0x080003b0   0x00000078   Code   RO         3029    .text               c_w.l(_printf_dec.o)
    0x08000428   0x08000428   0x0000010e   Code   RO         3039    .text               c_w.l(__printf_wp.o)
    0x08000536   0x08000536   0x00000002   PAD
    0x08000538   0x08000538   0x0000000c   Code   RO         3054    .text               c_w.l(strtok.o)
    0x08000544   0x08000544   0x0000003e   Code   RO         3057    .text               c_w.l(strlen.o)
    0x08000582   0x08000582   0x00000044   Code   RO         3059    .text               c_w.l(rt_memclr.o)
    0x080005c6   0x080005c6   0x0000004e   Code   RO         3061    .text               c_w.l(rt_memclr_w.o)
    0x08000614   0x08000614   0x00000006   Code   RO         3063    .text               c_w.l(heapauxi.o)
    0x0800061a   0x0800061a   0x00000016   Code   RO         3088    .text               c_w.l(_rserrno.o)
    0x08000630   0x08000630   0x000000b2   Code   RO         3090    .text               c_w.l(_printf_intcommon.o)
    0x080006e2   0x080006e2   0x0000041e   Code   RO         3092    .text               c_w.l(_printf_fp_dec.o)
    0x08000b00   0x08000b00   0x00000030   Code   RO         3094    .text               c_w.l(_printf_char_common.o)
    0x08000b30   0x08000b30   0x0000000a   Code   RO         3096    .text               c_w.l(_sputc.o)
    0x08000b3a   0x08000b3a   0x00000002   PAD
    0x08000b3c   0x08000b3c   0x000000a4   Code   RO         3099    .text               c_w.l(strtod.o)
    0x08000be0   0x08000be0   0x00000044   Code   RO         3101    .text               c_w.l(strtok_int.o)
    0x08000c24   0x08000c24   0x00000008   Code   RO         3134    .text               c_w.l(rt_locale_intlibspace.o)
    0x08000c2c   0x08000c2c   0x00000008   Code   RO         3139    .text               c_w.l(rt_errno_addr_intlibspace.o)
    0x08000c34   0x08000c34   0x0000008a   Code   RO         3141    .text               c_w.l(lludiv10.o)
    0x08000cbe   0x08000cbe   0x00000012   Code   RO         3143    .text               c_w.l(isspace.o)
    0x08000cd0   0x08000cd0   0x00000080   Code   RO         3145    .text               c_w.l(_printf_fp_infnan.o)
    0x08000d50   0x08000d50   0x00000040   Code   RO         3149    .text               c_w.l(_sgetc.o)
    0x08000d90   0x08000d90   0x000000e4   Code   RO         3151    .text               c_w.l(bigflt0.o)
    0x08000e74   0x08000e74   0x00000020   Code   RO         3179    .text               c_w.l(strcspn.o)
    0x08000e94   0x08000e94   0x0000001c   Code   RO         3181    .text               c_w.l(strspn.o)
    0x08000eb0   0x08000eb0   0x00000008   Code   RO         3189    .text               c_w.l(libspace.o)
    0x08000eb8   0x08000eb8   0x0000004a   Code   RO         3192    .text               c_w.l(sys_stackheap_outer.o)
    0x08000f02   0x08000f02   0x00000002   PAD
    0x08000f04   0x08000f04   0x00000010   Code   RO         3194    .text               c_w.l(rt_ctype_table.o)
    0x08000f14   0x08000f14   0x000004f8   Code   RO         3196    .text               c_w.l(scanf_fp.o)
    0x0800140c   0x0800140c   0x00000012   Code   RO         3198    .text               c_w.l(exit.o)
    0x0800141e   0x0800141e   0x00000002   PAD
    0x08001420   0x08001420   0x00000080   Code   RO         3204    .text               c_w.l(strcmpv7m.o)
    0x080014a0   0x080014a0   0x0000000c   Code   RO         3290    .text               c_w.l(sys_exit.o)
    0x080014ac   0x080014ac   0x00000320   Code   RO         3299    .text               c_w.l(scanf_hexfp.o)
    0x080017cc   0x080017cc   0x00000134   Code   RO         3301    .text               c_w.l(scanf_infnan.o)
    0x08001900   0x08001900   0x00000002   Code   RO         3325    .text               c_w.l(use_no_semi.o)
    0x08001902   0x08001902   0x00000000   Code   RO         3327    .text               c_w.l(indicate_semi.o)
    0x08001902   0x08001902   0x00000026   Code   RO         3330    .text               c_w.l(llshl.o)
    0x08001928   0x08001928   0x0000001c   Code   RO         3332    .text               c_w.l(_chval.o)
    0x08001944   0x08001944   0x0000003e   Code   RO         3154    CL$$btod_d2e        c_w.l(btod.o)
    0x08001982   0x08001982   0x00000046   Code   RO         3156    CL$$btod_d2e_denorm_low  c_w.l(btod.o)
    0x080019c8   0x080019c8   0x00000060   Code   RO         3155    CL$$btod_d2e_norm_op1  c_w.l(btod.o)
    0x08001a28   0x08001a28   0x00000338   Code   RO         3164    CL$$btod_div_common  c_w.l(btod.o)
    0x08001d60   0x08001d60   0x00000084   Code   RO         3162    CL$$btod_e2d        c_w.l(btod.o)
    0x08001de4   0x08001de4   0x000000dc   Code   RO         3161    CL$$btod_e2e        c_w.l(btod.o)
    0x08001ec0   0x08001ec0   0x0000002a   Code   RO         3158    CL$$btod_ediv       c_w.l(btod.o)
    0x08001eea   0x08001eea   0x0000002a   Code   RO         3160    CL$$btod_edivd      c_w.l(btod.o)
    0x08001f14   0x08001f14   0x0000002a   Code   RO         3157    CL$$btod_emul       c_w.l(btod.o)
    0x08001f3e   0x08001f3e   0x0000002a   Code   RO         3159    CL$$btod_emuld      c_w.l(btod.o)
    0x08001f68   0x08001f68   0x00000244   Code   RO         3163    CL$$btod_mult_common  c_w.l(btod.o)
    0x080021ac   0x080021ac   0x0000004c   Code   RO           13    i.AlarmReset        main.o
    0x080021f8   0x080021f8   0x00000002   Code   RO          312    i.BusFault_Handler  stm32f4xx_it.o
    0x080021fa   0x080021fa   0x00000002   Code   RO          313    i.DebugMon_Handler  stm32f4xx_it.o
    0x080021fc   0x080021fc   0x00000010   Code   RO           18    i.Estop             main.o
    0x0800220c   0x0800220c   0x0000007c   Code   RO           19    i.ExtractMotionCode  main.o
    0x08002288   0x08002288   0x00000050   Code   RO         1769    i.FLASH_Erase_Sector  stm32f4xx_hal_flash_ex.o
    0x080022d8   0x080022d8   0x00000054   Code   RO         1770    i.FLASH_FlushCaches  stm32f4xx_hal_flash_ex.o
    0x0800232c   0x0800232c   0x00000028   Code   RO         1771    i.FLASH_MassErase   stm32f4xx_hal_flash_ex.o
    0x08002354   0x08002354   0x00000020   Code   RO         1651    i.FLASH_Program_Byte  stm32f4xx_hal_flash.o
    0x08002374   0x08002374   0x0000002c   Code   RO         1652    i.FLASH_Program_DoubleWord  stm32f4xx_hal_flash.o
    0x080023a0   0x080023a0   0x00000024   Code   RO         1653    i.FLASH_Program_HalfWord  stm32f4xx_hal_flash.o
    0x080023c4   0x080023c4   0x00000024   Code   RO         1654    i.FLASH_Program_Word  stm32f4xx_hal_flash.o
    0x080023e8   0x080023e8   0x00000068   Code   RO         1655    i.FLASH_SetErrorCode  stm32f4xx_hal_flash.o
    0x08002450   0x08002450   0x00000050   Code   RO         1656    i.FLASH_WaitForLastOperation  stm32f4xx_hal_flash.o
    0x080024a0   0x080024a0   0x00000074   Code   RO           20    i.FeedForwardSpeedCmd  main.o
    0x08002514   0x08002514   0x0000000c   Code   RO          456    i.Flash_Read_Data   flash_sector_f4.o
    0x08002520   0x08002520   0x0000006c   Code   RO          458    i.Flash_Write_Data  flash_sector_f4.o
    0x0800258c   0x0800258c   0x0000008c   Code   RO          460    i.GetSector         flash_sector_f4.o
    0x08002618   0x08002618   0x00000092   Code   RO         1957    i.HAL_DMA_Abort     stm32f4xx_hal_dma.o
    0x080026aa   0x080026aa   0x00000024   Code   RO         1958    i.HAL_DMA_Abort_IT  stm32f4xx_hal_dma.o
    0x080026ce   0x080026ce   0x00000002   PAD
    0x080026d0   0x080026d0   0x00000024   Code   RO         2376    i.HAL_Delay         stm32f4xx_hal.o
    0x080026f4   0x080026f4   0x00000098   Code   RO         1772    i.HAL_FLASHEx_Erase  stm32f4xx_hal_flash_ex.o
    0x0800278c   0x0800278c   0x0000000c   Code   RO         1658    i.HAL_FLASH_GetError  stm32f4xx_hal_flash.o
    0x08002798   0x08002798   0x00000014   Code   RO         1660    i.HAL_FLASH_Lock    stm32f4xx_hal_flash.o
    0x080027ac   0x080027ac   0x0000007c   Code   RO         1665    i.HAL_FLASH_Program  stm32f4xx_hal_flash.o
    0x08002828   0x08002828   0x0000002c   Code   RO         1667    i.HAL_FLASH_Unlock  stm32f4xx_hal_flash.o
    0x08002854   0x08002854   0x000001f0   Code   RO         1850    i.HAL_GPIO_Init     stm32f4xx_hal_gpio.o
    0x08002a44   0x08002a44   0x0000000a   Code   RO         1852    i.HAL_GPIO_ReadPin  stm32f4xx_hal_gpio.o
    0x08002a4e   0x08002a4e   0x0000000a   Code   RO         1854    i.HAL_GPIO_WritePin  stm32f4xx_hal_gpio.o
    0x08002a58   0x08002a58   0x0000000c   Code   RO         2382    i.HAL_GetTick       stm32f4xx_hal.o
    0x08002a64   0x08002a64   0x00000010   Code   RO         2388    i.HAL_IncTick       stm32f4xx_hal.o
    0x08002a74   0x08002a74   0x00000034   Code   RO         2389    i.HAL_Init          stm32f4xx_hal.o
    0x08002aa8   0x08002aa8   0x00000040   Code   RO         2390    i.HAL_InitTick      stm32f4xx_hal.o
    0x08002ae8   0x08002ae8   0x00000030   Code   RO          406    i.HAL_MspInit       stm32f4xx_hal_msp.o
    0x08002b18   0x08002b18   0x0000001a   Code   RO         2239    i.HAL_NVIC_EnableIRQ  stm32f4xx_hal_cortex.o
    0x08002b32   0x08002b32   0x00000002   PAD
    0x08002b34   0x08002b34   0x00000040   Code   RO         2245    i.HAL_NVIC_SetPriority  stm32f4xx_hal_cortex.o
    0x08002b74   0x08002b74   0x00000024   Code   RO         2246    i.HAL_NVIC_SetPriorityGrouping  stm32f4xx_hal_cortex.o
    0x08002b98   0x08002b98   0x00000134   Code   RO         1496    i.HAL_RCC_ClockConfig  stm32f4xx_hal_rcc.o
    0x08002ccc   0x08002ccc   0x00000020   Code   RO         1503    i.HAL_RCC_GetPCLK1Freq  stm32f4xx_hal_rcc.o
    0x08002cec   0x08002cec   0x00000020   Code   RO         1504    i.HAL_RCC_GetPCLK2Freq  stm32f4xx_hal_rcc.o
    0x08002d0c   0x08002d0c   0x00000064   Code   RO         1505    i.HAL_RCC_GetSysClockFreq  stm32f4xx_hal_rcc.o
    0x08002d70   0x08002d70   0x0000036c   Code   RO         1508    i.HAL_RCC_OscConfig  stm32f4xx_hal_rcc.o
    0x080030dc   0x080030dc   0x00000028   Code   RO         2250    i.HAL_SYSTICK_Config  stm32f4xx_hal_cortex.o
    0x08003104   0x08003104   0x00000002   Code   RO         1228    i.HAL_TIMEx_BreakCallback  stm32f4xx_hal_tim_ex.o
    0x08003106   0x08003106   0x00000002   Code   RO         1229    i.HAL_TIMEx_CommutCallback  stm32f4xx_hal_tim_ex.o
    0x08003108   0x08003108   0x00000090   Code   RO         1247    i.HAL_TIMEx_MasterConfigSynchronization  stm32f4xx_hal_tim_ex.o
    0x08003198   0x08003198   0x0000005a   Code   RO          524    i.HAL_TIM_Base_Init  stm32f4xx_hal_tim.o
    0x080031f2   0x080031f2   0x00000002   PAD
    0x080031f4   0x080031f4   0x00000064   Code   RO          408    i.HAL_TIM_Base_MspInit  stm32f4xx_hal_msp.o
    0x08003258   0x08003258   0x00000080   Code   RO          529    i.HAL_TIM_Base_Start_IT  stm32f4xx_hal_tim.o
    0x080032d8   0x080032d8   0x000000dc   Code   RO          533    i.HAL_TIM_ConfigClockSource  stm32f4xx_hal_tim.o
    0x080033b4   0x080033b4   0x00000002   Code   RO          558    i.HAL_TIM_IC_CaptureCallback  stm32f4xx_hal_tim.o
    0x080033b6   0x080033b6   0x0000011e   Code   RO          560    i.HAL_TIM_IC_ConfigChannel  stm32f4xx_hal_tim.o
    0x080034d4   0x080034d4   0x0000005a   Code   RO          563    i.HAL_TIM_IC_Init   stm32f4xx_hal_tim.o
    0x0800352e   0x0800352e   0x00000002   Code   RO          565    i.HAL_TIM_IC_MspInit  stm32f4xx_hal_tim.o
    0x08003530   0x08003530   0x00000166   Code   RO          572    i.HAL_TIM_IRQHandler  stm32f4xx_hal_tim.o
    0x08003696   0x08003696   0x00000002   Code   RO          575    i.HAL_TIM_OC_DelayElapsedCallback  stm32f4xx_hal_tim.o
    0x08003698   0x08003698   0x00000002   Code   RO          602    i.HAL_TIM_PWM_PulseFinishedCallback  stm32f4xx_hal_tim.o
    0x0800369a   0x0800369a   0x00000002   PAD
    0x0800369c   0x0800369c   0x00000044   Code   RO           21    i.HAL_TIM_PeriodElapsedCallback  main.o
    0x080036e0   0x080036e0   0x00000002   Code   RO          615    i.HAL_TIM_TriggerCallback  stm32f4xx_hal_tim.o
    0x080036e2   0x080036e2   0x00000002   Code   RO         2638    i.HAL_UARTEx_RxEventCallback  stm32f4xx_hal_uart.o
    0x080036e4   0x080036e4   0x00000002   Code   RO         2652    i.HAL_UART_ErrorCallback  stm32f4xx_hal_uart.o
    0x080036e6   0x080036e6   0x00000002   PAD
    0x080036e8   0x080036e8   0x00000268   Code   RO         2655    i.HAL_UART_IRQHandler  stm32f4xx_hal_uart.o
    0x08003950   0x08003950   0x00000062   Code   RO         2656    i.HAL_UART_Init     stm32f4xx_hal_uart.o
    0x080039b2   0x080039b2   0x00000002   PAD
    0x080039b4   0x080039b4   0x000000c8   Code   RO          410    i.HAL_UART_MspInit  stm32f4xx_hal_msp.o
    0x08003a7c   0x08003a7c   0x0000002a   Code   RO         2661    i.HAL_UART_Receive_IT  stm32f4xx_hal_uart.o
    0x08003aa6   0x08003aa6   0x00000002   PAD
    0x08003aa8   0x08003aa8   0x00000140   Code   RO           22    i.HAL_UART_RxCpltCallback  main.o
    0x08003be8   0x08003be8   0x000000b2   Code   RO         2664    i.HAL_UART_Transmit  stm32f4xx_hal_uart.o
    0x08003c9a   0x08003c9a   0x00000002   Code   RO         2667    i.HAL_UART_TxCpltCallback  stm32f4xx_hal_uart.o
    0x08003c9c   0x08003c9c   0x00000002   Code   RO          314    i.HardFault_Handler  stm32f4xx_it.o
    0x08003c9e   0x08003c9e   0x00000002   PAD
    0x08003ca0   0x08003ca0   0x00000024   Code   RO           23    i.JogMoveDown       main.o
    0x08003cc4   0x08003cc4   0x00000024   Code   RO           24    i.JogMoveUp         main.o
    0x08003ce8   0x08003ce8   0x0000004c   Code   RO           25    i.LoadSavedParam    main.o
    0x08003d34   0x08003d34   0x0000025c   Code   RO           26    i.MX_GPIO_Init      main.o
    0x08003f90   0x08003f90   0x0000009c   Code   RO           27    i.MX_TIM2_Init      main.o
    0x0800402c   0x0800402c   0x00000002   Code   RO          315    i.MemManage_Handler  stm32f4xx_it.o
    0x0800402e   0x0800402e   0x00000002   Code   RO          316    i.NMI_Handler       stm32f4xx_it.o
    0x08004030   0x08004030   0x00000002   Code   RO          317    i.PendSV_Handler    stm32f4xx_it.o
    0x08004032   0x08004032   0x00000002   PAD
    0x08004034   0x08004034   0x00000228   Code   RO           28    i.ProcessReceivedCommand  main.o
    0x0800425c   0x0800425c   0x0000008c   Code   RO           29    i.ReadDriverData    main.o
    0x080042e8   0x080042e8   0x000000a0   Code   RO           30    i.ReadLogicF7000Out  main.o
    0x08004388   0x08004388   0x00000002   Code   RO          318    i.SVC_Handler       stm32f4xx_it.o
    0x0800438a   0x0800438a   0x00000002   PAD
    0x0800438c   0x0800438c   0x000000a8   Code   RO           31    i.SaveParams        main.o
    0x08004434   0x08004434   0x0000005c   Code   RO           34    i.SetupF7000Ready   main.o
    0x08004490   0x08004490   0x00000020   Code   RO           35    i.Stop              main.o
    0x080044b0   0x080044b0   0x00000004   Code   RO          319    i.SysTick_Handler   stm32f4xx_it.o
    0x080044b4   0x080044b4   0x00000090   Code   RO           36    i.SystemClock_Config  main.o
    0x08004544   0x08004544   0x00000054   Code   RO         2985    i.SystemInit        system_stm32f4xx.o
    0x08004598   0x08004598   0x0000000c   Code   RO          320    i.TIM2_IRQHandler   stm32f4xx_it.o
    0x080045a4   0x080045a4   0x000000c8   Code   RO          617    i.TIM_Base_SetConfig  stm32f4xx_hal_tim.o
    0x0800466c   0x0800466c   0x00000014   Code   RO          628    i.TIM_ETR_SetConfig  stm32f4xx_hal_tim.o
    0x08004680   0x08004680   0x00000010   Code   RO          629    i.TIM_ITRx_SetConfig  stm32f4xx_hal_tim.o
    0x08004690   0x08004690   0x00000022   Code   RO          635    i.TIM_TI1_ConfigInputStage  stm32f4xx_hal_tim.o
    0x080046b2   0x080046b2   0x00000002   PAD
    0x080046b4   0x080046b4   0x00000080   Code   RO          636    i.TIM_TI1_SetConfig  stm32f4xx_hal_tim.o
    0x08004734   0x08004734   0x00000024   Code   RO          637    i.TIM_TI2_ConfigInputStage  stm32f4xx_hal_tim.o
    0x08004758   0x08004758   0x00000036   Code   RO          638    i.TIM_TI2_SetConfig  stm32f4xx_hal_tim.o
    0x0800478e   0x0800478e   0x00000002   PAD
    0x08004790   0x08004790   0x0000000c   Code   RO          321    i.UART5_IRQHandler  stm32f4xx_it.o
    0x0800479c   0x0800479c   0x00000010   Code   RO         2669    i.UART_DMAAbortOnError  stm32f4xx_hal_uart.o
    0x080047ac   0x080047ac   0x0000004e   Code   RO         2679    i.UART_EndRxTransfer  stm32f4xx_hal_uart.o
    0x080047fa   0x080047fa   0x000000c0   Code   RO         2681    i.UART_Receive_IT   stm32f4xx_hal_uart.o
    0x080048ba   0x080048ba   0x00000002   PAD
    0x080048bc   0x080048bc   0x0000010c   Code   RO         2682    i.UART_SetConfig    stm32f4xx_hal_uart.o
    0x080049c8   0x080049c8   0x00000036   Code   RO         2684    i.UART_Start_Receive_IT  stm32f4xx_hal_uart.o
    0x080049fe   0x080049fe   0x00000078   Code   RO         2685    i.UART_WaitOnFlagUntilTimeout  stm32f4xx_hal_uart.o
    0x08004a76   0x08004a76   0x00000002   PAD
    0x08004a78   0x08004a78   0x0000000c   Code   RO          322    i.USART6_IRQHandler  stm32f4xx_it.o
    0x08004a84   0x08004a84   0x00000002   Code   RO          323    i.UsageFault_Handler  stm32f4xx_it.o
    0x08004a86   0x08004a86   0x00000002   PAD
    0x08004a88   0x08004a88   0x00000080   Code   RO           37    i.WriteFloatData    main.o
    0x08004b08   0x08004b08   0x0000007c   Code   RO           38    i.WriteIntData      main.o
    0x08004b84   0x08004b84   0x00000030   Code   RO         3187    i.__ARM_fpclassify  m_wm.l(fpclassify.o)
    0x08004bb4   0x08004bb4   0x00000020   Code   RO         2252    i.__NVIC_SetPriority  stm32f4xx_hal_cortex.o
    0x08004bd4   0x08004bd4   0x00000004   PAD
    0x08004bd8   0x08004bd8   0x000000f8   Code   RO         3282    i.__hardfp___mathlib_tofloat  m_wm.l(narrow.o)
    0x08004cd0   0x08004cd0   0x00000038   Code   RO         3073    i.__hardfp_atof     m_wm.l(atof.o)
    0x08004d08   0x08004d08   0x000000d0   Code   RO         3349    i.__hardfp_ldexp    m_wm.l(ldexp.o)
    0x08004dd8   0x08004dd8   0x0000009a   Code   RO         3079    i.__hardfp_roundf   m_wm.l(roundf.o)
    0x08004e72   0x08004e72   0x00000006   PAD
    0x08004e78   0x08004e78   0x00000020   Code   RO         3405    i.__mathlib_dbl_overflow  m_wm.l(dunder.o)
    0x08004e98   0x08004e98   0x00000020   Code   RO         3407    i.__mathlib_dbl_underflow  m_wm.l(dunder.o)
    0x08004eb8   0x08004eb8   0x00000012   Code   RO         3283    i.__mathlib_narrow  m_wm.l(narrow.o)
    0x08004eca   0x08004eca   0x00000014   Code   RO         3351    i.__support_ldexp   m_wm.l(ldexp.o)
    0x08004ede   0x08004ede   0x0000000e   Code   RO         3041    i._is_digit         c_w.l(__printf_wp.o)
    0x08004eec   0x08004eec   0x00000004   PAD
    0x08004ef0   0x08004ef0   0x0000008c   Code   RO         3317    i.frexp             m_wm.l(frexp.o)
    0x08004f7c   0x08004f7c   0x00000240   Code   RO           39    i.main              main.o
    0x080051bc   0x080051bc   0x0000002c   Code   RO         3177    locale$$code        c_w.l(lc_numeric_c.o)
    0x080051e8   0x080051e8   0x0000002c   Code   RO         3262    locale$$code        c_w.l(lc_ctype_c.o)
    0x08005214   0x08005214   0x00000062   Code   RO         3067    x$fpl$d2f           fz_wm.l(d2f.o)
    0x08005276   0x08005276   0x00000002   PAD
    0x08005278   0x08005278   0x00000010   Code   RO         3422    x$fpl$dcheck1       fz_wm.l(dcheck1.o)
    0x08005288   0x08005288   0x00000018   Code   RO         3343    x$fpl$dcmpinf       fz_wm.l(dcmpi.o)
    0x080052a0   0x080052a0   0x00000078   Code   RO         3311    x$fpl$deqf          fz_wm.l(deqf.o)
    0x08005318   0x08005318   0x00000078   Code   RO         3345    x$fpl$dleqf         fz_wm.l(dleqf.o)
    0x08005390   0x08005390   0x00000154   Code   RO         3347    x$fpl$dmul          fz_wm.l(dmul.o)
    0x080054e4   0x080054e4   0x0000009c   Code   RO         3103    x$fpl$dnaninf       fz_wm.l(dnaninf.o)
    0x08005580   0x08005580   0x0000000c   Code   RO         3105    x$fpl$dretinf       fz_wm.l(dretinf.o)
    0x0800558c   0x0800558c   0x0000006c   Code   RO         3313    x$fpl$drleqf        fz_wm.l(drleqf.o)
    0x080055f8   0x080055f8   0x00000056   Code   RO         3069    x$fpl$f2d           fz_wm.l(f2d.o)
    0x0800564e   0x0800564e   0x0000008c   Code   RO         3107    x$fpl$fnaninf       fz_wm.l(fnaninf.o)
    0x080056da   0x080056da   0x0000000a   Code   RO         3274    x$fpl$fpinit        fz_wm.l(fpinit.o)
    0x080056e4   0x080056e4   0x0000000a   Code   RO         3109    x$fpl$fretinf       fz_wm.l(fretinf.o)
    0x080056ee   0x080056ee   0x00000002   PAD
    0x080056f0   0x080056f0   0x00000060   Code   RO         3111    x$fpl$frnd          fz_wm.l(frnd.o)
    0x08005750   0x08005750   0x00000006   Code   RO         3183    x$fpl$ieeestatus    fz_wm.l(istatus.o)
    0x08005756   0x08005756   0x00000004   Code   RO         3071    x$fpl$printf1       fz_wm.l(printf1.o)
    0x0800575a   0x0800575a   0x00000064   Code   RO         3428    x$fpl$retnan        fz_wm.l(retnan.o)
    0x080057be   0x080057be   0x0000005c   Code   RO         3399    x$fpl$scalbn        fz_wm.l(scalbn.o)
    0x0800581a   0x0800581a   0x00000004   Code   RO         3185    x$fpl$scanf1        fz_wm.l(scanf1.o)
    0x0800581e   0x0800581e   0x00000008   Code   RO         3276    x$fpl$scanf2        fz_wm.l(scanf2.o)
    0x08005826   0x08005826   0x00000030   Code   RO         3430    x$fpl$trapveneer    fz_wm.l(trapv.o)
    0x08005856   0x08005856   0x00000000   Code   RO         3113    x$fpl$usenofp       fz_wm.l(usenofp.o)
    0x08005856   0x08005856   0x00000010   Data   RO         2986    .constdata          system_stm32f4xx.o
    0x08005866   0x08005866   0x00000008   Data   RO         2987    .constdata          system_stm32f4xx.o
    0x0800586e   0x0800586e   0x00000002   PAD
    0x08005870   0x08005870   0x00000094   Data   RO         3152    .constdata          c_w.l(bigflt0.o)
    0x08005904   0x08005904   0x00000020   Data   RO         3432    Region$$Table       anon$$obj.o
    0x08005924   0x08005924   0x00000008   Data   RO         3270    c$$dinf             fz_wm.l(fpconst.o)
    0x0800592c   0x0800592c   0x00000008   Data   RO         3273    c$$dmax             fz_wm.l(fpconst.o)
    0x08005934   0x08005934   0x0000001c   Data   RO         3176    locale$$data        c_w.l(lc_numeric_c.o)
    0x08005950   0x08005950   0x00000110   Data   RO         3261    locale$$data        c_w.l(lc_ctype_c.o)


    Execution Region RW_IRAM1 (Exec base: 0x20000000, Load base: 0x08005a60, Size: 0x00000848, Max: 0x0001c000, ABSOLUTE)

    Exec Addr    Load Addr    Size         Type   Attr      Idx    E Section Name        Object

    0x20000000   0x08005a60   0x00000044   Data   RW           41    .data               main.o
    0x20000044   0x08005aa4   0x0000000c   Data   RW         2396    .data               stm32f4xx_hal.o
    0x20000050   0x08005ab0   0x00000004   Data   RW         2988    .data               system_stm32f4xx.o
    0x20000054   0x08005ab4   0x00000004   Data   RW         3055    .data               c_w.l(strtok.o)
    0x20000058        -       0x0000015c   Zero   RW           40    .bss                main.o
    0x200001b4        -       0x00000014   Zero   RW          462    .bss                flash_sector_f4.o
    0x200001c8        -       0x00000020   Zero   RW         1668    .bss                stm32f4xx_hal_flash.o
    0x200001e8        -       0x00000060   Zero   RW         3190    .bss                c_w.l(libspace.o)
    0x20000248        -       0x00000200   Zero   RW            2    HEAP                startup_stm32f407xx.o
    0x20000448        -       0x00000400   Zero   RW            1    STACK               startup_stm32f407xx.o


    Execution Region RW_IRAM2 (Exec base: 0x2001c000, Load base: 0x08005ab8, Size: 0x00000000, Max: 0x00004000, ABSOLUTE)

    **** No section assigned to this execution region ****


==============================================================================

Image component sizes


      Code (inc. data)   RO Data    RW Data    ZI Data      Debug   Object Name

       260         38          0          0         20       3081   flash_sector_f4.o
      3744        392          0         68        348     718482   main.o
        64         26        392          0       1536        928   startup_stm32f407xx.o
       180         28          0         12          0      10073   stm32f4xx_hal.o
       198         14          0          0          0      34451   stm32f4xx_hal_cortex.o
       182          0          0          0          0       2351   stm32f4xx_hal_dma.o
       532         72          0          0         32       8163   stm32f4xx_hal_flash.o
       356         24          0          0          0       4418   stm32f4xx_hal_flash_ex.o
       516         46          0          0          0       3187   stm32f4xx_hal_gpio.o
       348         36          0          0          0       2768   stm32f4xx_hal_msp.o
      1348         76          0          0          0       5744   stm32f4xx_hal_rcc.o
      1670        100          0          0          0      15683   stm32f4xx_hal_tim.o
       148         28          0          0          0       2789   stm32f4xx_hal_tim_ex.o
      1668         16          0          0          0      12536   stm32f4xx_hal_uart.o
        56         18          0          0          0       6459   stm32f4xx_it.o
        84         18         24          4          0       1411   system_stm32f4xx.o

    ----------------------------------------------------------------------
     11388        932        450         84       1936     832524   Object Totals
         0          0         32          0          0          0   (incl. Generated)
        34          0          2          0          0          0   (incl. Padding)

    ----------------------------------------------------------------------

      Code (inc. data)   RO Data    RW Data    ZI Data      Debug   Library Member Name

        44          6          0          0          0         84   __2sprintf.o
         8          0          0          0          0         68   __main.o
       284          0          0          0          0        156   __printf_wp.o
         0          0          0          0          0          0   __rtentry.o
        12          0          0          0          0          0   __rtentry2.o
         6          0          0          0          0          0   __rtentry4.o
        52          8          0          0          0          0   __scatter.o
        26          0          0          0          0          0   __scatter_copy.o
        28          0          0          0          0          0   __scatter_zi.o
        28          0          0          0          0         68   _chval.o
        48          6          0          0          0         96   _printf_char_common.o
         6          0          0          0          0          0   _printf_d.o
       120         16          0          0          0         92   _printf_dec.o
         6          0          0          0          0          0   _printf_f.o
      1054          0          0          0          0        216   _printf_fp_dec.o
       128         16          0          0          0         84   _printf_fp_infnan.o
       178          0          0          0          0         88   _printf_intcommon.o
         0          0          0          0          0          0   _printf_percent.o
         4          0          0          0          0          0   _printf_percent_end.o
        22          0          0          0          0        100   _rserrno.o
        64          0          0          0          0         84   _sgetc.o
        10          0          0          0          0         68   _sputc.o
       228          4        148          0          0         96   bigflt0.o
      2152        136          0          0          0        960   btod.o
        18          0          0          0          0         80   exit.o
         6          0          0          0          0        152   heapauxi.o
         0          0          0          0          0          0   indicate_semi.o
        18          0          0          0          0         76   isspace.o
        44         10        272          0          0         76   lc_ctype_c.o
        44         10         28          0          0         76   lc_numeric_c.o
         2          0          0          0          0          0   libinit.o
        34          0          0          0          0          0   libinit2.o
         2          0          0          0          0          0   libshutdown.o
         2          0          0          0          0          0   libshutdown2.o
         8          4          0          0         96         68   libspace.o
        38          0          0          0          0         68   llshl.o
       138          0          0          0          0         80   lludiv10.o
       238          0          0          0          0        100   lludivv7m.o
        16          4          0          0          0         76   rt_ctype_table.o
         8          4          0          0          0         68   rt_errno_addr_intlibspace.o
         8          4          0          0          0         68   rt_locale_intlibspace.o
        68          0          0          0          0         68   rt_memclr.o
        78          0          0          0          0         80   rt_memclr_w.o
         2          0          0          0          0          0   rtexit.o
        10          0          0          0          0          0   rtexit2.o
      1272         16          0          0          0        168   scanf_fp.o
       800         14          0          0          0        100   scanf_hexfp.o
       308         16          0          0          0        100   scanf_infnan.o
       128          0          0          0          0         68   strcmpv7m.o
        32          0          0          0          0         80   strcspn.o
        62          0          0          0          0         76   strlen.o
        28          0          0          0          0         80   strspn.o
       164         14          0          0          0        120   strtod.o
        12          6          0          4          0         68   strtok.o
        68          4          0          0          0         84   strtok_int.o
        12          4          0          0          0         68   sys_exit.o
        74          0          0          0          0         80   sys_stackheap_outer.o
         2          0          0          0          0         68   use_no_semi.o
        98          4          0          0          0        140   d2f.o
        16          4          0          0          0        116   dcheck1.o
        24          0          0          0          0        116   dcmpi.o
       120          4          0          0          0        140   deqf.o
       120          4          0          0          0        140   dleqf.o
       340         12          0          0          0        152   dmul.o
       156          4          0          0          0        140   dnaninf.o
        12          0          0          0          0        116   dretinf.o
       108          0          0          0          0        128   drleqf.o
        86          4          0          0          0        132   f2d.o
       140          4          0          0          0        132   fnaninf.o
         0          0         16          0          0          0   fpconst.o
        10          0          0          0          0        116   fpinit.o
        10          0          0          0          0        116   fretinf.o
        96          4          0          0          0        124   frnd.o
         6          0          0          0          0        116   istatus.o
         4          0          0          0          0        116   printf1.o
       100          0          0          0          0        116   retnan.o
        92          0          0          0          0        116   scalbn.o
         4          0          0          0          0        116   scanf1.o
         8          0          0          0          0        132   scanf2.o
        48          0          0          0          0        116   trapv.o
         0          0          0          0          0          0   usenofp.o
        56         12          0          0          0        132   atof.o
        64         16          0          0          0        248   dunder.o
        48          0          0          0          0        124   fpclassify.o
       140         22          0          0          0        132   frexp.o
       228          8          0          0          0        308   ldexp.o
       266         16          0          0          0        308   narrow.o
       154          0          0          0          0        140   roundf.o

    ----------------------------------------------------------------------
     10834        420        464          4         96       8584   Library Totals
        28          0          0          0          0          0   (incl. Padding)

    ----------------------------------------------------------------------

      Code (inc. data)   RO Data    RW Data    ZI Data      Debug   Library Name

      8252        302        448          4         96       4556   c_w.l
      1598         44         16          0          0       2636   fz_wm.l
       956         74          0          0          0       1392   m_wm.l

    ----------------------------------------------------------------------
     10834        420        464          4         96       8584   Library Totals

    ----------------------------------------------------------------------

==============================================================================


      Code (inc. data)   RO Data    RW Data    ZI Data      Debug   

     22222       1352        914         88       2032     825560   Grand Totals
     22222       1352        914         88       2032     825560   ELF Image Totals
     22222       1352        914         88          0          0   ROM Totals

==============================================================================

    Total RO  Size (Code + RO Data)                23136 (  22.59kB)
    Total RW  Size (RW Data + ZI Data)              2120 (   2.07kB)
    Total ROM Size (Code + RO Data + RW Data)      23224 (  22.68kB)

==============================================================================

