17:27:49 **** Incremental Build of configuration Debug for project FreeFallVer2 ****
make -j8 all 
arm-none-eabi-gcc "../Core/Src/main.c" -mcpu=cortex-m4 -std=gnu11 -g3 -DDEBUG -DUSE_HAL_DRIVER -DSTM32F407xx -c -I../Core/Inc -IC:/Users/thanh/STM32Cube/Repository/STM32Cube_FW_F4_V1.26.2/Drivers/STM32F4xx_HAL_Driver/Inc -IC:/Users/thanh/STM32Cube/Repository/STM32Cube_FW_F4_V1.26.2/Drivers/STM32F4xx_HAL_Driver/Inc/Legacy -IC:/Users/thanh/STM32Cube/Repository/STM32Cube_FW_F4_V1.26.2/Drivers/CMSIS/Device/ST/STM32F4xx/Include -IC:/Users/thanh/STM32Cube/Repository/STM32Cube_FW_F4_V1.26.2/Drivers/CMSIS/Include -O0 -ffunction-sections -fdata-sections -Wall -fstack-usage -MMD -MP -MF"Core/Src/main.d" -MT"Core/Src/main.o" --specs=nano.specs -mfpu=fpv4-sp-d16 -mfloat-abi=hard -mthumb -o "Core/Src/main.o"
../Core/Src/main.c: In function 'ExtractMotionCode':
../Core/Src/main.c:294:10: warning: passing argument 1 of 'memset' discards 'volatile' qualifier from pointer target type [-Wdiscarded-qualifiers]
  294 |  memset (RxPCBuff, '\0', sizeof (RxPCBuff)); // reset
      |          ^~~~~~~~
In file included from ../Core/Src/main.c:25:
c:\st\stm32cubeide_1.10.1\stm32cubeide\plugins\com.st.stm32cube.ide.mcu.externaltools.gnu-tools-for-stm32.10.3-2021.10.win32_1.0.0.202111181127\tools\arm-none-eabi\include\string.h:33:17: note: expected 'void *' but argument is of type 'volatile uint8_t *' {aka 'volatile unsigned char *'}
   33 | void *  memset (void *, int, size_t);
      |                 ^~~~~~
../Core/Src/main.c: In function 'HAL_UART_RxCpltCallback':
../Core/Src/main.c:2043:18: warning: comparison between pointer and integer
 2043 |     if (RxPCData != NULL) // remove the null character
      |                  ^~
../Core/Src/main.c:2088:21: warning: comparison between pointer and integer
 2088 |     if (RxUart3Data != NULL) // remove the null character
      |                     ^~
../Core/Src/main.c: In function 'main':
../Core/Src/main.c:2627:16: warning: passing argument 1 of 'memset' discards 'volatile' qualifier from pointer target type [-Wdiscarded-qualifiers]
 2627 |        memset (RxDriverBuff, '\0', sizeof (RxDriverBuff)); // reset buffer
      |                ^~~~~~~~~~~~
In file included from ../Core/Src/main.c:25:
c:\st\stm32cubeide_1.10.1\stm32cubeide\plugins\com.st.stm32cube.ide.mcu.externaltools.gnu-tools-for-stm32.10.3-2021.10.win32_1.0.0.202111181127\tools\arm-none-eabi\include\string.h:33:17: note: expected 'void *' but argument is of type 'volatile uint8_t *' {aka 'volatile unsigned char *'}
   33 | void *  memset (void *, int, size_t);
      |                 ^~~~~~
../Core/Src/main.c: In function 'ProcessReceivedCommand':
../Core/Src/main.c:1559:14: warning: 'sprintf' may write a terminating nul past the end of the destination [-Wformat-overflow=]
 1559 |    TxPCLen = sprintf(ParamBuffer,"p%.2f/%d/%d/%d/%.1f/%.2f/%.2f/%.1f/%.2f/%.2f/%.3f/%.4f/%.4fe"
      |              ^~~~~~~~~~~~~~~~~~~~~~~~~~~~~~~~~~~~~~~~~~~~~~~~~~~~~~~~~~~~~~~~~~~~~~~~~~~~~~~~~~
 1560 |                     ,DrumRadius, PullingSpeed, StoppingTime, SampleTime,
      |                     ~~~~~~~~~~~~~~~~~~~~~~~~~~~~~~~~~~~~~~~~~~~~~~~~~~~~
 1561 |            DroppingAccelDistance, DroppingAccel, DroppingDecel,
      |            ~~~~~~~~~~~~~~~~~~~~~~~~~~~~~~~~~~~~~~~~~~~~~~~~~~~~
 1562 |                      PullingAccelDistance, PullingAccel, PullingDecel,
      |                      ~~~~~~~~~~~~~~~~~~~~~~~~~~~~~~~~~~~~~~~~~~~~~~~~~
 1563 |            Kp, Ki, Kd); // Combine to a string
      |            ~~~~~~~~~~~
../Core/Src/main.c:1559:14: note: 'sprintf' output between 48 and 3159 bytes into a destination of size 60
../Core/Src/main.c:1963:15: warning: 'e' directive writing 1 byte into a region of size between 0 and 3 [-Wformat-overflow=]
 1963 |     TxPCLen = sprintf(KdBuffer,"r43/%.4fe",Kd);
      |               ^~~~~~~~~~~~~~~~~~~~~~~~~~~~~~~~
../Core/Src/main.c:1963:15: note: 'sprintf' output between 9 and 321 bytes into a destination of size 10
../Core/Src/main.c:1948:15: warning: 'e' directive writing 1 byte into a region of size between 0 and 3 [-Wformat-overflow=]
 1948 |     TxPCLen = sprintf(KiBuffer,"r42/%.4fe",Ki);
      |               ^~~~~~~~~~~~~~~~~~~~~~~~~~~~~~~~
../Core/Src/main.c:1948:15: note: 'sprintf' output between 9 and 321 bytes into a destination of size 10
../Core/Src/main.c:1932:15: warning: 'sprintf' may write a terminating nul past the end of the destination [-Wformat-overflow=]
 1932 |     TxPCLen = sprintf(KpBuffer,"r41/%.3fe",Kp);
      |               ^~~~~~~~~~~~~~~~~~~~~~~~~~~~~~~~
../Core/Src/main.c:1932:15: note: 'sprintf' output between 9 and 320 bytes into a destination of size 10
../Core/Src/main.c:1634:15: warning: 'sprintf' may write a terminating nul past the end of the destination [-Wformat-overflow=]
 1634 |     TxPCLen = sprintf(DroppingAccelBuffer,"r15/%.3fe",DroppingAccel);
      |               ^~~~~~~~~~~~~~~~~~~~~~~~~~~~~~~~~~~~~~~~~~~~~~~~~~~~~~
../Core/Src/main.c:1634:15: note: 'sprintf' output between 9 and 320 bytes into a destination of size 10
arm-none-eabi-gcc -o "FreeFallVer2.elf" @"objects.list"   -mcpu=cortex-m4 -T"C:\Users\thanh\OneDrive - Sejong University\NV_THANH\Liintech_Company\STM32_Programs\Main_Program_UART6_Interrupt_Method\FreeFallVer2\STM32F407VGTX_FLASH.ld" --specs=nosys.specs -Wl,-Map="FreeFallVer2.map" -Wl,--gc-sections -static -u_printf_float --specs=nano.specs -mfpu=fpv4-sp-d16 -mfloat-abi=hard -mthumb -Wl,--start-group -lc -lm -Wl,--end-group
Finished building target: FreeFallVer2.elf
 
arm-none-eabi-size   FreeFallVer2.elf 
arm-none-eabi-objdump -h -S  FreeFallVer2.elf  > "FreeFallVer2.list"
   text	   data	    bss	    dec	    hex	filename
  58308	    504	   2440	  61252	   ef44	FreeFallVer2.elf
Finished building: default.size.stdout
 
Finished building: FreeFallVer2.list
 

17:27:53 Build Finished. 0 errors, 9 warnings. (took 4s.215ms)

