12:30:51 **** Incremental Build of configuration Debug for project FreeFallVer2 ****
make -j8 all 
arm-none-eabi-gcc "../Drivers/STM32F4xx_HAL_Driver/Src/stm32f4xx_hal.c" -mcpu=cortex-m4 -std=gnu11 -g3 -DDEBUG -DUSE_HAL_DRIVER -DSTM32F407xx -c -I"C:/Users/Thanh_Engineer/Documents/Liintech/DocAndPrograms/STM32_Programs/Main_Program_UART6_Interrupt_Method/FreeFallVer2/Drivers/STM32F4xx_HAL_Driver/Inc" -I../Core/Inc -O0 -ffunction-sections -fdata-sections -Wall -fstack-usage -MMD -MP -MF"Drivers/STM32F4xx_HAL_Driver/Src/stm32f4xx_hal.d" -MT"Drivers/STM32F4xx_HAL_Driver/Src/stm32f4xx_hal.o" --specs=nano.specs -mfpu=fpv4-sp-d16 -mfloat-abi=hard -mthumb -o "Drivers/STM32F4xx_HAL_Driver/Src/stm32f4xx_hal.o"
arm-none-eabi-gcc "../Drivers/STM32F4xx_HAL_Driver/Src/stm32f4xx_hal_cortex.c" -mcpu=cortex-m4 -std=gnu11 -g3 -DDEBUG -DUSE_HAL_DRIVER -DSTM32F407xx -c -I"C:/Users/Thanh_Engineer/Documents/Liintech/DocAndPrograms/STM32_Programs/Main_Program_UART6_Interrupt_Method/FreeFallVer2/Drivers/STM32F4xx_HAL_Driver/Inc" -I../Core/Inc -O0 -ffunction-sections -fdata-sections -Wall -fstack-usage -MMD -MP -MF"Drivers/STM32F4xx_HAL_Driver/Src/stm32f4xx_hal_cortex.d" -MT"Drivers/STM32F4xx_HAL_Driver/Src/stm32f4xx_hal_cortex.o" --specs=nano.specs -mfpu=fpv4-sp-d16 -mfloat-abi=hard -mthumb -o "Drivers/STM32F4xx_HAL_Driver/Src/stm32f4xx_hal_cortex.o"
arm-none-eabi-gcc "../Drivers/STM32F4xx_HAL_Driver/Src/stm32f4xx_hal_dma.c" -mcpu=cortex-m4 -std=gnu11 -g3 -DDEBUG -DUSE_HAL_DRIVER -DSTM32F407xx -c -I"C:/Users/Thanh_Engineer/Documents/Liintech/DocAndPrograms/STM32_Programs/Main_Program_UART6_Interrupt_Method/FreeFallVer2/Drivers/STM32F4xx_HAL_Driver/Inc" -I../Core/Inc -O0 -ffunction-sections -fdata-sections -Wall -fstack-usage -MMD -MP -MF"Drivers/STM32F4xx_HAL_Driver/Src/stm32f4xx_hal_dma.d" -MT"Drivers/STM32F4xx_HAL_Driver/Src/stm32f4xx_hal_dma.o" --specs=nano.specs -mfpu=fpv4-sp-d16 -mfloat-abi=hard -mthumb -o "Drivers/STM32F4xx_HAL_Driver/Src/stm32f4xx_hal_dma.o"
arm-none-eabi-gcc "../Drivers/STM32F4xx_HAL_Driver/Src/stm32f4xx_hal_dma_ex.c" -mcpu=cortex-m4 -std=gnu11 -g3 -DDEBUG -DUSE_HAL_DRIVER -DSTM32F407xx -c -I"C:/Users/Thanh_Engineer/Documents/Liintech/DocAndPrograms/STM32_Programs/Main_Program_UART6_Interrupt_Method/FreeFallVer2/Drivers/STM32F4xx_HAL_Driver/Inc" -I../Core/Inc -O0 -ffunction-sections -fdata-sections -Wall -fstack-usage -MMD -MP -MF"Drivers/STM32F4xx_HAL_Driver/Src/stm32f4xx_hal_dma_ex.d" -MT"Drivers/STM32F4xx_HAL_Driver/Src/stm32f4xx_hal_dma_ex.o" --specs=nano.specs -mfpu=fpv4-sp-d16 -mfloat-abi=hard -mthumb -o "Drivers/STM32F4xx_HAL_Driver/Src/stm32f4xx_hal_dma_ex.o"
arm-none-eabi-gcc "../Drivers/STM32F4xx_HAL_Driver/Src/stm32f4xx_hal_exti.c" -mcpu=cortex-m4 -std=gnu11 -g3 -DDEBUG -DUSE_HAL_DRIVER -DSTM32F407xx -c -I"C:/Users/Thanh_Engineer/Documents/Liintech/DocAndPrograms/STM32_Programs/Main_Program_UART6_Interrupt_Method/FreeFallVer2/Drivers/STM32F4xx_HAL_Driver/Inc" -I../Core/Inc -O0 -ffunction-sections -fdata-sections -Wall -fstack-usage -MMD -MP -MF"Drivers/STM32F4xx_HAL_Driver/Src/stm32f4xx_hal_exti.d" -MT"Drivers/STM32F4xx_HAL_Driver/Src/stm32f4xx_hal_exti.o" --specs=nano.specs -mfpu=fpv4-sp-d16 -mfloat-abi=hard -mthumb -o "Drivers/STM32F4xx_HAL_Driver/Src/stm32f4xx_hal_exti.o"
arm-none-eabi-gcc "../Drivers/STM32F4xx_HAL_Driver/Src/stm32f4xx_hal_flash.c" -mcpu=cortex-m4 -std=gnu11 -g3 -DDEBUG -DUSE_HAL_DRIVER -DSTM32F407xx -c -I"C:/Users/Thanh_Engineer/Documents/Liintech/DocAndPrograms/STM32_Programs/Main_Program_UART6_Interrupt_Method/FreeFallVer2/Drivers/STM32F4xx_HAL_Driver/Inc" -I../Core/Inc -O0 -ffunction-sections -fdata-sections -Wall -fstack-usage -MMD -MP -MF"Drivers/STM32F4xx_HAL_Driver/Src/stm32f4xx_hal_flash.d" -MT"Drivers/STM32F4xx_HAL_Driver/Src/stm32f4xx_hal_flash.o" --specs=nano.specs -mfpu=fpv4-sp-d16 -mfloat-abi=hard -mthumb -o "Drivers/STM32F4xx_HAL_Driver/Src/stm32f4xx_hal_flash.o"
arm-none-eabi-gcc "../Drivers/STM32F4xx_HAL_Driver/Src/stm32f4xx_hal_flash_ex.c" -mcpu=cortex-m4 -std=gnu11 -g3 -DDEBUG -DUSE_HAL_DRIVER -DSTM32F407xx -c -I"C:/Users/Thanh_Engineer/Documents/Liintech/DocAndPrograms/STM32_Programs/Main_Program_UART6_Interrupt_Method/FreeFallVer2/Drivers/STM32F4xx_HAL_Driver/Inc" -I../Core/Inc -O0 -ffunction-sections -fdata-sections -Wall -fstack-usage -MMD -MP -MF"Drivers/STM32F4xx_HAL_Driver/Src/stm32f4xx_hal_flash_ex.d" -MT"Drivers/STM32F4xx_HAL_Driver/Src/stm32f4xx_hal_flash_ex.o" --specs=nano.specs -mfpu=fpv4-sp-d16 -mfloat-abi=hard -mthumb -o "Drivers/STM32F4xx_HAL_Driver/Src/stm32f4xx_hal_flash_ex.o"
arm-none-eabi-gcc "../Drivers/STM32F4xx_HAL_Driver/Src/stm32f4xx_hal_flash_ramfunc.c" -mcpu=cortex-m4 -std=gnu11 -g3 -DDEBUG -DUSE_HAL_DRIVER -DSTM32F407xx -c -I"C:/Users/Thanh_Engineer/Documents/Liintech/DocAndPrograms/STM32_Programs/Main_Program_UART6_Interrupt_Method/FreeFallVer2/Drivers/STM32F4xx_HAL_Driver/Inc" -I../Core/Inc -O0 -ffunction-sections -fdata-sections -Wall -fstack-usage -MMD -MP -MF"Drivers/STM32F4xx_HAL_Driver/Src/stm32f4xx_hal_flash_ramfunc.d" -MT"Drivers/STM32F4xx_HAL_Driver/Src/stm32f4xx_hal_flash_ramfunc.o" --specs=nano.specs -mfpu=fpv4-sp-d16 -mfloat-abi=hard -mthumb -o "Drivers/STM32F4xx_HAL_Driver/Src/stm32f4xx_hal_flash_ramfunc.o"
In file included from C:/Users/Thanh_Engineer/Documents/Liintech/DocAndPrograms/STM32_Programs/Main_Program_UART6_Interrupt_Method/FreeFallVer2/Drivers/STM32F4xx_HAL_Driver/Inc/stm32f4xx_hal_rcc.h:29,
                 from ../Core/Inc/stm32f4xx_hal_conf.h:275,
                 from C:/Users/Thanh_Engineer/Documents/Liintech/DocAndPrograms/STM32_Programs/Main_Program_UART6_Interrupt_Method/FreeFallVer2/Drivers/STM32F4xx_HAL_Driver/Inc/stm32f4xx_hal.h:30,
                 from ../Drivers/STM32F4xx_HAL_Driver/Src/stm32f4xx_hal_exti.c:87:
C:/Users/Thanh_Engineer/Documents/Liintech/DocAndPrograms/STM32_Programs/Main_Program_UART6_Interrupt_Method/FreeFallVer2/Drivers/STM32F4xx_HAL_Driver/Inc/stm32f4xx_hal_def.h:30:10: fatal error: stm32f4xx.h: No such file or directory
   30 | #include "stm32f4xx.h"
      |          ^~~~~~~~~~~~~
In file included from C:/Users/Thanh_Engineer/Documents/Liintech/DocAndPrograms/STM32_Programs/Main_Program_UART6_Interrupt_Method/FreeFallVer2/Drivers/STM32F4xx_HAL_Driver/Inc/stm32f4xx_hal_rcc.h:29,
                 from ../Core/Inc/stm32f4xx_hal_conf.h:275,
                 from C:/Users/Thanh_Engineer/Documents/Liintech/DocAndPrograms/STM32_Programs/Main_Program_UART6_Interrupt_Method/FreeFallVer2/Drivers/STM32F4xx_HAL_Driver/Inc/stm32f4xx_hal.h:30,
                 from ../Drivers/STM32F4xx_HAL_Driver/Src/stm32f4xx_hal_flash_ramfunc.c:49:
C:/Users/Thanh_Engineer/Documents/Liintech/DocAndPrograms/STM32_Programs/Main_Program_UART6_Interrupt_Method/FreeFallVer2/Drivers/STM32F4xx_HAL_Driver/Inc/stm32f4xx_hal_def.h:30:10: fatal error: stm32f4xx.h: No such file or directory
   30 | #include "stm32f4xx.h"
      |          ^~~~~~~~~~~~~
In file included from C:/Users/Thanh_Engineer/Documents/Liintech/DocAndPrograms/STM32_Programs/Main_Program_UART6_Interrupt_Method/FreeFallVer2/Drivers/STM32F4xx_HAL_Driver/Inc/stm32f4xx_hal_rcc.h:29,
                 from ../Core/Inc/stm32f4xx_hal_conf.h:275,
                 from C:/Users/Thanh_Engineer/Documents/Liintech/DocAndPrograms/STM32_Programs/Main_Program_UART6_Interrupt_Method/FreeFallVer2/Drivers/STM32F4xx_HAL_Driver/Inc/stm32f4xx_hal.h:30,
                 from ../Drivers/STM32F4xx_HAL_Driver/Src/stm32f4xx_hal.c:36:
C:/Users/Thanh_Engineer/Documents/Liintech/DocAndPrograms/STM32_Programs/Main_Program_UART6_Interrupt_Method/FreeFallVer2/Drivers/STM32F4xx_HAL_Driver/Inc/stm32f4xx_hal_def.h:30:10: fatal error: stm32f4xx.h: No such file or directory
   30 | #include "stm32f4xx.h"
      |          ^~~~~~~~~~~~~
In file included from C:/Users/Thanh_Engineer/Documents/Liintech/DocAndPrograms/STM32_Programs/Main_Program_UART6_Interrupt_Method/FreeFallVer2/Drivers/STM32F4xx_HAL_Driver/Inc/stm32f4xx_hal_rcc.h:29,
                 from ../Core/Inc/stm32f4xx_hal_conf.h:275,
                 from C:/Users/Thanh_Engineer/Documents/Liintech/DocAndPrograms/STM32_Programs/Main_Program_UART6_Interrupt_Method/FreeFallVer2/Drivers/STM32F4xx_HAL_Driver/Inc/stm32f4xx_hal.h:30,
                 from ../Drivers/STM32F4xx_HAL_Driver/Src/stm32f4xx_hal_cortex.c:83:
C:/Users/Thanh_Engineer/Documents/Liintech/DocAndPrograms/STM32_Programs/Main_Program_UART6_Interrupt_Method/FreeFallVer2/Drivers/STM32F4xx_HAL_Driver/Inc/stm32f4xx_hal_def.h:30:10: fatal error: stm32f4xx.h: No such file or directory
   30 | #include "stm32f4xx.h"
      |          ^~~~~~~~~~~~~
In file included from C:/Users/Thanh_Engineer/Documents/Liintech/DocAndPrograms/STM32_Programs/Main_Program_UART6_Interrupt_Method/FreeFallVer2/Drivers/STM32F4xx_HAL_Driver/Inc/stm32f4xx_hal_rcc.h:29,
                 from ../Core/Inc/stm32f4xx_hal_conf.h:275,
                 from C:/Users/Thanh_Engineer/Documents/Liintech/DocAndPrograms/STM32_Programs/Main_Program_UART6_Interrupt_Method/FreeFallVer2/Drivers/STM32F4xx_HAL_Driver/Inc/stm32f4xx_hal.h:30,
                 from ../Drivers/STM32F4xx_HAL_Driver/Src/stm32f4xx_hal_dma_ex.c:40:
C:/Users/Thanh_Engineer/Documents/Liintech/DocAndPrograms/STM32_Programs/Main_Program_UART6_Interrupt_Method/FreeFallVer2/Drivers/STM32F4xx_HAL_Driver/Inc/stm32f4xx_hal_def.h:30:10: fatal error: stm32f4xx.h: No such file or directory
   30 | #include "stm32f4xx.h"
      |          ^~~~~~~~~~~~~
In file included from C:/Users/Thanh_Engineer/Documents/Liintech/DocAndPrograms/STM32_Programs/Main_Program_UART6_Interrupt_Method/FreeFallVer2/Drivers/STM32F4xx_HAL_Driver/Inc/stm32f4xx_hal_rcc.h:29,
                 from ../Core/Inc/stm32f4xx_hal_conf.h:275,
                 from C:/Users/Thanh_Engineer/Documents/Liintech/DocAndPrograms/STM32_Programs/Main_Program_UART6_Interrupt_Method/FreeFallVer2/Drivers/STM32F4xx_HAL_Driver/Inc/stm32f4xx_hal.h:30,
                 from ../Drivers/STM32F4xx_HAL_Driver/Src/stm32f4xx_hal_flash.c:78:
C:/Users/Thanh_Engineer/Documents/Liintech/DocAndPrograms/STM32_Programs/Main_Program_UART6_Interrupt_Method/FreeFallVer2/Drivers/STM32F4xx_HAL_Driver/Inc/stm32f4xx_hal_def.h:30:10: fatal error: stm32f4xx.h: No such file or directory
   30 | #include "stm32f4xx.h"
      |          ^~~~~~~~~~~~~
compilation terminated.
In file included from C:/Users/Thanh_Engineer/Documents/Liintech/DocAndPrograms/STM32_Programs/Main_Program_UART6_Interrupt_Method/FreeFallVer2/Drivers/STM32F4xx_HAL_Driver/Inc/stm32f4xx_hal_rcc.h:29,
                 from ../Core/Inc/stm32f4xx_hal_conf.h:275,
                 from C:/Users/Thanh_Engineer/Documents/Liintech/DocAndPrograms/STM32_Programs/Main_Program_UART6_Interrupt_Method/FreeFallVer2/Drivers/STM32F4xx_HAL_Driver/Inc/stm32f4xx_hal.h:30,
                 from ../Drivers/STM32F4xx_HAL_Driver/Src/stm32f4xx_hal_dma.c:98:
C:/Users/Thanh_Engineer/Documents/Liintech/DocAndPrograms/STM32_Programs/Main_Program_UART6_Interrupt_Method/FreeFallVer2/Drivers/STM32F4xx_HAL_Driver/Inc/stm32f4xx_hal_def.h:30:10: fatal error: stm32f4xx.h: No such file or directory
   30 | #include "stm32f4xx.h"
      |          ^~~~~~~~~~~~~
In file included from C:/Users/Thanh_Engineer/Documents/Liintech/DocAndPrograms/STM32_Programs/Main_Program_UART6_Interrupt_Method/FreeFallVer2/Drivers/STM32F4xx_HAL_Driver/Inc/stm32f4xx_hal_rcc.h:29,
                 from ../Core/Inc/stm32f4xx_hal_conf.h:275,
                 from C:/Users/Thanh_Engineer/Documents/Liintech/DocAndPrograms/STM32_Programs/Main_Program_UART6_Interrupt_Method/FreeFallVer2/Drivers/STM32F4xx_HAL_Driver/Inc/stm32f4xx_hal.h:30,
                 from ../Drivers/STM32F4xx_HAL_Driver/Src/stm32f4xx_hal_flash_ex.c:64:
C:/Users/Thanh_Engineer/Documents/Liintech/DocAndPrograms/STM32_Programs/Main_Program_UART6_Interrupt_Method/FreeFallVer2/Drivers/STM32F4xx_HAL_Driver/Inc/stm32f4xx_hal_def.h:30:10: fatal error: stm32f4xx.h: No such file or directory
   30 | #include "stm32f4xx.h"
      |          ^~~~~~~~~~~~~
compilation terminated.
compilation terminated.
compilation terminated.
compilation terminated.
compilation terminated.
compilation terminated.
compilation terminated.
make: *** [Drivers/STM32F4xx_HAL_Driver/Src/subdir.mk:64: Drivers/STM32F4xx_HAL_Driver/Src/stm32f4xx_hal_flash.o] Error 1
make: *** Waiting for unfinished jobs....
make: *** [Drivers/STM32F4xx_HAL_Driver/Src/subdir.mk:64: Drivers/STM32F4xx_HAL_Driver/Src/stm32f4xx_hal_cortex.o] Error 1
make: *** [Drivers/STM32F4xx_HAL_Driver/Src/subdir.mk:64: Drivers/STM32F4xx_HAL_Driver/Src/stm32f4xx_hal_dma_ex.o] Error 1
make: *** [Drivers/STM32F4xx_HAL_Driver/Src/subdir.mk:64: Drivers/STM32F4xx_HAL_Driver/Src/stm32f4xx_hal_flash_ex.o] Error 1
make: *** [Drivers/STM32F4xx_HAL_Driver/Src/subdir.mk:64: Drivers/STM32F4xx_HAL_Driver/Src/stm32f4xx_hal_exti.o] Error 1
make: *** [Drivers/STM32F4xx_HAL_Driver/Src/subdir.mk:64: Drivers/STM32F4xx_HAL_Driver/Src/stm32f4xx_hal_flash_ramfunc.o] Error 1
make: *** [Drivers/STM32F4xx_HAL_Driver/Src/subdir.mk:64: Drivers/STM32F4xx_HAL_Driver/Src/stm32f4xx_hal_dma.o] Error 1
make: *** [Drivers/STM32F4xx_HAL_Driver/Src/subdir.mk:64: Drivers/STM32F4xx_HAL_Driver/Src/stm32f4xx_hal.o] Error 1
"make -j8 all" terminated with exit code 2. Build might be incomplete.
15:03:39 **** Incremental Build of configuration Debug for project FreeFallVer2 ****
make -j8 all 
arm-none-eabi-gcc "../Drivers/STM32F4xx_HAL_Driver/Src/stm32f4xx_hal.c" -mcpu=cortex-m4 -std=gnu11 -g3 -DDEBUG -DUSE_HAL_DRIVER -DSTM32F407xx -c -I"C:/Users/Thanh_Engineer/Documents/Liintech/DocAndPrograms/STM32_Programs/Main_Program_UART6_Interrupt_Method/FreeFallVer2/Drivers/STM32F4xx_HAL_Driver/Inc" -I../Core/Inc -O0 -ffunction-sections -fdata-sections -Wall -fstack-usage -MMD -MP -MF"Drivers/STM32F4xx_HAL_Driver/Src/stm32f4xx_hal.d" -MT"Drivers/STM32F4xx_HAL_Driver/Src/stm32f4xx_hal.o" --specs=nano.specs -mfpu=fpv4-sp-d16 -mfloat-abi=hard -mthumb -o "Drivers/STM32F4xx_HAL_Driver/Src/stm32f4xx_hal.o"
arm-none-eabi-gcc "../Drivers/STM32F4xx_HAL_Driver/Src/stm32f4xx_hal_cortex.c" -mcpu=cortex-m4 -std=gnu11 -g3 -DDEBUG -DUSE_HAL_DRIVER -DSTM32F407xx -c -I"C:/Users/Thanh_Engineer/Documents/Liintech/DocAndPrograms/STM32_Programs/Main_Program_UART6_Interrupt_Method/FreeFallVer2/Drivers/STM32F4xx_HAL_Driver/Inc" -I../Core/Inc -O0 -ffunction-sections -fdata-sections -Wall -fstack-usage -MMD -MP -MF"Drivers/STM32F4xx_HAL_Driver/Src/stm32f4xx_hal_cortex.d" -MT"Drivers/STM32F4xx_HAL_Driver/Src/stm32f4xx_hal_cortex.o" --specs=nano.specs -mfpu=fpv4-sp-d16 -mfloat-abi=hard -mthumb -o "Drivers/STM32F4xx_HAL_Driver/Src/stm32f4xx_hal_cortex.o"
arm-none-eabi-gcc "../Drivers/STM32F4xx_HAL_Driver/Src/stm32f4xx_hal_dma.c" -mcpu=cortex-m4 -std=gnu11 -g3 -DDEBUG -DUSE_HAL_DRIVER -DSTM32F407xx -c -I"C:/Users/Thanh_Engineer/Documents/Liintech/DocAndPrograms/STM32_Programs/Main_Program_UART6_Interrupt_Method/FreeFallVer2/Drivers/STM32F4xx_HAL_Driver/Inc" -I../Core/Inc -O0 -ffunction-sections -fdata-sections -Wall -fstack-usage -MMD -MP -MF"Drivers/STM32F4xx_HAL_Driver/Src/stm32f4xx_hal_dma.d" -MT"Drivers/STM32F4xx_HAL_Driver/Src/stm32f4xx_hal_dma.o" --specs=nano.specs -mfpu=fpv4-sp-d16 -mfloat-abi=hard -mthumb -o "Drivers/STM32F4xx_HAL_Driver/Src/stm32f4xx_hal_dma.o"
arm-none-eabi-gcc "../Drivers/STM32F4xx_HAL_Driver/Src/stm32f4xx_hal_dma_ex.c" -mcpu=cortex-m4 -std=gnu11 -g3 -DDEBUG -DUSE_HAL_DRIVER -DSTM32F407xx -c -I"C:/Users/Thanh_Engineer/Documents/Liintech/DocAndPrograms/STM32_Programs/Main_Program_UART6_Interrupt_Method/FreeFallVer2/Drivers/STM32F4xx_HAL_Driver/Inc" -I../Core/Inc -O0 -ffunction-sections -fdata-sections -Wall -fstack-usage -MMD -MP -MF"Drivers/STM32F4xx_HAL_Driver/Src/stm32f4xx_hal_dma_ex.d" -MT"Drivers/STM32F4xx_HAL_Driver/Src/stm32f4xx_hal_dma_ex.o" --specs=nano.specs -mfpu=fpv4-sp-d16 -mfloat-abi=hard -mthumb -o "Drivers/STM32F4xx_HAL_Driver/Src/stm32f4xx_hal_dma_ex.o"
arm-none-eabi-gcc "../Drivers/STM32F4xx_HAL_Driver/Src/stm32f4xx_hal_exti.c" -mcpu=cortex-m4 -std=gnu11 -g3 -DDEBUG -DUSE_HAL_DRIVER -DSTM32F407xx -c -I"C:/Users/Thanh_Engineer/Documents/Liintech/DocAndPrograms/STM32_Programs/Main_Program_UART6_Interrupt_Method/FreeFallVer2/Drivers/STM32F4xx_HAL_Driver/Inc" -I../Core/Inc -O0 -ffunction-sections -fdata-sections -Wall -fstack-usage -MMD -MP -MF"Drivers/STM32F4xx_HAL_Driver/Src/stm32f4xx_hal_exti.d" -MT"Drivers/STM32F4xx_HAL_Driver/Src/stm32f4xx_hal_exti.o" --specs=nano.specs -mfpu=fpv4-sp-d16 -mfloat-abi=hard -mthumb -o "Drivers/STM32F4xx_HAL_Driver/Src/stm32f4xx_hal_exti.o"
arm-none-eabi-gcc "../Drivers/STM32F4xx_HAL_Driver/Src/stm32f4xx_hal_flash.c" -mcpu=cortex-m4 -std=gnu11 -g3 -DDEBUG -DUSE_HAL_DRIVER -DSTM32F407xx -c -I"C:/Users/Thanh_Engineer/Documents/Liintech/DocAndPrograms/STM32_Programs/Main_Program_UART6_Interrupt_Method/FreeFallVer2/Drivers/STM32F4xx_HAL_Driver/Inc" -I../Core/Inc -O0 -ffunction-sections -fdata-sections -Wall -fstack-usage -MMD -MP -MF"Drivers/STM32F4xx_HAL_Driver/Src/stm32f4xx_hal_flash.d" -MT"Drivers/STM32F4xx_HAL_Driver/Src/stm32f4xx_hal_flash.o" --specs=nano.specs -mfpu=fpv4-sp-d16 -mfloat-abi=hard -mthumb -o "Drivers/STM32F4xx_HAL_Driver/Src/stm32f4xx_hal_flash.o"
arm-none-eabi-gcc "../Drivers/STM32F4xx_HAL_Driver/Src/stm32f4xx_hal_flash_ex.c" -mcpu=cortex-m4 -std=gnu11 -g3 -DDEBUG -DUSE_HAL_DRIVER -DSTM32F407xx -c -I"C:/Users/Thanh_Engineer/Documents/Liintech/DocAndPrograms/STM32_Programs/Main_Program_UART6_Interrupt_Method/FreeFallVer2/Drivers/STM32F4xx_HAL_Driver/Inc" -I../Core/Inc -O0 -ffunction-sections -fdata-sections -Wall -fstack-usage -MMD -MP -MF"Drivers/STM32F4xx_HAL_Driver/Src/stm32f4xx_hal_flash_ex.d" -MT"Drivers/STM32F4xx_HAL_Driver/Src/stm32f4xx_hal_flash_ex.o" --specs=nano.specs -mfpu=fpv4-sp-d16 -mfloat-abi=hard -mthumb -o "Drivers/STM32F4xx_HAL_Driver/Src/stm32f4xx_hal_flash_ex.o"
arm-none-eabi-gcc "../Drivers/STM32F4xx_HAL_Driver/Src/stm32f4xx_hal_flash_ramfunc.c" -mcpu=cortex-m4 -std=gnu11 -g3 -DDEBUG -DUSE_HAL_DRIVER -DSTM32F407xx -c -I"C:/Users/Thanh_Engineer/Documents/Liintech/DocAndPrograms/STM32_Programs/Main_Program_UART6_Interrupt_Method/FreeFallVer2/Drivers/STM32F4xx_HAL_Driver/Inc" -I../Core/Inc -O0 -ffunction-sections -fdata-sections -Wall -fstack-usage -MMD -MP -MF"Drivers/STM32F4xx_HAL_Driver/Src/stm32f4xx_hal_flash_ramfunc.d" -MT"Drivers/STM32F4xx_HAL_Driver/Src/stm32f4xx_hal_flash_ramfunc.o" --specs=nano.specs -mfpu=fpv4-sp-d16 -mfloat-abi=hard -mthumb -o "Drivers/STM32F4xx_HAL_Driver/Src/stm32f4xx_hal_flash_ramfunc.o"
In file included from C:/Users/Thanh_Engineer/Documents/Liintech/DocAndPrograms/STM32_Programs/Main_Program_UART6_Interrupt_Method/FreeFallVer2/Drivers/STM32F4xx_HAL_Driver/Inc/stm32f4xx_hal_rcc.h:29,
                 from ../Core/Inc/stm32f4xx_hal_conf.h:275,
                 from C:/Users/Thanh_Engineer/Documents/Liintech/DocAndPrograms/STM32_Programs/Main_Program_UART6_Interrupt_Method/FreeFallVer2/Drivers/STM32F4xx_HAL_Driver/Inc/stm32f4xx_hal.h:30,
                 from ../Drivers/STM32F4xx_HAL_Driver/Src/stm32f4xx_hal_cortex.c:83:
C:/Users/Thanh_Engineer/Documents/Liintech/DocAndPrograms/STM32_Programs/Main_Program_UART6_Interrupt_Method/FreeFallVer2/Drivers/STM32F4xx_HAL_Driver/Inc/stm32f4xx_hal_def.h:30:10: fatal error: stm32f4xx.h: No such file or directory
   30 | #include "stm32f4xx.h"
      |          ^~~~~~~~~~~~~
In file included from C:/Users/Thanh_Engineer/Documents/Liintech/DocAndPrograms/STM32_Programs/Main_Program_UART6_Interrupt_Method/FreeFallVer2/Drivers/STM32F4xx_HAL_Driver/Inc/stm32f4xx_hal_rcc.h:29,
                 from ../Core/Inc/stm32f4xx_hal_conf.h:275,
                 from C:/Users/Thanh_Engineer/Documents/Liintech/DocAndPrograms/STM32_Programs/Main_Program_UART6_Interrupt_Method/FreeFallVer2/Drivers/STM32F4xx_HAL_Driver/Inc/stm32f4xx_hal.h:30,
                 from ../Drivers/STM32F4xx_HAL_Driver/Src/stm32f4xx_hal_exti.c:87:
C:/Users/Thanh_Engineer/Documents/Liintech/DocAndPrograms/STM32_Programs/Main_Program_UART6_Interrupt_Method/FreeFallVer2/Drivers/STM32F4xx_HAL_Driver/Inc/stm32f4xx_hal_def.h:30:10: fatal error: stm32f4xx.h: No such file or directory
   30 | #include "stm32f4xx.h"
      |          ^~~~~~~~~~~~~
In file included from C:/Users/Thanh_Engineer/Documents/Liintech/DocAndPrograms/STM32_Programs/Main_Program_UART6_Interrupt_Method/FreeFallVer2/Drivers/STM32F4xx_HAL_Driver/Inc/stm32f4xx_hal_rcc.h:29,
                 from ../Core/Inc/stm32f4xx_hal_conf.h:275,
                 from C:/Users/Thanh_Engineer/Documents/Liintech/DocAndPrograms/STM32_Programs/Main_Program_UART6_Interrupt_Method/FreeFallVer2/Drivers/STM32F4xx_HAL_Driver/Inc/stm32f4xx_hal.h:30,
                 from ../Drivers/STM32F4xx_HAL_Driver/Src/stm32f4xx_hal_dma_ex.c:40:
C:/Users/Thanh_Engineer/Documents/Liintech/DocAndPrograms/STM32_Programs/Main_Program_UART6_Interrupt_Method/FreeFallVer2/Drivers/STM32F4xx_HAL_Driver/Inc/stm32f4xx_hal_def.h:30:10: fatal error: stm32f4xx.h: No such file or directory
   30 | #include "stm32f4xx.h"
      |          ^~~~~~~~~~~~~
In file included from C:/Users/Thanh_Engineer/Documents/Liintech/DocAndPrograms/STM32_Programs/Main_Program_UART6_Interrupt_Method/FreeFallVer2/Drivers/STM32F4xx_HAL_Driver/Inc/stm32f4xx_hal_rcc.h:29,
                 from ../Core/Inc/stm32f4xx_hal_conf.h:275,
                 from C:/Users/Thanh_Engineer/Documents/Liintech/DocAndPrograms/STM32_Programs/Main_Program_UART6_Interrupt_Method/FreeFallVer2/Drivers/STM32F4xx_HAL_Driver/Inc/stm32f4xx_hal.h:30,
                 from ../Drivers/STM32F4xx_HAL_Driver/Src/stm32f4xx_hal_flash_ramfunc.c:49:
C:/Users/Thanh_Engineer/Documents/Liintech/DocAndPrograms/STM32_Programs/Main_Program_UART6_Interrupt_Method/FreeFallVer2/Drivers/STM32F4xx_HAL_Driver/Inc/stm32f4xx_hal_def.h:30:10: fatal error: stm32f4xx.h: No such file or directory
   30 | #include "stm32f4xx.h"
      |          ^~~~~~~~~~~~~
In file included from C:/Users/Thanh_Engineer/Documents/Liintech/DocAndPrograms/STM32_Programs/Main_Program_UART6_Interrupt_Method/FreeFallVer2/Drivers/STM32F4xx_HAL_Driver/Inc/stm32f4xx_hal_rcc.h:29,
                 from ../Core/Inc/stm32f4xx_hal_conf.h:275,
                 from C:/Users/Thanh_Engineer/Documents/Liintech/DocAndPrograms/STM32_Programs/Main_Program_UART6_Interrupt_Method/FreeFallVer2/Drivers/STM32F4xx_HAL_Driver/Inc/stm32f4xx_hal.h:30,
                 from ../Drivers/STM32F4xx_HAL_Driver/Src/stm32f4xx_hal_flash_ex.c:64:
C:/Users/Thanh_Engineer/Documents/Liintech/DocAndPrograms/STM32_Programs/Main_Program_UART6_Interrupt_Method/FreeFallVer2/Drivers/STM32F4xx_HAL_Driver/Inc/stm32f4xx_hal_def.h:30:10: fatal error: stm32f4xx.h: No such file or directory
   30 | #include "stm32f4xx.h"
      |          ^~~~~~~~~~~~~
In file included from C:/Users/Thanh_Engineer/Documents/Liintech/DocAndPrograms/STM32_Programs/Main_Program_UART6_Interrupt_Method/FreeFallVer2/Drivers/STM32F4xx_HAL_Driver/Inc/stm32f4xx_hal_rcc.h:29,
                 from ../Core/Inc/stm32f4xx_hal_conf.h:275,
                 from C:/Users/Thanh_Engineer/Documents/Liintech/DocAndPrograms/STM32_Programs/Main_Program_UART6_Interrupt_Method/FreeFallVer2/Drivers/STM32F4xx_HAL_Driver/Inc/stm32f4xx_hal.h:30,
                 from ../Drivers/STM32F4xx_HAL_Driver/Src/stm32f4xx_hal_dma.c:98:
C:/Users/Thanh_Engineer/Documents/Liintech/DocAndPrograms/STM32_Programs/Main_Program_UART6_Interrupt_Method/FreeFallVer2/Drivers/STM32F4xx_HAL_Driver/Inc/stm32f4xx_hal_def.h:30:10: fatal error: stm32f4xx.h: No such file or directory
   30 | #include "stm32f4xx.h"
      |          ^~~~~~~~~~~~~
In file included from C:/Users/Thanh_Engineer/Documents/Liintech/DocAndPrograms/STM32_Programs/Main_Program_UART6_Interrupt_Method/FreeFallVer2/Drivers/STM32F4xx_HAL_Driver/Inc/stm32f4xx_hal_rcc.h:29,
                 from ../Core/Inc/stm32f4xx_hal_conf.h:275,
                 from C:/Users/Thanh_Engineer/Documents/Liintech/DocAndPrograms/STM32_Programs/Main_Program_UART6_Interrupt_Method/FreeFallVer2/Drivers/STM32F4xx_HAL_Driver/Inc/stm32f4xx_hal.h:30,
                 from ../Drivers/STM32F4xx_HAL_Driver/Src/stm32f4xx_hal.c:36:
C:/Users/Thanh_Engineer/Documents/Liintech/DocAndPrograms/STM32_Programs/Main_Program_UART6_Interrupt_Method/FreeFallVer2/Drivers/STM32F4xx_HAL_Driver/Inc/stm32f4xx_hal_def.h:30:10: fatal error: stm32f4xx.h: No such file or directory
   30 | #include "stm32f4xx.h"
      |          ^~~~~~~~~~~~~
In file included from C:/Users/Thanh_Engineer/Documents/Liintech/DocAndPrograms/STM32_Programs/Main_Program_UART6_Interrupt_Method/FreeFallVer2/Drivers/STM32F4xx_HAL_Driver/Inc/stm32f4xx_hal_rcc.h:29,
                 from ../Core/Inc/stm32f4xx_hal_conf.h:275,
                 from C:/Users/Thanh_Engineer/Documents/Liintech/DocAndPrograms/STM32_Programs/Main_Program_UART6_Interrupt_Method/FreeFallVer2/Drivers/STM32F4xx_HAL_Driver/Inc/stm32f4xx_hal.h:30,
                 from ../Drivers/STM32F4xx_HAL_Driver/Src/stm32f4xx_hal_flash.c:78:
C:/Users/Thanh_Engineer/Documents/Liintech/DocAndPrograms/STM32_Programs/Main_Program_UART6_Interrupt_Method/FreeFallVer2/Drivers/STM32F4xx_HAL_Driver/Inc/stm32f4xx_hal_def.h:30:10: fatal error: stm32f4xx.h: No such file or directory
   30 | #include "stm32f4xx.h"
      |          ^~~~~~~~~~~~~
compilation terminated.
compilation terminated.
compilation terminated.
compilation terminated.
compilation terminated.
compilation terminated.
compilation terminated.
compilation terminated.
make: *** [Drivers/STM32F4xx_HAL_Driver/Src/subdir.mk:64: Drivers/STM32F4xx_HAL_Driver/Src/stm32f4xx_hal_cortex.o] Error 1
make: *** Waiting for unfinished jobs....
make: *** [Drivers/STM32F4xx_HAL_Driver/Src/subdir.mk:64: Drivers/STM32F4xx_HAL_Driver/Src/stm32f4xx_hal_dma.o] Error 1
make: *** [Drivers/STM32F4xx_HAL_Driver/Src/subdir.mk:64: Drivers/STM32F4xx_HAL_Driver/Src/stm32f4xx_hal.o] Error 1
make: *** [Drivers/STM32F4xx_HAL_Driver/Src/subdir.mk:64: Drivers/STM32F4xx_HAL_Driver/Src/stm32f4xx_hal_dma_ex.o] Error 1
make: *** [Drivers/STM32F4xx_HAL_Driver/Src/subdir.mk:64: Drivers/STM32F4xx_HAL_Driver/Src/stm32f4xx_hal_exti.o] Error 1
make: *** [Drivers/STM32F4xx_HAL_Driver/Src/subdir.mk:64: Drivers/STM32F4xx_HAL_Driver/Src/stm32f4xx_hal_flash.o] Error 1
make: *** [Drivers/STM32F4xx_HAL_Driver/Src/subdir.mk:64: Drivers/STM32F4xx_HAL_Driver/Src/stm32f4xx_hal_flash_ramfunc.o] Error 1
make: *** [Drivers/STM32F4xx_HAL_Driver/Src/subdir.mk:64: Drivers/STM32F4xx_HAL_Driver/Src/stm32f4xx_hal_flash_ex.o] Error 1
"make -j8 all" terminated with exit code 2. Build might be incomplete.
15:10:35 **** Incremental Build of configuration Debug for project FreeFallVer2 ****
make -j8 all 
arm-none-eabi-gcc "../Drivers/STM32F4xx_HAL_Driver/Src/stm32f4xx_hal.c" -mcpu=cortex-m4 -std=gnu11 -g3 -DDEBUG -DUSE_HAL_DRIVER -DSTM32F407xx -c -I"C:/Users/Thanh_Engineer/Documents/Liintech/DocAndPrograms/STM32_Programs/Main_Program_UART6_Interrupt_Method/FreeFallVer2/Drivers/STM32F4xx_HAL_Driver" -I../Core/Inc -O0 -ffunction-sections -fdata-sections -Wall -fstack-usage -MMD -MP -MF"Drivers/STM32F4xx_HAL_Driver/Src/stm32f4xx_hal.d" -MT"Drivers/STM32F4xx_HAL_Driver/Src/stm32f4xx_hal.o" --specs=nano.specs -mfpu=fpv4-sp-d16 -mfloat-abi=hard -mthumb -o "Drivers/STM32F4xx_HAL_Driver/Src/stm32f4xx_hal.o"
arm-none-eabi-gcc "../Drivers/STM32F4xx_HAL_Driver/Src/stm32f4xx_hal_cortex.c" -mcpu=cortex-m4 -std=gnu11 -g3 -DDEBUG -DUSE_HAL_DRIVER -DSTM32F407xx -c -I"C:/Users/Thanh_Engineer/Documents/Liintech/DocAndPrograms/STM32_Programs/Main_Program_UART6_Interrupt_Method/FreeFallVer2/Drivers/STM32F4xx_HAL_Driver" -I../Core/Inc -O0 -ffunction-sections -fdata-sections -Wall -fstack-usage -MMD -MP -MF"Drivers/STM32F4xx_HAL_Driver/Src/stm32f4xx_hal_cortex.d" -MT"Drivers/STM32F4xx_HAL_Driver/Src/stm32f4xx_hal_cortex.o" --specs=nano.specs -mfpu=fpv4-sp-d16 -mfloat-abi=hard -mthumb -o "Drivers/STM32F4xx_HAL_Driver/Src/stm32f4xx_hal_cortex.o"
arm-none-eabi-gcc "../Drivers/STM32F4xx_HAL_Driver/Src/stm32f4xx_hal_dma.c" -mcpu=cortex-m4 -std=gnu11 -g3 -DDEBUG -DUSE_HAL_DRIVER -DSTM32F407xx -c -I"C:/Users/Thanh_Engineer/Documents/Liintech/DocAndPrograms/STM32_Programs/Main_Program_UART6_Interrupt_Method/FreeFallVer2/Drivers/STM32F4xx_HAL_Driver" -I../Core/Inc -O0 -ffunction-sections -fdata-sections -Wall -fstack-usage -MMD -MP -MF"Drivers/STM32F4xx_HAL_Driver/Src/stm32f4xx_hal_dma.d" -MT"Drivers/STM32F4xx_HAL_Driver/Src/stm32f4xx_hal_dma.o" --specs=nano.specs -mfpu=fpv4-sp-d16 -mfloat-abi=hard -mthumb -o "Drivers/STM32F4xx_HAL_Driver/Src/stm32f4xx_hal_dma.o"
arm-none-eabi-gcc "../Drivers/STM32F4xx_HAL_Driver/Src/stm32f4xx_hal_dma_ex.c" -mcpu=cortex-m4 -std=gnu11 -g3 -DDEBUG -DUSE_HAL_DRIVER -DSTM32F407xx -c -I"C:/Users/Thanh_Engineer/Documents/Liintech/DocAndPrograms/STM32_Programs/Main_Program_UART6_Interrupt_Method/FreeFallVer2/Drivers/STM32F4xx_HAL_Driver" -I../Core/Inc -O0 -ffunction-sections -fdata-sections -Wall -fstack-usage -MMD -MP -MF"Drivers/STM32F4xx_HAL_Driver/Src/stm32f4xx_hal_dma_ex.d" -MT"Drivers/STM32F4xx_HAL_Driver/Src/stm32f4xx_hal_dma_ex.o" --specs=nano.specs -mfpu=fpv4-sp-d16 -mfloat-abi=hard -mthumb -o "Drivers/STM32F4xx_HAL_Driver/Src/stm32f4xx_hal_dma_ex.o"
arm-none-eabi-gcc "../Drivers/STM32F4xx_HAL_Driver/Src/stm32f4xx_hal_exti.c" -mcpu=cortex-m4 -std=gnu11 -g3 -DDEBUG -DUSE_HAL_DRIVER -DSTM32F407xx -c -I"C:/Users/Thanh_Engineer/Documents/Liintech/DocAndPrograms/STM32_Programs/Main_Program_UART6_Interrupt_Method/FreeFallVer2/Drivers/STM32F4xx_HAL_Driver" -I../Core/Inc -O0 -ffunction-sections -fdata-sections -Wall -fstack-usage -MMD -MP -MF"Drivers/STM32F4xx_HAL_Driver/Src/stm32f4xx_hal_exti.d" -MT"Drivers/STM32F4xx_HAL_Driver/Src/stm32f4xx_hal_exti.o" --specs=nano.specs -mfpu=fpv4-sp-d16 -mfloat-abi=hard -mthumb -o "Drivers/STM32F4xx_HAL_Driver/Src/stm32f4xx_hal_exti.o"
arm-none-eabi-gcc "../Drivers/STM32F4xx_HAL_Driver/Src/stm32f4xx_hal_flash.c" -mcpu=cortex-m4 -std=gnu11 -g3 -DDEBUG -DUSE_HAL_DRIVER -DSTM32F407xx -c -I"C:/Users/Thanh_Engineer/Documents/Liintech/DocAndPrograms/STM32_Programs/Main_Program_UART6_Interrupt_Method/FreeFallVer2/Drivers/STM32F4xx_HAL_Driver" -I../Core/Inc -O0 -ffunction-sections -fdata-sections -Wall -fstack-usage -MMD -MP -MF"Drivers/STM32F4xx_HAL_Driver/Src/stm32f4xx_hal_flash.d" -MT"Drivers/STM32F4xx_HAL_Driver/Src/stm32f4xx_hal_flash.o" --specs=nano.specs -mfpu=fpv4-sp-d16 -mfloat-abi=hard -mthumb -o "Drivers/STM32F4xx_HAL_Driver/Src/stm32f4xx_hal_flash.o"
arm-none-eabi-gcc "../Drivers/STM32F4xx_HAL_Driver/Src/stm32f4xx_hal_flash_ex.c" -mcpu=cortex-m4 -std=gnu11 -g3 -DDEBUG -DUSE_HAL_DRIVER -DSTM32F407xx -c -I"C:/Users/Thanh_Engineer/Documents/Liintech/DocAndPrograms/STM32_Programs/Main_Program_UART6_Interrupt_Method/FreeFallVer2/Drivers/STM32F4xx_HAL_Driver" -I../Core/Inc -O0 -ffunction-sections -fdata-sections -Wall -fstack-usage -MMD -MP -MF"Drivers/STM32F4xx_HAL_Driver/Src/stm32f4xx_hal_flash_ex.d" -MT"Drivers/STM32F4xx_HAL_Driver/Src/stm32f4xx_hal_flash_ex.o" --specs=nano.specs -mfpu=fpv4-sp-d16 -mfloat-abi=hard -mthumb -o "Drivers/STM32F4xx_HAL_Driver/Src/stm32f4xx_hal_flash_ex.o"
arm-none-eabi-gcc "../Drivers/STM32F4xx_HAL_Driver/Src/stm32f4xx_hal_flash_ramfunc.c" -mcpu=cortex-m4 -std=gnu11 -g3 -DDEBUG -DUSE_HAL_DRIVER -DSTM32F407xx -c -I"C:/Users/Thanh_Engineer/Documents/Liintech/DocAndPrograms/STM32_Programs/Main_Program_UART6_Interrupt_Method/FreeFallVer2/Drivers/STM32F4xx_HAL_Driver" -I../Core/Inc -O0 -ffunction-sections -fdata-sections -Wall -fstack-usage -MMD -MP -MF"Drivers/STM32F4xx_HAL_Driver/Src/stm32f4xx_hal_flash_ramfunc.d" -MT"Drivers/STM32F4xx_HAL_Driver/Src/stm32f4xx_hal_flash_ramfunc.o" --specs=nano.specs -mfpu=fpv4-sp-d16 -mfloat-abi=hard -mthumb -o "Drivers/STM32F4xx_HAL_Driver/Src/stm32f4xx_hal_flash_ramfunc.o"
../Drivers/STM32F4xx_HAL_Driver/Src/stm32f4xx_hal_dma_ex.c:40:10: fatal error: stm32f4xx_hal.h: No such file or directory
   40 | #include "stm32f4xx_hal.h"
      |          ^~~~~~~~~~~~~~~~~
../Drivers/STM32F4xx_HAL_Driver/Src/stm32f4xx_hal_flash.c:78:10: fatal error: stm32f4xx_hal.h: No such file or directory
   78 | #include "stm32f4xx_hal.h"
      |          ^~~~~~~~~~~~~~~~~
../Drivers/STM32F4xx_HAL_Driver/Src/stm32f4xx_hal_exti.c:87:10: fatal error: stm32f4xx_hal.h: No such file or directory
   87 | #include "stm32f4xx_hal.h"
      |          ^~~~~~~~~~~~~~~~~
../Drivers/STM32F4xx_HAL_Driver/Src/stm32f4xx_hal_flash_ex.c:64:10: fatal error: stm32f4xx_hal.h: No such file or directory
   64 | #include "stm32f4xx_hal.h"
      |          ^~~~~~~~~~~~~~~~~
../Drivers/STM32F4xx_HAL_Driver/Src/stm32f4xx_hal_cortex.c:83:10: fatal error: stm32f4xx_hal.h: No such file or directory
   83 | #include "stm32f4xx_hal.h"
      |          ^~~~~~~~~~~~~~~~~
../Drivers/STM32F4xx_HAL_Driver/Src/stm32f4xx_hal_dma.c:98:10: fatal error: stm32f4xx_hal.h: No such file or directory
   98 | #include "stm32f4xx_hal.h"
      |          ^~~~~~~~~~~~~~~~~
../Drivers/STM32F4xx_HAL_Driver/Src/stm32f4xx_hal_flash_ramfunc.c:49:10: fatal error: stm32f4xx_hal.h: No such file or directory
   49 | #include "stm32f4xx_hal.h"
      |          ^~~~~~~~~~~~~~~~~
../Drivers/STM32F4xx_HAL_Driver/Src/stm32f4xx_hal.c:36:10: fatal error: stm32f4xx_hal.h: No such file or directory
   36 | #include "stm32f4xx_hal.h"
      |          ^~~~~~~~~~~~~~~~~
compilation terminated.
compilation terminated.
compilation terminated.
compilation terminated.
compilation terminated.
compilation terminated.
compilation terminated.
compilation terminated.
make: *** [Drivers/STM32F4xx_HAL_Driver/Src/subdir.mk:64: Drivers/STM32F4xx_HAL_Driver/Src/stm32f4xx_hal_dma.o] Error 1
make: *** Waiting for unfinished jobs....
make: *** [Drivers/STM32F4xx_HAL_Driver/Src/subdir.mk:64: Drivers/STM32F4xx_HAL_Driver/Src/stm32f4xx_hal_exti.o] Error 1
make: *** [Drivers/STM32F4xx_HAL_Driver/Src/subdir.mk:64: Drivers/STM32F4xx_HAL_Driver/Src/stm32f4xx_hal_flash_ex.o] Error 1
make: *** [Drivers/STM32F4xx_HAL_Driver/Src/subdir.mk:64: Drivers/STM32F4xx_HAL_Driver/Src/stm32f4xx_hal_dma_ex.o] Error 1
make: *** [Drivers/STM32F4xx_HAL_Driver/Src/subdir.mk:64: Drivers/STM32F4xx_HAL_Driver/Src/stm32f4xx_hal_cortex.o] Error 1
make: *** [Drivers/STM32F4xx_HAL_Driver/Src/subdir.mk:64: Drivers/STM32F4xx_HAL_Driver/Src/stm32f4xx_hal_flash.o] Error 1
make: *** [Drivers/STM32F4xx_HAL_Driver/Src/subdir.mk:64: Drivers/STM32F4xx_HAL_Driver/Src/stm32f4xx_hal_flash_ramfunc.o] Error 1
make: *** [Drivers/STM32F4xx_HAL_Driver/Src/subdir.mk:64: Drivers/STM32F4xx_HAL_Driver/Src/stm32f4xx_hal.o] Error 1
"make -j8 all" terminated with exit code 2. Build might be incomplete.
15:12:35 **** Build of configuration Debug for project FreeFallVer2 ****
make -j8 all 
arm-none-eabi-gcc "../Drivers/STM32F4xx_HAL_Driver/Src/stm32f4xx_hal.c" -mcpu=cortex-m4 -std=gnu11 -g3 -DDEBUG -DUSE_HAL_DRIVER -DSTM32F407xx -c -I"C:/Users/Thanh_Engineer/Documents/Liintech/DocAndPrograms/STM32_Programs/Main_Program_UART6_Interrupt_Method/FreeFallVer2/Drivers/STM32F4xx_HAL_Driver" -I../Core/Inc -O0 -ffunction-sections -fdata-sections -Wall -fstack-usage -MMD -MP -MF"Drivers/STM32F4xx_HAL_Driver/Src/stm32f4xx_hal.d" -MT"Drivers/STM32F4xx_HAL_Driver/Src/stm32f4xx_hal.o" --specs=nano.specs -mfpu=fpv4-sp-d16 -mfloat-abi=hard -mthumb -o "Drivers/STM32F4xx_HAL_Driver/Src/stm32f4xx_hal.o"
arm-none-eabi-gcc "../Drivers/STM32F4xx_HAL_Driver/Src/stm32f4xx_hal_cortex.c" -mcpu=cortex-m4 -std=gnu11 -g3 -DDEBUG -DUSE_HAL_DRIVER -DSTM32F407xx -c -I"C:/Users/Thanh_Engineer/Documents/Liintech/DocAndPrograms/STM32_Programs/Main_Program_UART6_Interrupt_Method/FreeFallVer2/Drivers/STM32F4xx_HAL_Driver" -I../Core/Inc -O0 -ffunction-sections -fdata-sections -Wall -fstack-usage -MMD -MP -MF"Drivers/STM32F4xx_HAL_Driver/Src/stm32f4xx_hal_cortex.d" -MT"Drivers/STM32F4xx_HAL_Driver/Src/stm32f4xx_hal_cortex.o" --specs=nano.specs -mfpu=fpv4-sp-d16 -mfloat-abi=hard -mthumb -o "Drivers/STM32F4xx_HAL_Driver/Src/stm32f4xx_hal_cortex.o"
arm-none-eabi-gcc "../Drivers/STM32F4xx_HAL_Driver/Src/stm32f4xx_hal_dma.c" -mcpu=cortex-m4 -std=gnu11 -g3 -DDEBUG -DUSE_HAL_DRIVER -DSTM32F407xx -c -I"C:/Users/Thanh_Engineer/Documents/Liintech/DocAndPrograms/STM32_Programs/Main_Program_UART6_Interrupt_Method/FreeFallVer2/Drivers/STM32F4xx_HAL_Driver" -I../Core/Inc -O0 -ffunction-sections -fdata-sections -Wall -fstack-usage -MMD -MP -MF"Drivers/STM32F4xx_HAL_Driver/Src/stm32f4xx_hal_dma.d" -MT"Drivers/STM32F4xx_HAL_Driver/Src/stm32f4xx_hal_dma.o" --specs=nano.specs -mfpu=fpv4-sp-d16 -mfloat-abi=hard -mthumb -o "Drivers/STM32F4xx_HAL_Driver/Src/stm32f4xx_hal_dma.o"
arm-none-eabi-gcc "../Drivers/STM32F4xx_HAL_Driver/Src/stm32f4xx_hal_dma_ex.c" -mcpu=cortex-m4 -std=gnu11 -g3 -DDEBUG -DUSE_HAL_DRIVER -DSTM32F407xx -c -I"C:/Users/Thanh_Engineer/Documents/Liintech/DocAndPrograms/STM32_Programs/Main_Program_UART6_Interrupt_Method/FreeFallVer2/Drivers/STM32F4xx_HAL_Driver" -I../Core/Inc -O0 -ffunction-sections -fdata-sections -Wall -fstack-usage -MMD -MP -MF"Drivers/STM32F4xx_HAL_Driver/Src/stm32f4xx_hal_dma_ex.d" -MT"Drivers/STM32F4xx_HAL_Driver/Src/stm32f4xx_hal_dma_ex.o" --specs=nano.specs -mfpu=fpv4-sp-d16 -mfloat-abi=hard -mthumb -o "Drivers/STM32F4xx_HAL_Driver/Src/stm32f4xx_hal_dma_ex.o"
arm-none-eabi-gcc "../Drivers/STM32F4xx_HAL_Driver/Src/stm32f4xx_hal_exti.c" -mcpu=cortex-m4 -std=gnu11 -g3 -DDEBUG -DUSE_HAL_DRIVER -DSTM32F407xx -c -I"C:/Users/Thanh_Engineer/Documents/Liintech/DocAndPrograms/STM32_Programs/Main_Program_UART6_Interrupt_Method/FreeFallVer2/Drivers/STM32F4xx_HAL_Driver" -I../Core/Inc -O0 -ffunction-sections -fdata-sections -Wall -fstack-usage -MMD -MP -MF"Drivers/STM32F4xx_HAL_Driver/Src/stm32f4xx_hal_exti.d" -MT"Drivers/STM32F4xx_HAL_Driver/Src/stm32f4xx_hal_exti.o" --specs=nano.specs -mfpu=fpv4-sp-d16 -mfloat-abi=hard -mthumb -o "Drivers/STM32F4xx_HAL_Driver/Src/stm32f4xx_hal_exti.o"
arm-none-eabi-gcc "../Drivers/STM32F4xx_HAL_Driver/Src/stm32f4xx_hal_flash.c" -mcpu=cortex-m4 -std=gnu11 -g3 -DDEBUG -DUSE_HAL_DRIVER -DSTM32F407xx -c -I"C:/Users/Thanh_Engineer/Documents/Liintech/DocAndPrograms/STM32_Programs/Main_Program_UART6_Interrupt_Method/FreeFallVer2/Drivers/STM32F4xx_HAL_Driver" -I../Core/Inc -O0 -ffunction-sections -fdata-sections -Wall -fstack-usage -MMD -MP -MF"Drivers/STM32F4xx_HAL_Driver/Src/stm32f4xx_hal_flash.d" -MT"Drivers/STM32F4xx_HAL_Driver/Src/stm32f4xx_hal_flash.o" --specs=nano.specs -mfpu=fpv4-sp-d16 -mfloat-abi=hard -mthumb -o "Drivers/STM32F4xx_HAL_Driver/Src/stm32f4xx_hal_flash.o"
arm-none-eabi-gcc "../Drivers/STM32F4xx_HAL_Driver/Src/stm32f4xx_hal_flash_ex.c" -mcpu=cortex-m4 -std=gnu11 -g3 -DDEBUG -DUSE_HAL_DRIVER -DSTM32F407xx -c -I"C:/Users/Thanh_Engineer/Documents/Liintech/DocAndPrograms/STM32_Programs/Main_Program_UART6_Interrupt_Method/FreeFallVer2/Drivers/STM32F4xx_HAL_Driver" -I../Core/Inc -O0 -ffunction-sections -fdata-sections -Wall -fstack-usage -MMD -MP -MF"Drivers/STM32F4xx_HAL_Driver/Src/stm32f4xx_hal_flash_ex.d" -MT"Drivers/STM32F4xx_HAL_Driver/Src/stm32f4xx_hal_flash_ex.o" --specs=nano.specs -mfpu=fpv4-sp-d16 -mfloat-abi=hard -mthumb -o "Drivers/STM32F4xx_HAL_Driver/Src/stm32f4xx_hal_flash_ex.o"
arm-none-eabi-gcc "../Drivers/STM32F4xx_HAL_Driver/Src/stm32f4xx_hal_flash_ramfunc.c" -mcpu=cortex-m4 -std=gnu11 -g3 -DDEBUG -DUSE_HAL_DRIVER -DSTM32F407xx -c -I"C:/Users/Thanh_Engineer/Documents/Liintech/DocAndPrograms/STM32_Programs/Main_Program_UART6_Interrupt_Method/FreeFallVer2/Drivers/STM32F4xx_HAL_Driver" -I../Core/Inc -O0 -ffunction-sections -fdata-sections -Wall -fstack-usage -MMD -MP -MF"Drivers/STM32F4xx_HAL_Driver/Src/stm32f4xx_hal_flash_ramfunc.d" -MT"Drivers/STM32F4xx_HAL_Driver/Src/stm32f4xx_hal_flash_ramfunc.o" --specs=nano.specs -mfpu=fpv4-sp-d16 -mfloat-abi=hard -mthumb -o "Drivers/STM32F4xx_HAL_Driver/Src/stm32f4xx_hal_flash_ramfunc.o"
../Drivers/STM32F4xx_HAL_Driver/Src/stm32f4xx_hal_cortex.c:83:10: fatal error: stm32f4xx_hal.h: No such file or directory
   83 | #include "stm32f4xx_hal.h"
      |          ^~~~~~~~~~~~~~~~~
compilation terminated.
../Drivers/STM32F4xx_HAL_Driver/Src/stm32f4xx_hal.c:36:10: fatal error: stm32f4xx_hal.h: No such file or directory
   36 | #include "stm32f4xx_hal.h"
      |          ^~~~~~~~~~~~~~~~~
compilation terminated.
../Drivers/STM32F4xx_HAL_Driver/Src/stm32f4xx_hal_dma.c:98:10: fatal error: stm32f4xx_hal.h: No such file or directory
   98 | #include "stm32f4xx_hal.h"
      |          ^~~~~~~~~~~~~~~~~
compilation terminated.
../Drivers/STM32F4xx_HAL_Driver/Src/stm32f4xx_hal_dma_ex.c:40:10: fatal error: stm32f4xx_hal.h: No such file or directory
   40 | #include "stm32f4xx_hal.h"
      |          ^~~~~~~~~~~~~~~~~
compilation terminated.
make: *** [Drivers/STM32F4xx_HAL_Driver/Src/subdir.mk:64: Drivers/STM32F4xx_HAL_Driver/Src/stm32f4xx_hal.o] Error 1
make: *** Waiting for unfinished jobs....
make: *** [Drivers/STM32F4xx_HAL_Driver/Src/subdir.mk:64: Drivers/STM32F4xx_HAL_Driver/Src/stm32f4xx_hal_dma.o] Error 1
make: *** [Drivers/STM32F4xx_HAL_Driver/Src/subdir.mk:64: Drivers/STM32F4xx_HAL_Driver/Src/stm32f4xx_hal_cortex.o] Error 1
make: *** [Drivers/STM32F4xx_HAL_Driver/Src/subdir.mk:64: Drivers/STM32F4xx_HAL_Driver/Src/stm32f4xx_hal_dma_ex.o] Error 1
../Drivers/STM32F4xx_HAL_Driver/Src/stm32f4xx_hal_flash_ex.c:64:10: fatal error: stm32f4xx_hal.h: No such file or directory
   64 | #include "stm32f4xx_hal.h"
      |          ^~~~~~~~~~~~~~~~~
compilation terminated.
../Drivers/STM32F4xx_HAL_Driver/Src/stm32f4xx_hal_exti.c:87:10: fatal error: stm32f4xx_hal.h: No such file or directory
   87 | #include "stm32f4xx_hal.h"
      |          ^~~~~~~~~~~~~~~~~
compilation terminated.
../Drivers/STM32F4xx_HAL_Driver/Src/stm32f4xx_hal_flash.c:78:10: fatal error: stm32f4xx_hal.h: No such file or directory
   78 | #include "stm32f4xx_hal.h"
      |          ^~~~~~~~~~~~~~~~~
compilation terminated.
make: *** [Drivers/STM32F4xx_HAL_Driver/Src/subdir.mk:64: Drivers/STM32F4xx_HAL_Driver/Src/stm32f4xx_hal_flash_ex.o] Error 1
../Drivers/STM32F4xx_HAL_Driver/Src/stm32f4xx_hal_flash_ramfunc.c:49:10: fatal error: stm32f4xx_hal.h: No such file or directory
   49 | #include "stm32f4xx_hal.h"
      |          ^~~~~~~~~~~~~~~~~
compilation terminated.
make: *** [Drivers/STM32F4xx_HAL_Driver/Src/subdir.mk:64: Drivers/STM32F4xx_HAL_Driver/Src/stm32f4xx_hal_flash.o] Error 1
make: *** [Drivers/STM32F4xx_HAL_Driver/Src/subdir.mk:64: Drivers/STM32F4xx_HAL_Driver/Src/stm32f4xx_hal_exti.o] Error 1
make: *** [Drivers/STM32F4xx_HAL_Driver/Src/subdir.mk:64: Drivers/STM32F4xx_HAL_Driver/Src/stm32f4xx_hal_flash_ramfunc.o] Error 1
"make -j8 all" terminated with exit code 2. Build might be incomplete.
15:28:47 **** Build of configuration Debug for project FreeFallVer2 ****
make -j8 all 
arm-none-eabi-gcc "../Drivers/STM32F4xx_HAL_Driver/Src/stm32f4xx_hal.c" -mcpu=cortex-m4 -std=gnu11 -g3 -DDEBUG -DUSE_HAL_DRIVER -DSTM32F407xx -c -I"C:/Users/Thanh_Engineer/Documents/Liintech/DocAndPrograms/STM32_Programs/Main_Program_UART6_Interrupt_Method/FreeFallVer2/Drivers/STM32F4xx_HAL_Driver" -I../Core/Inc -O0 -ffunction-sections -fdata-sections -Wall -fstack-usage -MMD -MP -MF"Drivers/STM32F4xx_HAL_Driver/Src/stm32f4xx_hal.d" -MT"Drivers/STM32F4xx_HAL_Driver/Src/stm32f4xx_hal.o" --specs=nano.specs -mfpu=fpv4-sp-d16 -mfloat-abi=hard -mthumb -o "Drivers/STM32F4xx_HAL_Driver/Src/stm32f4xx_hal.o"
arm-none-eabi-gcc "../Drivers/STM32F4xx_HAL_Driver/Src/stm32f4xx_hal_cortex.c" -mcpu=cortex-m4 -std=gnu11 -g3 -DDEBUG -DUSE_HAL_DRIVER -DSTM32F407xx -c -I"C:/Users/Thanh_Engineer/Documents/Liintech/DocAndPrograms/STM32_Programs/Main_Program_UART6_Interrupt_Method/FreeFallVer2/Drivers/STM32F4xx_HAL_Driver" -I../Core/Inc -O0 -ffunction-sections -fdata-sections -Wall -fstack-usage -MMD -MP -MF"Drivers/STM32F4xx_HAL_Driver/Src/stm32f4xx_hal_cortex.d" -MT"Drivers/STM32F4xx_HAL_Driver/Src/stm32f4xx_hal_cortex.o" --specs=nano.specs -mfpu=fpv4-sp-d16 -mfloat-abi=hard -mthumb -o "Drivers/STM32F4xx_HAL_Driver/Src/stm32f4xx_hal_cortex.o"
arm-none-eabi-gcc "../Drivers/STM32F4xx_HAL_Driver/Src/stm32f4xx_hal_dma.c" -mcpu=cortex-m4 -std=gnu11 -g3 -DDEBUG -DUSE_HAL_DRIVER -DSTM32F407xx -c -I"C:/Users/Thanh_Engineer/Documents/Liintech/DocAndPrograms/STM32_Programs/Main_Program_UART6_Interrupt_Method/FreeFallVer2/Drivers/STM32F4xx_HAL_Driver" -I../Core/Inc -O0 -ffunction-sections -fdata-sections -Wall -fstack-usage -MMD -MP -MF"Drivers/STM32F4xx_HAL_Driver/Src/stm32f4xx_hal_dma.d" -MT"Drivers/STM32F4xx_HAL_Driver/Src/stm32f4xx_hal_dma.o" --specs=nano.specs -mfpu=fpv4-sp-d16 -mfloat-abi=hard -mthumb -o "Drivers/STM32F4xx_HAL_Driver/Src/stm32f4xx_hal_dma.o"
arm-none-eabi-gcc "../Drivers/STM32F4xx_HAL_Driver/Src/stm32f4xx_hal_dma_ex.c" -mcpu=cortex-m4 -std=gnu11 -g3 -DDEBUG -DUSE_HAL_DRIVER -DSTM32F407xx -c -I"C:/Users/Thanh_Engineer/Documents/Liintech/DocAndPrograms/STM32_Programs/Main_Program_UART6_Interrupt_Method/FreeFallVer2/Drivers/STM32F4xx_HAL_Driver" -I../Core/Inc -O0 -ffunction-sections -fdata-sections -Wall -fstack-usage -MMD -MP -MF"Drivers/STM32F4xx_HAL_Driver/Src/stm32f4xx_hal_dma_ex.d" -MT"Drivers/STM32F4xx_HAL_Driver/Src/stm32f4xx_hal_dma_ex.o" --specs=nano.specs -mfpu=fpv4-sp-d16 -mfloat-abi=hard -mthumb -o "Drivers/STM32F4xx_HAL_Driver/Src/stm32f4xx_hal_dma_ex.o"
arm-none-eabi-gcc "../Drivers/STM32F4xx_HAL_Driver/Src/stm32f4xx_hal_exti.c" -mcpu=cortex-m4 -std=gnu11 -g3 -DDEBUG -DUSE_HAL_DRIVER -DSTM32F407xx -c -I"C:/Users/Thanh_Engineer/Documents/Liintech/DocAndPrograms/STM32_Programs/Main_Program_UART6_Interrupt_Method/FreeFallVer2/Drivers/STM32F4xx_HAL_Driver" -I../Core/Inc -O0 -ffunction-sections -fdata-sections -Wall -fstack-usage -MMD -MP -MF"Drivers/STM32F4xx_HAL_Driver/Src/stm32f4xx_hal_exti.d" -MT"Drivers/STM32F4xx_HAL_Driver/Src/stm32f4xx_hal_exti.o" --specs=nano.specs -mfpu=fpv4-sp-d16 -mfloat-abi=hard -mthumb -o "Drivers/STM32F4xx_HAL_Driver/Src/stm32f4xx_hal_exti.o"
arm-none-eabi-gcc "../Drivers/STM32F4xx_HAL_Driver/Src/stm32f4xx_hal_flash.c" -mcpu=cortex-m4 -std=gnu11 -g3 -DDEBUG -DUSE_HAL_DRIVER -DSTM32F407xx -c -I"C:/Users/Thanh_Engineer/Documents/Liintech/DocAndPrograms/STM32_Programs/Main_Program_UART6_Interrupt_Method/FreeFallVer2/Drivers/STM32F4xx_HAL_Driver" -I../Core/Inc -O0 -ffunction-sections -fdata-sections -Wall -fstack-usage -MMD -MP -MF"Drivers/STM32F4xx_HAL_Driver/Src/stm32f4xx_hal_flash.d" -MT"Drivers/STM32F4xx_HAL_Driver/Src/stm32f4xx_hal_flash.o" --specs=nano.specs -mfpu=fpv4-sp-d16 -mfloat-abi=hard -mthumb -o "Drivers/STM32F4xx_HAL_Driver/Src/stm32f4xx_hal_flash.o"
arm-none-eabi-gcc "../Drivers/STM32F4xx_HAL_Driver/Src/stm32f4xx_hal_flash_ex.c" -mcpu=cortex-m4 -std=gnu11 -g3 -DDEBUG -DUSE_HAL_DRIVER -DSTM32F407xx -c -I"C:/Users/Thanh_Engineer/Documents/Liintech/DocAndPrograms/STM32_Programs/Main_Program_UART6_Interrupt_Method/FreeFallVer2/Drivers/STM32F4xx_HAL_Driver" -I../Core/Inc -O0 -ffunction-sections -fdata-sections -Wall -fstack-usage -MMD -MP -MF"Drivers/STM32F4xx_HAL_Driver/Src/stm32f4xx_hal_flash_ex.d" -MT"Drivers/STM32F4xx_HAL_Driver/Src/stm32f4xx_hal_flash_ex.o" --specs=nano.specs -mfpu=fpv4-sp-d16 -mfloat-abi=hard -mthumb -o "Drivers/STM32F4xx_HAL_Driver/Src/stm32f4xx_hal_flash_ex.o"
arm-none-eabi-gcc "../Drivers/STM32F4xx_HAL_Driver/Src/stm32f4xx_hal_flash_ramfunc.c" -mcpu=cortex-m4 -std=gnu11 -g3 -DDEBUG -DUSE_HAL_DRIVER -DSTM32F407xx -c -I"C:/Users/Thanh_Engineer/Documents/Liintech/DocAndPrograms/STM32_Programs/Main_Program_UART6_Interrupt_Method/FreeFallVer2/Drivers/STM32F4xx_HAL_Driver" -I../Core/Inc -O0 -ffunction-sections -fdata-sections -Wall -fstack-usage -MMD -MP -MF"Drivers/STM32F4xx_HAL_Driver/Src/stm32f4xx_hal_flash_ramfunc.d" -MT"Drivers/STM32F4xx_HAL_Driver/Src/stm32f4xx_hal_flash_ramfunc.o" --specs=nano.specs -mfpu=fpv4-sp-d16 -mfloat-abi=hard -mthumb -o "Drivers/STM32F4xx_HAL_Driver/Src/stm32f4xx_hal_flash_ramfunc.o"
../Drivers/STM32F4xx_HAL_Driver/Src/stm32f4xx_hal_cortex.c:83:10: fatal error: stm32f4xx_hal.h: No such file or directory
   83 | #include "stm32f4xx_hal.h"
      |          ^~~~~~~~~~~~~~~~~
compilation terminated.
../Drivers/STM32F4xx_HAL_Driver/Src/stm32f4xx_hal_dma_ex.c:40:10: fatal error: stm32f4xx_hal.h: No such file or directory
   40 | #include "stm32f4xx_hal.h"
      |          ^~~~~~~~~~~~~~~~~
../Drivers/STM32F4xx_HAL_Driver/Src/stm32f4xx_hal_flash_ramfunc.c:49:10: fatal error: stm32f4xx_hal.h: No such file or directory
   49 | #include "stm32f4xx_hal.h"
      |          ^~~~~~~~~~~~~~~~~
compilation terminated.
compilation terminated.
../Drivers/STM32F4xx_HAL_Driver/Src/stm32f4xx_hal_flash_ex.c:64:10: fatal error: stm32f4xx_hal.h: No such file or directory
   64 | #include "stm32f4xx_hal.h"
      |          ^~~~~~~~~~~~~~~~~
../Drivers/STM32F4xx_HAL_Driver/Src/stm32f4xx_hal.c:36:10: fatal error: stm32f4xx_hal.h: No such file or directory
   36 | #include "stm32f4xx_hal.h"
      |          ^~~~~~~~~~~~~~~~~
compilation terminated.
compilation terminated.
../Drivers/STM32F4xx_HAL_Driver/Src/stm32f4xx_hal_dma.c:98:10: fatal error: stm32f4xx_hal.h: No such file or directory
   98 | #include "stm32f4xx_hal.h"
      |          ^~~~~~~~~~~~~~~~~
../Drivers/STM32F4xx_HAL_Driver/Src/stm32f4xx_hal_exti.c:87:10: fatal error: stm32f4xx_hal.h: No such file or directory
   87 | #include "stm32f4xx_hal.h"
      |          ^~~~~~~~~~~~~~~~~
compilation terminated.
compilation terminated.
../Drivers/STM32F4xx_HAL_Driver/Src/stm32f4xx_hal_flash.c:78:10: fatal error: stm32f4xx_hal.h: No such file or directory
   78 | #include "stm32f4xx_hal.h"
      |          ^~~~~~~~~~~~~~~~~
compilation terminated.
make: *** [Drivers/STM32F4xx_HAL_Driver/Src/subdir.mk:64: Drivers/STM32F4xx_HAL_Driver/Src/stm32f4xx_hal_dma_ex.o] Error 1
make: *** Waiting for unfinished jobs....
make: *** [Drivers/STM32F4xx_HAL_Driver/Src/subdir.mk:64: Drivers/STM32F4xx_HAL_Driver/Src/stm32f4xx_hal_flash_ex.o] Error 1
make: *** [Drivers/STM32F4xx_HAL_Driver/Src/subdir.mk:64: Drivers/STM32F4xx_HAL_Driver/Src/stm32f4xx_hal_flash_ramfunc.o] Error 1
make: *** [Drivers/STM32F4xx_HAL_Driver/Src/subdir.mk:64: Drivers/STM32F4xx_HAL_Driver/Src/stm32f4xx_hal_cortex.o] Error 1
make: *** [Drivers/STM32F4xx_HAL_Driver/Src/subdir.mk:64: Drivers/STM32F4xx_HAL_Driver/Src/stm32f4xx_hal_dma.o] Error 1
make: *** [Drivers/STM32F4xx_HAL_Driver/Src/subdir.mk:64: Drivers/STM32F4xx_HAL_Driver/Src/stm32f4xx_hal.o] Error 1
make: *** [Drivers/STM32F4xx_HAL_Driver/Src/subdir.mk:64: Drivers/STM32F4xx_HAL_Driver/Src/stm32f4xx_hal_exti.o] Error 1
make: *** [Drivers/STM32F4xx_HAL_Driver/Src/subdir.mk:64: Drivers/STM32F4xx_HAL_Driver/Src/stm32f4xx_hal_flash.o] Error 1
"make -j8 all" terminated with exit code 2. Build might be incomplete.
17:02:17 **** Build of configuration Debug for project FreeFallVer_MainProgram ****
make -j8 all 
arm-none-eabi-gcc "../Drivers/STM32F4xx_HAL_Driver/Src/stm32f4xx_hal.c" -mcpu=cortex-m4 -std=gnu11 -g3 -DDEBUG -DUSE_HAL_DRIVER -DSTM32F407xx -c -I../Core/Inc -I../Drivers/STM32F4xx_HAL_Driver/Inc -I../Drivers/STM32F4xx_HAL_Driver/Inc/Legacy -I../Drivers/CMSIS/Device/ST/STM32F4xx/Include -I../Drivers/CMSIS/Include -O0 -ffunction-sections -fdata-sections -Wall -fstack-usage -MMD -MP -MF"Drivers/STM32F4xx_HAL_Driver/Src/stm32f4xx_hal.d" -MT"Drivers/STM32F4xx_HAL_Driver/Src/stm32f4xx_hal.o" --specs=nano.specs -mfpu=fpv4-sp-d16 -mfloat-abi=hard -mthumb -o "Drivers/STM32F4xx_HAL_Driver/Src/stm32f4xx_hal.o"
arm-none-eabi-gcc "../Drivers/STM32F4xx_HAL_Driver/Src/stm32f4xx_hal_cortex.c" -mcpu=cortex-m4 -std=gnu11 -g3 -DDEBUG -DUSE_HAL_DRIVER -DSTM32F407xx -c -I../Core/Inc -I../Drivers/STM32F4xx_HAL_Driver/Inc -I../Drivers/STM32F4xx_HAL_Driver/Inc/Legacy -I../Drivers/CMSIS/Device/ST/STM32F4xx/Include -I../Drivers/CMSIS/Include -O0 -ffunction-sections -fdata-sections -Wall -fstack-usage -MMD -MP -MF"Drivers/STM32F4xx_HAL_Driver/Src/stm32f4xx_hal_cortex.d" -MT"Drivers/STM32F4xx_HAL_Driver/Src/stm32f4xx_hal_cortex.o" --specs=nano.specs -mfpu=fpv4-sp-d16 -mfloat-abi=hard -mthumb -o "Drivers/STM32F4xx_HAL_Driver/Src/stm32f4xx_hal_cortex.o"
arm-none-eabi-gcc "../Drivers/STM32F4xx_HAL_Driver/Src/stm32f4xx_hal_dma.c" -mcpu=cortex-m4 -std=gnu11 -g3 -DDEBUG -DUSE_HAL_DRIVER -DSTM32F407xx -c -I../Core/Inc -I../Drivers/STM32F4xx_HAL_Driver/Inc -I../Drivers/STM32F4xx_HAL_Driver/Inc/Legacy -I../Drivers/CMSIS/Device/ST/STM32F4xx/Include -I../Drivers/CMSIS/Include -O0 -ffunction-sections -fdata-sections -Wall -fstack-usage -MMD -MP -MF"Drivers/STM32F4xx_HAL_Driver/Src/stm32f4xx_hal_dma.d" -MT"Drivers/STM32F4xx_HAL_Driver/Src/stm32f4xx_hal_dma.o" --specs=nano.specs -mfpu=fpv4-sp-d16 -mfloat-abi=hard -mthumb -o "Drivers/STM32F4xx_HAL_Driver/Src/stm32f4xx_hal_dma.o"
arm-none-eabi-gcc "../Drivers/STM32F4xx_HAL_Driver/Src/stm32f4xx_hal_dma_ex.c" -mcpu=cortex-m4 -std=gnu11 -g3 -DDEBUG -DUSE_HAL_DRIVER -DSTM32F407xx -c -I../Core/Inc -I../Drivers/STM32F4xx_HAL_Driver/Inc -I../Drivers/STM32F4xx_HAL_Driver/Inc/Legacy -I../Drivers/CMSIS/Device/ST/STM32F4xx/Include -I../Drivers/CMSIS/Include -O0 -ffunction-sections -fdata-sections -Wall -fstack-usage -MMD -MP -MF"Drivers/STM32F4xx_HAL_Driver/Src/stm32f4xx_hal_dma_ex.d" -MT"Drivers/STM32F4xx_HAL_Driver/Src/stm32f4xx_hal_dma_ex.o" --specs=nano.specs -mfpu=fpv4-sp-d16 -mfloat-abi=hard -mthumb -o "Drivers/STM32F4xx_HAL_Driver/Src/stm32f4xx_hal_dma_ex.o"
arm-none-eabi-gcc "../Drivers/STM32F4xx_HAL_Driver/Src/stm32f4xx_hal_exti.c" -mcpu=cortex-m4 -std=gnu11 -g3 -DDEBUG -DUSE_HAL_DRIVER -DSTM32F407xx -c -I../Core/Inc -I../Drivers/STM32F4xx_HAL_Driver/Inc -I../Drivers/STM32F4xx_HAL_Driver/Inc/Legacy -I../Drivers/CMSIS/Device/ST/STM32F4xx/Include -I../Drivers/CMSIS/Include -O0 -ffunction-sections -fdata-sections -Wall -fstack-usage -MMD -MP -MF"Drivers/STM32F4xx_HAL_Driver/Src/stm32f4xx_hal_exti.d" -MT"Drivers/STM32F4xx_HAL_Driver/Src/stm32f4xx_hal_exti.o" --specs=nano.specs -mfpu=fpv4-sp-d16 -mfloat-abi=hard -mthumb -o "Drivers/STM32F4xx_HAL_Driver/Src/stm32f4xx_hal_exti.o"
arm-none-eabi-gcc "../Drivers/STM32F4xx_HAL_Driver/Src/stm32f4xx_hal_flash.c" -mcpu=cortex-m4 -std=gnu11 -g3 -DDEBUG -DUSE_HAL_DRIVER -DSTM32F407xx -c -I../Core/Inc -I../Drivers/STM32F4xx_HAL_Driver/Inc -I../Drivers/STM32F4xx_HAL_Driver/Inc/Legacy -I../Drivers/CMSIS/Device/ST/STM32F4xx/Include -I../Drivers/CMSIS/Include -O0 -ffunction-sections -fdata-sections -Wall -fstack-usage -MMD -MP -MF"Drivers/STM32F4xx_HAL_Driver/Src/stm32f4xx_hal_flash.d" -MT"Drivers/STM32F4xx_HAL_Driver/Src/stm32f4xx_hal_flash.o" --specs=nano.specs -mfpu=fpv4-sp-d16 -mfloat-abi=hard -mthumb -o "Drivers/STM32F4xx_HAL_Driver/Src/stm32f4xx_hal_flash.o"
arm-none-eabi-gcc "../Drivers/STM32F4xx_HAL_Driver/Src/stm32f4xx_hal_flash_ex.c" -mcpu=cortex-m4 -std=gnu11 -g3 -DDEBUG -DUSE_HAL_DRIVER -DSTM32F407xx -c -I../Core/Inc -I../Drivers/STM32F4xx_HAL_Driver/Inc -I../Drivers/STM32F4xx_HAL_Driver/Inc/Legacy -I../Drivers/CMSIS/Device/ST/STM32F4xx/Include -I../Drivers/CMSIS/Include -O0 -ffunction-sections -fdata-sections -Wall -fstack-usage -MMD -MP -MF"Drivers/STM32F4xx_HAL_Driver/Src/stm32f4xx_hal_flash_ex.d" -MT"Drivers/STM32F4xx_HAL_Driver/Src/stm32f4xx_hal_flash_ex.o" --specs=nano.specs -mfpu=fpv4-sp-d16 -mfloat-abi=hard -mthumb -o "Drivers/STM32F4xx_HAL_Driver/Src/stm32f4xx_hal_flash_ex.o"
arm-none-eabi-gcc "../Drivers/STM32F4xx_HAL_Driver/Src/stm32f4xx_hal_flash_ramfunc.c" -mcpu=cortex-m4 -std=gnu11 -g3 -DDEBUG -DUSE_HAL_DRIVER -DSTM32F407xx -c -I../Core/Inc -I../Drivers/STM32F4xx_HAL_Driver/Inc -I../Drivers/STM32F4xx_HAL_Driver/Inc/Legacy -I../Drivers/CMSIS/Device/ST/STM32F4xx/Include -I../Drivers/CMSIS/Include -O0 -ffunction-sections -fdata-sections -Wall -fstack-usage -MMD -MP -MF"Drivers/STM32F4xx_HAL_Driver/Src/stm32f4xx_hal_flash_ramfunc.d" -MT"Drivers/STM32F4xx_HAL_Driver/Src/stm32f4xx_hal_flash_ramfunc.o" --specs=nano.specs -mfpu=fpv4-sp-d16 -mfloat-abi=hard -mthumb -o "Drivers/STM32F4xx_HAL_Driver/Src/stm32f4xx_hal_flash_ramfunc.o"
arm-none-eabi-gcc "../Drivers/STM32F4xx_HAL_Driver/Src/stm32f4xx_hal_gpio.c" -mcpu=cortex-m4 -std=gnu11 -g3 -DDEBUG -DUSE_HAL_DRIVER -DSTM32F407xx -c -I../Core/Inc -I../Drivers/STM32F4xx_HAL_Driver/Inc -I../Drivers/STM32F4xx_HAL_Driver/Inc/Legacy -I../Drivers/CMSIS/Device/ST/STM32F4xx/Include -I../Drivers/CMSIS/Include -O0 -ffunction-sections -fdata-sections -Wall -fstack-usage -MMD -MP -MF"Drivers/STM32F4xx_HAL_Driver/Src/stm32f4xx_hal_gpio.d" -MT"Drivers/STM32F4xx_HAL_Driver/Src/stm32f4xx_hal_gpio.o" --specs=nano.specs -mfpu=fpv4-sp-d16 -mfloat-abi=hard -mthumb -o "Drivers/STM32F4xx_HAL_Driver/Src/stm32f4xx_hal_gpio.o"
arm-none-eabi-gcc "../Drivers/STM32F4xx_HAL_Driver/Src/stm32f4xx_hal_pwr.c" -mcpu=cortex-m4 -std=gnu11 -g3 -DDEBUG -DUSE_HAL_DRIVER -DSTM32F407xx -c -I../Core/Inc -I../Drivers/STM32F4xx_HAL_Driver/Inc -I../Drivers/STM32F4xx_HAL_Driver/Inc/Legacy -I../Drivers/CMSIS/Device/ST/STM32F4xx/Include -I../Drivers/CMSIS/Include -O0 -ffunction-sections -fdata-sections -Wall -fstack-usage -MMD -MP -MF"Drivers/STM32F4xx_HAL_Driver/Src/stm32f4xx_hal_pwr.d" -MT"Drivers/STM32F4xx_HAL_Driver/Src/stm32f4xx_hal_pwr.o" --specs=nano.specs -mfpu=fpv4-sp-d16 -mfloat-abi=hard -mthumb -o "Drivers/STM32F4xx_HAL_Driver/Src/stm32f4xx_hal_pwr.o"
arm-none-eabi-gcc "../Drivers/STM32F4xx_HAL_Driver/Src/stm32f4xx_hal_pwr_ex.c" -mcpu=cortex-m4 -std=gnu11 -g3 -DDEBUG -DUSE_HAL_DRIVER -DSTM32F407xx -c -I../Core/Inc -I../Drivers/STM32F4xx_HAL_Driver/Inc -I../Drivers/STM32F4xx_HAL_Driver/Inc/Legacy -I../Drivers/CMSIS/Device/ST/STM32F4xx/Include -I../Drivers/CMSIS/Include -O0 -ffunction-sections -fdata-sections -Wall -fstack-usage -MMD -MP -MF"Drivers/STM32F4xx_HAL_Driver/Src/stm32f4xx_hal_pwr_ex.d" -MT"Drivers/STM32F4xx_HAL_Driver/Src/stm32f4xx_hal_pwr_ex.o" --specs=nano.specs -mfpu=fpv4-sp-d16 -mfloat-abi=hard -mthumb -o "Drivers/STM32F4xx_HAL_Driver/Src/stm32f4xx_hal_pwr_ex.o"
arm-none-eabi-gcc "../Drivers/STM32F4xx_HAL_Driver/Src/stm32f4xx_hal_rcc.c" -mcpu=cortex-m4 -std=gnu11 -g3 -DDEBUG -DUSE_HAL_DRIVER -DSTM32F407xx -c -I../Core/Inc -I../Drivers/STM32F4xx_HAL_Driver/Inc -I../Drivers/STM32F4xx_HAL_Driver/Inc/Legacy -I../Drivers/CMSIS/Device/ST/STM32F4xx/Include -I../Drivers/CMSIS/Include -O0 -ffunction-sections -fdata-sections -Wall -fstack-usage -MMD -MP -MF"Drivers/STM32F4xx_HAL_Driver/Src/stm32f4xx_hal_rcc.d" -MT"Drivers/STM32F4xx_HAL_Driver/Src/stm32f4xx_hal_rcc.o" --specs=nano.specs -mfpu=fpv4-sp-d16 -mfloat-abi=hard -mthumb -o "Drivers/STM32F4xx_HAL_Driver/Src/stm32f4xx_hal_rcc.o"
arm-none-eabi-gcc "../Drivers/STM32F4xx_HAL_Driver/Src/stm32f4xx_hal_rcc_ex.c" -mcpu=cortex-m4 -std=gnu11 -g3 -DDEBUG -DUSE_HAL_DRIVER -DSTM32F407xx -c -I../Core/Inc -I../Drivers/STM32F4xx_HAL_Driver/Inc -I../Drivers/STM32F4xx_HAL_Driver/Inc/Legacy -I../Drivers/CMSIS/Device/ST/STM32F4xx/Include -I../Drivers/CMSIS/Include -O0 -ffunction-sections -fdata-sections -Wall -fstack-usage -MMD -MP -MF"Drivers/STM32F4xx_HAL_Driver/Src/stm32f4xx_hal_rcc_ex.d" -MT"Drivers/STM32F4xx_HAL_Driver/Src/stm32f4xx_hal_rcc_ex.o" --specs=nano.specs -mfpu=fpv4-sp-d16 -mfloat-abi=hard -mthumb -o "Drivers/STM32F4xx_HAL_Driver/Src/stm32f4xx_hal_rcc_ex.o"
arm-none-eabi-gcc "../Drivers/STM32F4xx_HAL_Driver/Src/stm32f4xx_hal_tim.c" -mcpu=cortex-m4 -std=gnu11 -g3 -DDEBUG -DUSE_HAL_DRIVER -DSTM32F407xx -c -I../Core/Inc -I../Drivers/STM32F4xx_HAL_Driver/Inc -I../Drivers/STM32F4xx_HAL_Driver/Inc/Legacy -I../Drivers/CMSIS/Device/ST/STM32F4xx/Include -I../Drivers/CMSIS/Include -O0 -ffunction-sections -fdata-sections -Wall -fstack-usage -MMD -MP -MF"Drivers/STM32F4xx_HAL_Driver/Src/stm32f4xx_hal_tim.d" -MT"Drivers/STM32F4xx_HAL_Driver/Src/stm32f4xx_hal_tim.o" --specs=nano.specs -mfpu=fpv4-sp-d16 -mfloat-abi=hard -mthumb -o "Drivers/STM32F4xx_HAL_Driver/Src/stm32f4xx_hal_tim.o"
arm-none-eabi-gcc "../Drivers/STM32F4xx_HAL_Driver/Src/stm32f4xx_hal_tim_ex.c" -mcpu=cortex-m4 -std=gnu11 -g3 -DDEBUG -DUSE_HAL_DRIVER -DSTM32F407xx -c -I../Core/Inc -I../Drivers/STM32F4xx_HAL_Driver/Inc -I../Drivers/STM32F4xx_HAL_Driver/Inc/Legacy -I../Drivers/CMSIS/Device/ST/STM32F4xx/Include -I../Drivers/CMSIS/Include -O0 -ffunction-sections -fdata-sections -Wall -fstack-usage -MMD -MP -MF"Drivers/STM32F4xx_HAL_Driver/Src/stm32f4xx_hal_tim_ex.d" -MT"Drivers/STM32F4xx_HAL_Driver/Src/stm32f4xx_hal_tim_ex.o" --specs=nano.specs -mfpu=fpv4-sp-d16 -mfloat-abi=hard -mthumb -o "Drivers/STM32F4xx_HAL_Driver/Src/stm32f4xx_hal_tim_ex.o"
arm-none-eabi-gcc "../Drivers/STM32F4xx_HAL_Driver/Src/stm32f4xx_hal_uart.c" -mcpu=cortex-m4 -std=gnu11 -g3 -DDEBUG -DUSE_HAL_DRIVER -DSTM32F407xx -c -I../Core/Inc -I../Drivers/STM32F4xx_HAL_Driver/Inc -I../Drivers/STM32F4xx_HAL_Driver/Inc/Legacy -I../Drivers/CMSIS/Device/ST/STM32F4xx/Include -I../Drivers/CMSIS/Include -O0 -ffunction-sections -fdata-sections -Wall -fstack-usage -MMD -MP -MF"Drivers/STM32F4xx_HAL_Driver/Src/stm32f4xx_hal_uart.d" -MT"Drivers/STM32F4xx_HAL_Driver/Src/stm32f4xx_hal_uart.o" --specs=nano.specs -mfpu=fpv4-sp-d16 -mfloat-abi=hard -mthumb -o "Drivers/STM32F4xx_HAL_Driver/Src/stm32f4xx_hal_uart.o"
arm-none-eabi-gcc -mcpu=cortex-m4 -g3 -DDEBUG -c -x assembler-with-cpp -MMD -MP -MF"Core/Startup/startup_stm32f407vgtx.d" -MT"Core/Startup/startup_stm32f407vgtx.o" --specs=nano.specs -mfpu=fpv4-sp-d16 -mfloat-abi=hard -mthumb -o "Core/Startup/startup_stm32f407vgtx.o" "../Core/Startup/startup_stm32f407vgtx.s"
arm-none-eabi-gcc "../Core/Src/main.c" -mcpu=cortex-m4 -std=gnu11 -g3 -DDEBUG -DUSE_HAL_DRIVER -DSTM32F407xx -c -I../Core/Inc -I../Drivers/STM32F4xx_HAL_Driver/Inc -I../Drivers/STM32F4xx_HAL_Driver/Inc/Legacy -I../Drivers/CMSIS/Device/ST/STM32F4xx/Include -I../Drivers/CMSIS/Include -O0 -ffunction-sections -fdata-sections -Wall -fstack-usage -MMD -MP -MF"Core/Src/main.d" -MT"Core/Src/main.o" --specs=nano.specs -mfpu=fpv4-sp-d16 -mfloat-abi=hard -mthumb -o "Core/Src/main.o"
arm-none-eabi-gcc "../Core/Src/stm32f4xx_hal_msp.c" -mcpu=cortex-m4 -std=gnu11 -g3 -DDEBUG -DUSE_HAL_DRIVER -DSTM32F407xx -c -I../Core/Inc -I../Drivers/STM32F4xx_HAL_Driver/Inc -I../Drivers/STM32F4xx_HAL_Driver/Inc/Legacy -I../Drivers/CMSIS/Device/ST/STM32F4xx/Include -I../Drivers/CMSIS/Include -O0 -ffunction-sections -fdata-sections -Wall -fstack-usage -MMD -MP -MF"Core/Src/stm32f4xx_hal_msp.d" -MT"Core/Src/stm32f4xx_hal_msp.o" --specs=nano.specs -mfpu=fpv4-sp-d16 -mfloat-abi=hard -mthumb -o "Core/Src/stm32f4xx_hal_msp.o"
arm-none-eabi-gcc "../Core/Src/stm32f4xx_it.c" -mcpu=cortex-m4 -std=gnu11 -g3 -DDEBUG -DUSE_HAL_DRIVER -DSTM32F407xx -c -I../Core/Inc -I../Drivers/STM32F4xx_HAL_Driver/Inc -I../Drivers/STM32F4xx_HAL_Driver/Inc/Legacy -I../Drivers/CMSIS/Device/ST/STM32F4xx/Include -I../Drivers/CMSIS/Include -O0 -ffunction-sections -fdata-sections -Wall -fstack-usage -MMD -MP -MF"Core/Src/stm32f4xx_it.d" -MT"Core/Src/stm32f4xx_it.o" --specs=nano.specs -mfpu=fpv4-sp-d16 -mfloat-abi=hard -mthumb -o "Core/Src/stm32f4xx_it.o"
arm-none-eabi-gcc "../Core/Src/syscalls.c" -mcpu=cortex-m4 -std=gnu11 -g3 -DDEBUG -DUSE_HAL_DRIVER -DSTM32F407xx -c -I../Core/Inc -I../Drivers/STM32F4xx_HAL_Driver/Inc -I../Drivers/STM32F4xx_HAL_Driver/Inc/Legacy -I../Drivers/CMSIS/Device/ST/STM32F4xx/Include -I../Drivers/CMSIS/Include -O0 -ffunction-sections -fdata-sections -Wall -fstack-usage -MMD -MP -MF"Core/Src/syscalls.d" -MT"Core/Src/syscalls.o" --specs=nano.specs -mfpu=fpv4-sp-d16 -mfloat-abi=hard -mthumb -o "Core/Src/syscalls.o"
arm-none-eabi-gcc "../Core/Src/sysmem.c" -mcpu=cortex-m4 -std=gnu11 -g3 -DDEBUG -DUSE_HAL_DRIVER -DSTM32F407xx -c -I../Core/Inc -I../Drivers/STM32F4xx_HAL_Driver/Inc -I../Drivers/STM32F4xx_HAL_Driver/Inc/Legacy -I../Drivers/CMSIS/Device/ST/STM32F4xx/Include -I../Drivers/CMSIS/Include -O0 -ffunction-sections -fdata-sections -Wall -fstack-usage -MMD -MP -MF"Core/Src/sysmem.d" -MT"Core/Src/sysmem.o" --specs=nano.specs -mfpu=fpv4-sp-d16 -mfloat-abi=hard -mthumb -o "Core/Src/sysmem.o"
arm-none-eabi-gcc "../Core/Src/system_stm32f4xx.c" -mcpu=cortex-m4 -std=gnu11 -g3 -DDEBUG -DUSE_HAL_DRIVER -DSTM32F407xx -c -I../Core/Inc -I../Drivers/STM32F4xx_HAL_Driver/Inc -I../Drivers/STM32F4xx_HAL_Driver/Inc/Legacy -I../Drivers/CMSIS/Device/ST/STM32F4xx/Include -I../Drivers/CMSIS/Include -O0 -ffunction-sections -fdata-sections -Wall -fstack-usage -MMD -MP -MF"Core/Src/system_stm32f4xx.d" -MT"Core/Src/system_stm32f4xx.o" --specs=nano.specs -mfpu=fpv4-sp-d16 -mfloat-abi=hard -mthumb -o "Core/Src/system_stm32f4xx.o"
arm-none-eabi-gcc -o "FreeFallVer_MainProgram.elf" @"objects.list"   -mcpu=cortex-m4 -T"C:\Users\Thanh_Engineer\Documents\Liintech\DocAndPrograms\STM32_Programs\Main_Program_UART6_Interrupt_Method\FreeFallVer_MainProgram\STM32F407VGTX_FLASH.ld" --specs=nosys.specs -Wl,-Map="FreeFallVer_MainProgram.map" -Wl,--gc-sections -static --specs=nano.specs -mfpu=fpv4-sp-d16 -mfloat-abi=hard -mthumb -Wl,--start-group -lc -lm -Wl,--end-group
Finished building target: FreeFallVer_MainProgram.elf
 
arm-none-eabi-size   FreeFallVer_MainProgram.elf 
arm-none-eabi-objdump -h -S  FreeFallVer_MainProgram.elf  > "FreeFallVer_MainProgram.list"
   text	   data	    bss	    dec	    hex	filename
  15140	     20	   1916	  17076	   42b4	FreeFallVer_MainProgram.elf
Finished building: default.size.stdout
 
Finished building: FreeFallVer_MainProgram.list
 
17:02:54 **** Incremental Build of configuration Debug for project FreeFallVer_MainProgram ****
make -j8 all 
arm-none-eabi-gcc "../Drivers/STM32F4xx_HAL_Driver/Src/stm32f4xx_hal.c" -mcpu=cortex-m4 -std=gnu11 -g3 -DDEBUG -DUSE_HAL_DRIVER -DSTM32F407xx -c -I../Core/Inc -I../Drivers/STM32F4xx_HAL_Driver/Inc -I../Drivers/STM32F4xx_HAL_Driver/Inc/Legacy -I../Drivers/CMSIS/Device/ST/STM32F4xx/Include -I../Drivers/CMSIS/Include -O0 -ffunction-sections -fdata-sections -Wall -fstack-usage -MMD -MP -MF"Drivers/STM32F4xx_HAL_Driver/Src/stm32f4xx_hal.d" -MT"Drivers/STM32F4xx_HAL_Driver/Src/stm32f4xx_hal.o" --specs=nano.specs -mfpu=fpv4-sp-d16 -mfloat-abi=hard -mthumb -o "Drivers/STM32F4xx_HAL_Driver/Src/stm32f4xx_hal.o"
arm-none-eabi-gcc "../Drivers/STM32F4xx_HAL_Driver/Src/stm32f4xx_hal_cortex.c" -mcpu=cortex-m4 -std=gnu11 -g3 -DDEBUG -DUSE_HAL_DRIVER -DSTM32F407xx -c -I../Core/Inc -I../Drivers/STM32F4xx_HAL_Driver/Inc -I../Drivers/STM32F4xx_HAL_Driver/Inc/Legacy -I../Drivers/CMSIS/Device/ST/STM32F4xx/Include -I../Drivers/CMSIS/Include -O0 -ffunction-sections -fdata-sections -Wall -fstack-usage -MMD -MP -MF"Drivers/STM32F4xx_HAL_Driver/Src/stm32f4xx_hal_cortex.d" -MT"Drivers/STM32F4xx_HAL_Driver/Src/stm32f4xx_hal_cortex.o" --specs=nano.specs -mfpu=fpv4-sp-d16 -mfloat-abi=hard -mthumb -o "Drivers/STM32F4xx_HAL_Driver/Src/stm32f4xx_hal_cortex.o"
arm-none-eabi-gcc "../Drivers/STM32F4xx_HAL_Driver/Src/stm32f4xx_hal_dma.c" -mcpu=cortex-m4 -std=gnu11 -g3 -DDEBUG -DUSE_HAL_DRIVER -DSTM32F407xx -c -I../Core/Inc -I../Drivers/STM32F4xx_HAL_Driver/Inc -I../Drivers/STM32F4xx_HAL_Driver/Inc/Legacy -I../Drivers/CMSIS/Device/ST/STM32F4xx/Include -I../Drivers/CMSIS/Include -O0 -ffunction-sections -fdata-sections -Wall -fstack-usage -MMD -MP -MF"Drivers/STM32F4xx_HAL_Driver/Src/stm32f4xx_hal_dma.d" -MT"Drivers/STM32F4xx_HAL_Driver/Src/stm32f4xx_hal_dma.o" --specs=nano.specs -mfpu=fpv4-sp-d16 -mfloat-abi=hard -mthumb -o "Drivers/STM32F4xx_HAL_Driver/Src/stm32f4xx_hal_dma.o"
arm-none-eabi-gcc "../Drivers/STM32F4xx_HAL_Driver/Src/stm32f4xx_hal_dma_ex.c" -mcpu=cortex-m4 -std=gnu11 -g3 -DDEBUG -DUSE_HAL_DRIVER -DSTM32F407xx -c -I../Core/Inc -I../Drivers/STM32F4xx_HAL_Driver/Inc -I../Drivers/STM32F4xx_HAL_Driver/Inc/Legacy -I../Drivers/CMSIS/Device/ST/STM32F4xx/Include -I../Drivers/CMSIS/Include -O0 -ffunction-sections -fdata-sections -Wall -fstack-usage -MMD -MP -MF"Drivers/STM32F4xx_HAL_Driver/Src/stm32f4xx_hal_dma_ex.d" -MT"Drivers/STM32F4xx_HAL_Driver/Src/stm32f4xx_hal_dma_ex.o" --specs=nano.specs -mfpu=fpv4-sp-d16 -mfloat-abi=hard -mthumb -o "Drivers/STM32F4xx_HAL_Driver/Src/stm32f4xx_hal_dma_ex.o"
arm-none-eabi-gcc "../Drivers/STM32F4xx_HAL_Driver/Src/stm32f4xx_hal_exti.c" -mcpu=cortex-m4 -std=gnu11 -g3 -DDEBUG -DUSE_HAL_DRIVER -DSTM32F407xx -c -I../Core/Inc -I../Drivers/STM32F4xx_HAL_Driver/Inc -I../Drivers/STM32F4xx_HAL_Driver/Inc/Legacy -I../Drivers/CMSIS/Device/ST/STM32F4xx/Include -I../Drivers/CMSIS/Include -O0 -ffunction-sections -fdata-sections -Wall -fstack-usage -MMD -MP -MF"Drivers/STM32F4xx_HAL_Driver/Src/stm32f4xx_hal_exti.d" -MT"Drivers/STM32F4xx_HAL_Driver/Src/stm32f4xx_hal_exti.o" --specs=nano.specs -mfpu=fpv4-sp-d16 -mfloat-abi=hard -mthumb -o "Drivers/STM32F4xx_HAL_Driver/Src/stm32f4xx_hal_exti.o"
arm-none-eabi-gcc "../Drivers/STM32F4xx_HAL_Driver/Src/stm32f4xx_hal_flash.c" -mcpu=cortex-m4 -std=gnu11 -g3 -DDEBUG -DUSE_HAL_DRIVER -DSTM32F407xx -c -I../Core/Inc -I../Drivers/STM32F4xx_HAL_Driver/Inc -I../Drivers/STM32F4xx_HAL_Driver/Inc/Legacy -I../Drivers/CMSIS/Device/ST/STM32F4xx/Include -I../Drivers/CMSIS/Include -O0 -ffunction-sections -fdata-sections -Wall -fstack-usage -MMD -MP -MF"Drivers/STM32F4xx_HAL_Driver/Src/stm32f4xx_hal_flash.d" -MT"Drivers/STM32F4xx_HAL_Driver/Src/stm32f4xx_hal_flash.o" --specs=nano.specs -mfpu=fpv4-sp-d16 -mfloat-abi=hard -mthumb -o "Drivers/STM32F4xx_HAL_Driver/Src/stm32f4xx_hal_flash.o"
arm-none-eabi-gcc "../Drivers/STM32F4xx_HAL_Driver/Src/stm32f4xx_hal_flash_ex.c" -mcpu=cortex-m4 -std=gnu11 -g3 -DDEBUG -DUSE_HAL_DRIVER -DSTM32F407xx -c -I../Core/Inc -I../Drivers/STM32F4xx_HAL_Driver/Inc -I../Drivers/STM32F4xx_HAL_Driver/Inc/Legacy -I../Drivers/CMSIS/Device/ST/STM32F4xx/Include -I../Drivers/CMSIS/Include -O0 -ffunction-sections -fdata-sections -Wall -fstack-usage -MMD -MP -MF"Drivers/STM32F4xx_HAL_Driver/Src/stm32f4xx_hal_flash_ex.d" -MT"Drivers/STM32F4xx_HAL_Driver/Src/stm32f4xx_hal_flash_ex.o" --specs=nano.specs -mfpu=fpv4-sp-d16 -mfloat-abi=hard -mthumb -o "Drivers/STM32F4xx_HAL_Driver/Src/stm32f4xx_hal_flash_ex.o"
arm-none-eabi-gcc "../Drivers/STM32F4xx_HAL_Driver/Src/stm32f4xx_hal_flash_ramfunc.c" -mcpu=cortex-m4 -std=gnu11 -g3 -DDEBUG -DUSE_HAL_DRIVER -DSTM32F407xx -c -I../Core/Inc -I../Drivers/STM32F4xx_HAL_Driver/Inc -I../Drivers/STM32F4xx_HAL_Driver/Inc/Legacy -I../Drivers/CMSIS/Device/ST/STM32F4xx/Include -I../Drivers/CMSIS/Include -O0 -ffunction-sections -fdata-sections -Wall -fstack-usage -MMD -MP -MF"Drivers/STM32F4xx_HAL_Driver/Src/stm32f4xx_hal_flash_ramfunc.d" -MT"Drivers/STM32F4xx_HAL_Driver/Src/stm32f4xx_hal_flash_ramfunc.o" --specs=nano.specs -mfpu=fpv4-sp-d16 -mfloat-abi=hard -mthumb -o "Drivers/STM32F4xx_HAL_Driver/Src/stm32f4xx_hal_flash_ramfunc.o"
arm-none-eabi-gcc "../Drivers/STM32F4xx_HAL_Driver/Src/stm32f4xx_hal_gpio.c" -mcpu=cortex-m4 -std=gnu11 -g3 -DDEBUG -DUSE_HAL_DRIVER -DSTM32F407xx -c -I../Core/Inc -I../Drivers/STM32F4xx_HAL_Driver/Inc -I../Drivers/STM32F4xx_HAL_Driver/Inc/Legacy -I../Drivers/CMSIS/Device/ST/STM32F4xx/Include -I../Drivers/CMSIS/Include -O0 -ffunction-sections -fdata-sections -Wall -fstack-usage -MMD -MP -MF"Drivers/STM32F4xx_HAL_Driver/Src/stm32f4xx_hal_gpio.d" -MT"Drivers/STM32F4xx_HAL_Driver/Src/stm32f4xx_hal_gpio.o" --specs=nano.specs -mfpu=fpv4-sp-d16 -mfloat-abi=hard -mthumb -o "Drivers/STM32F4xx_HAL_Driver/Src/stm32f4xx_hal_gpio.o"
arm-none-eabi-gcc "../Drivers/STM32F4xx_HAL_Driver/Src/stm32f4xx_hal_pwr.c" -mcpu=cortex-m4 -std=gnu11 -g3 -DDEBUG -DUSE_HAL_DRIVER -DSTM32F407xx -c -I../Core/Inc -I../Drivers/STM32F4xx_HAL_Driver/Inc -I../Drivers/STM32F4xx_HAL_Driver/Inc/Legacy -I../Drivers/CMSIS/Device/ST/STM32F4xx/Include -I../Drivers/CMSIS/Include -O0 -ffunction-sections -fdata-sections -Wall -fstack-usage -MMD -MP -MF"Drivers/STM32F4xx_HAL_Driver/Src/stm32f4xx_hal_pwr.d" -MT"Drivers/STM32F4xx_HAL_Driver/Src/stm32f4xx_hal_pwr.o" --specs=nano.specs -mfpu=fpv4-sp-d16 -mfloat-abi=hard -mthumb -o "Drivers/STM32F4xx_HAL_Driver/Src/stm32f4xx_hal_pwr.o"
arm-none-eabi-gcc "../Drivers/STM32F4xx_HAL_Driver/Src/stm32f4xx_hal_pwr_ex.c" -mcpu=cortex-m4 -std=gnu11 -g3 -DDEBUG -DUSE_HAL_DRIVER -DSTM32F407xx -c -I../Core/Inc -I../Drivers/STM32F4xx_HAL_Driver/Inc -I../Drivers/STM32F4xx_HAL_Driver/Inc/Legacy -I../Drivers/CMSIS/Device/ST/STM32F4xx/Include -I../Drivers/CMSIS/Include -O0 -ffunction-sections -fdata-sections -Wall -fstack-usage -MMD -MP -MF"Drivers/STM32F4xx_HAL_Driver/Src/stm32f4xx_hal_pwr_ex.d" -MT"Drivers/STM32F4xx_HAL_Driver/Src/stm32f4xx_hal_pwr_ex.o" --specs=nano.specs -mfpu=fpv4-sp-d16 -mfloat-abi=hard -mthumb -o "Drivers/STM32F4xx_HAL_Driver/Src/stm32f4xx_hal_pwr_ex.o"
arm-none-eabi-gcc "../Drivers/STM32F4xx_HAL_Driver/Src/stm32f4xx_hal_rcc.c" -mcpu=cortex-m4 -std=gnu11 -g3 -DDEBUG -DUSE_HAL_DRIVER -DSTM32F407xx -c -I../Core/Inc -I../Drivers/STM32F4xx_HAL_Driver/Inc -I../Drivers/STM32F4xx_HAL_Driver/Inc/Legacy -I../Drivers/CMSIS/Device/ST/STM32F4xx/Include -I../Drivers/CMSIS/Include -O0 -ffunction-sections -fdata-sections -Wall -fstack-usage -MMD -MP -MF"Drivers/STM32F4xx_HAL_Driver/Src/stm32f4xx_hal_rcc.d" -MT"Drivers/STM32F4xx_HAL_Driver/Src/stm32f4xx_hal_rcc.o" --specs=nano.specs -mfpu=fpv4-sp-d16 -mfloat-abi=hard -mthumb -o "Drivers/STM32F4xx_HAL_Driver/Src/stm32f4xx_hal_rcc.o"
arm-none-eabi-gcc "../Drivers/STM32F4xx_HAL_Driver/Src/stm32f4xx_hal_rcc_ex.c" -mcpu=cortex-m4 -std=gnu11 -g3 -DDEBUG -DUSE_HAL_DRIVER -DSTM32F407xx -c -I../Core/Inc -I../Drivers/STM32F4xx_HAL_Driver/Inc -I../Drivers/STM32F4xx_HAL_Driver/Inc/Legacy -I../Drivers/CMSIS/Device/ST/STM32F4xx/Include -I../Drivers/CMSIS/Include -O0 -ffunction-sections -fdata-sections -Wall -fstack-usage -MMD -MP -MF"Drivers/STM32F4xx_HAL_Driver/Src/stm32f4xx_hal_rcc_ex.d" -MT"Drivers/STM32F4xx_HAL_Driver/Src/stm32f4xx_hal_rcc_ex.o" --specs=nano.specs -mfpu=fpv4-sp-d16 -mfloat-abi=hard -mthumb -o "Drivers/STM32F4xx_HAL_Driver/Src/stm32f4xx_hal_rcc_ex.o"
arm-none-eabi-gcc "../Drivers/STM32F4xx_HAL_Driver/Src/stm32f4xx_hal_tim.c" -mcpu=cortex-m4 -std=gnu11 -g3 -DDEBUG -DUSE_HAL_DRIVER -DSTM32F407xx -c -I../Core/Inc -I../Drivers/STM32F4xx_HAL_Driver/Inc -I../Drivers/STM32F4xx_HAL_Driver/Inc/Legacy -I../Drivers/CMSIS/Device/ST/STM32F4xx/Include -I../Drivers/CMSIS/Include -O0 -ffunction-sections -fdata-sections -Wall -fstack-usage -MMD -MP -MF"Drivers/STM32F4xx_HAL_Driver/Src/stm32f4xx_hal_tim.d" -MT"Drivers/STM32F4xx_HAL_Driver/Src/stm32f4xx_hal_tim.o" --specs=nano.specs -mfpu=fpv4-sp-d16 -mfloat-abi=hard -mthumb -o "Drivers/STM32F4xx_HAL_Driver/Src/stm32f4xx_hal_tim.o"
arm-none-eabi-gcc "../Drivers/STM32F4xx_HAL_Driver/Src/stm32f4xx_hal_tim_ex.c" -mcpu=cortex-m4 -std=gnu11 -g3 -DDEBUG -DUSE_HAL_DRIVER -DSTM32F407xx -c -I../Core/Inc -I../Drivers/STM32F4xx_HAL_Driver/Inc -I../Drivers/STM32F4xx_HAL_Driver/Inc/Legacy -I../Drivers/CMSIS/Device/ST/STM32F4xx/Include -I../Drivers/CMSIS/Include -O0 -ffunction-sections -fdata-sections -Wall -fstack-usage -MMD -MP -MF"Drivers/STM32F4xx_HAL_Driver/Src/stm32f4xx_hal_tim_ex.d" -MT"Drivers/STM32F4xx_HAL_Driver/Src/stm32f4xx_hal_tim_ex.o" --specs=nano.specs -mfpu=fpv4-sp-d16 -mfloat-abi=hard -mthumb -o "Drivers/STM32F4xx_HAL_Driver/Src/stm32f4xx_hal_tim_ex.o"
arm-none-eabi-gcc "../Drivers/STM32F4xx_HAL_Driver/Src/stm32f4xx_hal_uart.c" -mcpu=cortex-m4 -std=gnu11 -g3 -DDEBUG -DUSE_HAL_DRIVER -DSTM32F407xx -c -I../Core/Inc -I../Drivers/STM32F4xx_HAL_Driver/Inc -I../Drivers/STM32F4xx_HAL_Driver/Inc/Legacy -I../Drivers/CMSIS/Device/ST/STM32F4xx/Include -I../Drivers/CMSIS/Include -O0 -ffunction-sections -fdata-sections -Wall -fstack-usage -MMD -MP -MF"Drivers/STM32F4xx_HAL_Driver/Src/stm32f4xx_hal_uart.d" -MT"Drivers/STM32F4xx_HAL_Driver/Src/stm32f4xx_hal_uart.o" --specs=nano.specs -mfpu=fpv4-sp-d16 -mfloat-abi=hard -mthumb -o "Drivers/STM32F4xx_HAL_Driver/Src/stm32f4xx_hal_uart.o"
arm-none-eabi-gcc "../Core/Src/main.c" -mcpu=cortex-m4 -std=gnu11 -g3 -DDEBUG -DUSE_HAL_DRIVER -DSTM32F407xx -c -I../Core/Inc -I../Drivers/STM32F4xx_HAL_Driver/Inc -I../Drivers/STM32F4xx_HAL_Driver/Inc/Legacy -I../Drivers/CMSIS/Device/ST/STM32F4xx/Include -I../Drivers/CMSIS/Include -O0 -ffunction-sections -fdata-sections -Wall -fstack-usage -MMD -MP -MF"Core/Src/main.d" -MT"Core/Src/main.o" --specs=nano.specs -mfpu=fpv4-sp-d16 -mfloat-abi=hard -mthumb -o "Core/Src/main.o"
arm-none-eabi-gcc "../Core/Src/stm32f4xx_hal_msp.c" -mcpu=cortex-m4 -std=gnu11 -g3 -DDEBUG -DUSE_HAL_DRIVER -DSTM32F407xx -c -I../Core/Inc -I../Drivers/STM32F4xx_HAL_Driver/Inc -I../Drivers/STM32F4xx_HAL_Driver/Inc/Legacy -I../Drivers/CMSIS/Device/ST/STM32F4xx/Include -I../Drivers/CMSIS/Include -O0 -ffunction-sections -fdata-sections -Wall -fstack-usage -MMD -MP -MF"Core/Src/stm32f4xx_hal_msp.d" -MT"Core/Src/stm32f4xx_hal_msp.o" --specs=nano.specs -mfpu=fpv4-sp-d16 -mfloat-abi=hard -mthumb -o "Core/Src/stm32f4xx_hal_msp.o"
arm-none-eabi-gcc "../Core/Src/stm32f4xx_it.c" -mcpu=cortex-m4 -std=gnu11 -g3 -DDEBUG -DUSE_HAL_DRIVER -DSTM32F407xx -c -I../Core/Inc -I../Drivers/STM32F4xx_HAL_Driver/Inc -I../Drivers/STM32F4xx_HAL_Driver/Inc/Legacy -I../Drivers/CMSIS/Device/ST/STM32F4xx/Include -I../Drivers/CMSIS/Include -O0 -ffunction-sections -fdata-sections -Wall -fstack-usage -MMD -MP -MF"Core/Src/stm32f4xx_it.d" -MT"Core/Src/stm32f4xx_it.o" --specs=nano.specs -mfpu=fpv4-sp-d16 -mfloat-abi=hard -mthumb -o "Core/Src/stm32f4xx_it.o"
arm-none-eabi-gcc "../Core/Src/system_stm32f4xx.c" -mcpu=cortex-m4 -std=gnu11 -g3 -DDEBUG -DUSE_HAL_DRIVER -DSTM32F407xx -c -I../Core/Inc -I../Drivers/STM32F4xx_HAL_Driver/Inc -I../Drivers/STM32F4xx_HAL_Driver/Inc/Legacy -I../Drivers/CMSIS/Device/ST/STM32F4xx/Include -I../Drivers/CMSIS/Include -O0 -ffunction-sections -fdata-sections -Wall -fstack-usage -MMD -MP -MF"Core/Src/system_stm32f4xx.d" -MT"Core/Src/system_stm32f4xx.o" --specs=nano.specs -mfpu=fpv4-sp-d16 -mfloat-abi=hard -mthumb -o "Core/Src/system_stm32f4xx.o"
arm-none-eabi-gcc "../Core/Inc/FLASH_SECTOR_F4.c" -mcpu=cortex-m4 -std=gnu11 -g3 -DDEBUG -DUSE_HAL_DRIVER -DSTM32F407xx -c -I../Core/Inc -I../Drivers/STM32F4xx_HAL_Driver/Inc -I../Drivers/STM32F4xx_HAL_Driver/Inc/Legacy -I../Drivers/CMSIS/Device/ST/STM32F4xx/Include -I../Drivers/CMSIS/Include -O0 -ffunction-sections -fdata-sections -Wall -fstack-usage -MMD -MP -MF"Core/Inc/FLASH_SECTOR_F4.d" -MT"Core/Inc/FLASH_SECTOR_F4.o" --specs=nano.specs -mfpu=fpv4-sp-d16 -mfloat-abi=hard -mthumb -o "Core/Inc/FLASH_SECTOR_F4.o"
../Core/Src/main.c: In function 'ExtractMotionCode':
../Core/Src/main.c:306:10: warning: passing argument 1 of 'memset' discards 'volatile' qualifier from pointer target type [-Wdiscarded-qualifiers]
  306 |  memset (RxPCBuff, '\0', sizeof (RxPCBuff)); // reset
      |          ^~~~~~~~
In file included from ../Core/Src/main.c:25:
c:\st\stm32cubeide_1.10.1\stm32cubeide\plugins\com.st.stm32cube.ide.mcu.externaltools.gnu-tools-for-stm32.10.3-2021.10.win32_1.0.0.202111181127\tools\arm-none-eabi\include\string.h:33:17: note: expected 'void *' but argument is of type 'volatile uint8_t *' {aka 'volatile unsigned char *'}
   33 | void *  memset (void *, int, size_t);
      |                 ^~~~~~
../Core/Src/main.c: In function 'HAL_UART_RxCpltCallback':
../Core/Src/main.c:2201:18: warning: comparison between pointer and integer
 2201 |     if (RxPCData != NULL) // remove the null character
      |                  ^~
../Core/Src/main.c:2245:21: warning: comparison between pointer and integer
 2245 |     if (RxUart3Data != NULL) // remove the null character
      |                     ^~
../Core/Src/main.c: In function 'main':
../Core/Src/main.c:2775:16: warning: passing argument 1 of 'memset' discards 'volatile' qualifier from pointer target type [-Wdiscarded-qualifiers]
 2775 |        memset (RxDriverBuff, '\0', sizeof (RxDriverBuff)); // reset buffer
      |                ^~~~~~~~~~~~
In file included from ../Core/Src/main.c:25:
c:\st\stm32cubeide_1.10.1\stm32cubeide\plugins\com.st.stm32cube.ide.mcu.externaltools.gnu-tools-for-stm32.10.3-2021.10.win32_1.0.0.202111181127\tools\arm-none-eabi\include\string.h:33:17: note: expected 'void *' but argument is of type 'volatile uint8_t *' {aka 'volatile unsigned char *'}
   33 | void *  memset (void *, int, size_t);
      |                 ^~~~~~
../Core/Src/main.c: In function 'ProcessReceivedCommand':
../Core/Src/main.c:1717:14: warning: 'sprintf' may write a terminating nul past the end of the destination [-Wformat-overflow=]
 1717 |    TxPCLen = sprintf(ParamBuffer,"p%.2f/%d/%d/%d/%.1f/%.2f/%.2f/%.1f/%.2f/%.2f/%.3f/%.4f/%.4fe"
      |              ^~~~~~~~~~~~~~~~~~~~~~~~~~~~~~~~~~~~~~~~~~~~~~~~~~~~~~~~~~~~~~~~~~~~~~~~~~~~~~~~~~
 1718 |                     ,DrumRadius, PullingSpeed, StoppingTime, SampleTime,
      |                     ~~~~~~~~~~~~~~~~~~~~~~~~~~~~~~~~~~~~~~~~~~~~~~~~~~~~
 1719 |            DroppingAccelDistance, DroppingAccel, DroppingDecel,
      |            ~~~~~~~~~~~~~~~~~~~~~~~~~~~~~~~~~~~~~~~~~~~~~~~~~~~~
[...]
   33 | void *  memset (void *, int, size_t);
      |                 ^~~~~~
../Core/Src/main.c: In function 'main':
../Core/Src/main.c:2429:52: warning: format '%f' expects argument of type 'double', but argument 4 has type 'int' [-Wformat=]
 2429 |        TxPCLen = sprintf(ResponseMess,"g14/%.1f/%.1fe",PullingTotalDistance, DroppingTotalDistance);
      |                                                 ~~~^                         ~~~~~~~~~~~~~~~~~~~~~
      |                                                    |                         |
      |                                                    double                    int
      |                                                 %.1d
../Core/Src/main.c:2613:16: warning: passing argument 1 of 'memset' discards 'volatile' qualifier from pointer target type [-Wdiscarded-qualifiers]
 2613 |        memset (RxDriverBuff, '\0', sizeof (RxDriverBuff)); // reset buffer
      |                ^~~~~~~~~~~~
In file included from ../Core/Src/main.c:25:
c:\st\stm32cubeide_1.10.1\stm32cubeide\plugins\com.st.stm32cube.ide.mcu.externaltools.gnu-tools-for-stm32.10.3-2021.10.win32_1.0.0.202111181127\tools\arm-none-eabi\include\string.h:33:17: note: expected 'void *' but argument is of type 'volatile uint8_t *' {aka 'volatile unsigned char *'}
   33 | void *  memset (void *, int, size_t);
      |                 ^~~~~~
arm-none-eabi-gcc -o "FreeFallVer_MainProgram.elf" @"objects.list"   -mcpu=cortex-m4 -T"C:\Users\Thanh_Engineer\Documents\Liintech\DocAndPrograms\STM32_Programs\Main_Program_UART6_Interrupt_Method\FreeFallVer_MainProgram\STM32F407VGTX_FLASH.ld" --specs=nosys.specs -Wl,-Map="FreeFallVer_MainProgram.map" -Wl,--gc-sections -static --specs=nano.specs -mfpu=fpv4-sp-d16 -mfloat-abi=hard -mthumb -u _printf_float -u _scanf_float -Wl,--start-group -lc -lm -Wl,--end-group
Finished building target: FreeFallVer_MainProgram.elf
 
arm-none-eabi-size   FreeFallVer_MainProgram.elf 
arm-none-eabi-objdump -h -S  FreeFallVer_MainProgram.elf  > "FreeFallVer_MainProgram.list"
   text	   data	    bss	    dec	    hex	filename
  65380	    508	   2444	  68332	  10aec	FreeFallVer_MainProgram.elf
Finished building: default.size.stdout
 
Finished building: FreeFallVer_MainProgram.list
 
11:38:10 **** Incremental Build of configuration Debug for project FreeFallVer_MainProgram ****
make -j8 all 
arm-none-eabi-size   FreeFallVer_MainProgram.elf 
   text	   data	    bss	    dec	    hex	filename
  65380	    508	   2444	  68332	  10aec	FreeFallVer_MainProgram.elf
Finished building: default.size.stdout
 
11:38:14 **** Incremental Build of configuration Debug for project FreeFallVer_MainProgram ****
make -j8 all 
arm-none-eabi-size   FreeFallVer_MainProgram.elf 
   text	   data	    bss	    dec	    hex	filename
  65380	    508	   2444	  68332	  10aec	FreeFallVer_MainProgram.elf
Finished building: default.size.stdout
 
11:38:17 **** Incremental Build of configuration Debug for project FreeFallVer_MainProgram ****
make -j8 all 
arm-none-eabi-size   FreeFallVer_MainProgram.elf 
   text	   data	    bss	    dec	    hex	filename
  65380	    508	   2444	  68332	  10aec	FreeFallVer_MainProgram.elf
Finished building: default.size.stdout
 
21:51:15 **** Incremental Build of configuration Debug for project FreeFallVer_MainProgram ****
make -j8 all 
arm-none-eabi-size   FreeFallVer_MainProgram.elf 
   text	   data	    bss	    dec	    hex	filename
  65380	    508	   2444	  68332	  10aec	FreeFallVer_MainProgram.elf
Finished building: default.size.stdout
 
22:04:05 **** Incremental Build of configuration Debug for project FreeFallVer_MainProgram ****
make -j8 all 
arm-none-eabi-gcc "../Core/Src/main.c" -mcpu=cortex-m4 -std=gnu11 -g3 -DDEBUG -DUSE_HAL_DRIVER -DSTM32F407xx -c -I../Core/Inc -I../Drivers/STM32F4xx_HAL_Driver/Inc -I../Drivers/STM32F4xx_HAL_Driver/Inc/Legacy -I../Drivers/CMSIS/Device/ST/STM32F4xx/Include -I../Drivers/CMSIS/Include -O0 -ffunction-sections -fdata-sections -Wall -fstack-usage -MMD -MP -MF"Core/Src/main.d" -MT"Core/Src/main.o" --specs=nano.specs -mfpu=fpv4-sp-d16 -mfloat-abi=hard -mthumb -o "Core/Src/main.o"
../Core/Src/main.c: In function 'ExtractMotionCode':
../Core/Src/main.c:265:10: warning: passing argument 1 of 'memset' discards 'volatile' qualifier from pointer target type [-Wdiscarded-qualifiers]
  265 |  memset (RxPCBuff, '\0', sizeof (RxPCBuff)); // reset
      |          ^~~~~~~~
In file included from ../Core/Src/main.c:26:
c:\st\stm32cubeide_1.10.1\stm32cubeide\plugins\com.st.stm32cube.ide.mcu.externaltools.gnu-tools-for-stm32.10.3-2021.10.win32_1.0.0.202111181127\tools\arm-none-eabi\include\string.h:33:17: note: expected 'void *' but argument is of type 'volatile uint8_t *' {aka 'volatile unsigned char *'}
   33 | void *  memset (void *, int, size_t);
      |                 ^~~~~~
../Core/Src/main.c: In function 'main':
../Core/Src/main.c:2431:52: warning: format '%f' expects argument of type 'double', but argument 4 has type 'int' [-Wformat=]
 2431 |        TxPCLen = sprintf(ResponseMess,"g14/%.1f/%.1fe",PullingTotalDistance, DroppingTotalDistance);
      |                                                 ~~~^                         ~~~~~~~~~~~~~~~~~~~~~
      |                                                    |                         |
      |                                                    double                    int
      |                                                 %.1d
../Core/Src/main.c:2615:16: warning: passing argument 1 of 'memset' discards 'volatile' qualifier from pointer target type [-Wdiscarded-qualifiers]
 2615 |        memset (RxDriverBuff, '\0', sizeof (RxDriverBuff)); // reset buffer
      |                ^~~~~~~~~~~~
In file included from ../Core/Src/main.c:26:
c:\st\stm32cubeide_1.10.1\stm32cubeide\plugins\com.st.stm32cube.ide.mcu.externaltools.gnu-tools-for-stm32.10.3-2021.10.win32_1.0.0.202111181127\tools\arm-none-eabi\include\string.h:33:17: note: expected 'void *' but argument is of type 'volatile uint8_t *' {aka 'volatile unsigned char *'}
   33 | void *  memset (void *, int, size_t);
      |                 ^~~~~~
arm-none-eabi-gcc -o "FreeFallVer_MainProgram.elf" @"objects.list"   -mcpu=cortex-m4 -T"C:\Users\Thanh_Engineer\Documents\Liintech\DocAndPrograms\STM32_Programs\Main_Program_UART6_Interrupt_Method\FreeFallVer_MainProgram\STM32F407VGTX_FLASH.ld" --specs=nosys.specs -Wl,-Map="FreeFallVer_MainProgram.map" -Wl,--gc-sections -static --specs=nano.specs -mfpu=fpv4-sp-d16 -mfloat-abi=hard -mthumb -u _printf_float -u _scanf_float -Wl,--start-group -lc -lm -Wl,--end-group
Finished building target: FreeFallVer_MainProgram.elf
 
arm-none-eabi-size   FreeFallVer_MainProgram.elf 
arm-none-eabi-objdump -h -S  FreeFallVer_MainProgram.elf  > "FreeFallVer_MainProgram.list"
   text	   data	    bss	    dec	    hex	filename
  65388	    508	   2444	  68340	  10af4	FreeFallVer_MainProgram.elf
Finished building: default.size.stdout
 
Finished building: FreeFallVer_MainProgram.list
 
22:04:12 **** Incremental Build of configuration Debug for project FreeFallVer_MainProgram ****
make -j8 all 
arm-none-eabi-size   FreeFallVer_MainProgram.elf 
   text	   data	    bss	    dec	    hex	filename
  65388	    508	   2444	  68340	  10af4	FreeFallVer_MainProgram.elf
Finished building: default.size.stdout
 
11:17:35 **** Incremental Build of configuration Debug for project FreeFallVer_MainProgram ****
make -j8 all 
arm-none-eabi-size   FreeFallVer_MainProgram.elf 
   text	   data	    bss	    dec	    hex	filename
  65388	    508	   2444	  68340	  10af4	FreeFallVer_MainProgram.elf
Finished building: default.size.stdout
 
11:17:41 **** Incremental Build of configuration Debug for project FreeFallVer_MainProgram ****
make -j8 all 
arm-none-eabi-size   FreeFallVer_MainProgram.elf 
   text	   data	    bss	    dec	    hex	filename
  65388	    508	   2444	  68340	  10af4	FreeFallVer_MainProgram.elf
Finished building: default.size.stdout
 
11:29:04 **** Incremental Build of configuration Debug for project FreeFallVer_MainProgram ****
make -j8 all 
arm-none-eabi-gcc "../Core/Src/main.c" -mcpu=cortex-m4 -std=gnu11 -g3 -DDEBUG -DUSE_HAL_DRIVER -DSTM32F407xx -c -I../Core/Inc -I../Drivers/STM32F4xx_HAL_Driver/Inc -I../Drivers/STM32F4xx_HAL_Driver/Inc/Legacy -I../Drivers/CMSIS/Device/ST/STM32F4xx/Include -I../Drivers/CMSIS/Include -O0 -ffunction-sections -fdata-sections -Wall -fstack-usage -MMD -MP -MF"Core/Src/main.d" -MT"Core/Src/main.o" --specs=nano.specs -mfpu=fpv4-sp-d16 -mfloat-abi=hard -mthumb -o "Core/Src/main.o"
../Core/Src/main.c: In function 'ExtractMotionCode':
../Core/Src/main.c:265:10: warning: passing argument 1 of 'memset' discards 'volatile' qualifier from pointer target type [-Wdiscarded-qualifiers]
  265 |  memset (RxPCBuff, '\0', sizeof (RxPCBuff)); // reset
      |          ^~~~~~~~
In file included from ../Core/Src/main.c:26:
c:\st\stm32cubeide_1.10.1\stm32cubeide\plugins\com.st.stm32cube.ide.mcu.externaltools.gnu-tools-for-stm32.10.3-2021.10.win32_1.0.0.202111181127\tools\arm-none-eabi\include\string.h:33:17: note: expected 'void *' but argument is of type 'volatile uint8_t *' {aka 'volatile unsigned char *'}
   33 | void *  memset (void *, int, size_t);
      |                 ^~~~~~
../Core/Src/main.c: In function 'main':
../Core/Src/main.c:2430:52: warning: format '%f' expects argument of type 'double', but argument 4 has type 'int' [-Wformat=]
 2430 |        TxPCLen = sprintf(ResponseMess,"g14/%.1f/%.1fe",PullingTotalDistance, DroppingTotalDistance);
      |                                                 ~~~^                         ~~~~~~~~~~~~~~~~~~~~~
      |                                                    |                         |
      |                                                    double                    int
      |                                                 %.1d
../Core/Src/main.c:2614:16: warning: passing argument 1 of 'memset' discards 'volatile' qualifier from pointer target type [-Wdiscarded-qualifiers]
 2614 |        memset (RxDriverBuff, '\0', sizeof (RxDriverBuff)); // reset buffer
      |                ^~~~~~~~~~~~
In file included from ../Core/Src/main.c:26:
c:\st\stm32cubeide_1.10.1\stm32cubeide\plugins\com.st.stm32cube.ide.mcu.externaltools.gnu-tools-for-stm32.10.3-2021.10.win32_1.0.0.202111181127\tools\arm-none-eabi\include\string.h:33:17: note: expected 'void *' but argument is of type 'volatile uint8_t *' {aka 'volatile unsigned char *'}
   33 | void *  memset (void *, int, size_t);
      |                 ^~~~~~
arm-none-eabi-gcc -o "FreeFallVer_MainProgram.elf" @"objects.list"   -mcpu=cortex-m4 -T"C:\Users\Thanh_Engineer\Documents\Liintech\DocAndPrograms\STM32_Programs\Main_Program_UART6_Interrupt_Method\FreeFallVer_MainProgram\STM32F407VGTX_FLASH.ld" --specs=nosys.specs -Wl,-Map="FreeFallVer_MainProgram.map" -Wl,--gc-sections -static --specs=nano.specs -mfpu=fpv4-sp-d16 -mfloat-abi=hard -mthumb -u _printf_float -u _scanf_float -Wl,--start-group -lc -lm -Wl,--end-group
Finished building target: FreeFallVer_MainProgram.elf
 
arm-none-eabi-size   FreeFallVer_MainProgram.elf 
arm-none-eabi-objdump -h -S  FreeFallVer_MainProgram.elf  > "FreeFallVer_MainProgram.list"
   text	   data	    bss	    dec	    hex	filename
  65396	    508	   2444	  68348	  10afc	FreeFallVer_MainProgram.elf
Finished building: default.size.stdout
 
Finished building: FreeFallVer_MainProgram.list
 
11:29:11 **** Incremental Build of configuration Debug for project FreeFallVer_MainProgram ****
make -j8 all 
arm-none-eabi-gcc "../Core/Src/main.c" -mcpu=cortex-m4 -std=gnu11 -g3 -DDEBUG -DUSE_HAL_DRIVER -DSTM32F407xx -c -I../Core/Inc -I../Drivers/STM32F4xx_HAL_Driver/Inc -I../Drivers/STM32F4xx_HAL_Driver/Inc/Legacy -I../Drivers/CMSIS/Device/ST/STM32F4xx/Include -I../Drivers/CMSIS/Include -O0 -ffunction-sections -fdata-sections -Wall -fstack-usage -MMD -MP -MF"Core/Src/main.d" -MT"Core/Src/main.o" --specs=nano.specs -mfpu=fpv4-sp-d16 -mfloat-abi=hard -mthumb -o "Core/Src/main.o"
../Core/Src/main.c: In function 'ExtractMotionCode':
../Core/Src/main.c:265:10: warning: passing argument 1 of 'memset' discards 'volatile' qualifier from pointer target type [-Wdiscarded-qualifiers]
  265 |  memset (RxPCBuff, '\0', sizeof (RxPCBuff)); // reset
      |          ^~~~~~~~
In file included from ../Core/Src/main.c:26:
c:\st\stm32cubeide_1.10.1\stm32cubeide\plugins\com.st.stm32cube.ide.mcu.externaltools.gnu-tools-for-stm32.10.3-2021.10.win32_1.0.0.202111181127\tools\arm-none-eabi\include\string.h:33:17: note: expected 'void *' but argument is of type 'volatile uint8_t *' {aka 'volatile unsigned char *'}
   33 | void *  memset (void *, int, size_t);
      |                 ^~~~~~
../Core/Src/main.c: In function 'main':
../Core/Src/main.c:2431:52: warning: format '%f' expects argument of type 'double', but argument 4 has type 'int' [-Wformat=]
 2431 |        TxPCLen = sprintf(ResponseMess,"g14/%.1f/%.1fe",PullingTotalDistance, DroppingTotalDistance);
      |                                                 ~~~^                         ~~~~~~~~~~~~~~~~~~~~~
      |                                                    |                         |
      |                                                    double                    int
      |                                                 %.1d
../Core/Src/main.c:2615:16: warning: passing argument 1 of 'memset' discards 'volatile' qualifier from pointer target type [-Wdiscarded-qualifiers]
 2615 |        memset (RxDriverBuff, '\0', sizeof (RxDriverBuff)); // reset buffer
      |                ^~~~~~~~~~~~
In file included from ../Core/Src/main.c:26:
c:\st\stm32cubeide_1.10.1\stm32cubeide\plugins\com.st.stm32cube.ide.mcu.externaltools.gnu-tools-for-stm32.10.3-2021.10.win32_1.0.0.202111181127\tools\arm-none-eabi\include\string.h:33:17: note: expected 'void *' but argument is of type 'volatile uint8_t *' {aka 'volatile unsigned char *'}
   33 | void *  memset (void *, int, size_t);
      |                 ^~~~~~
arm-none-eabi-gcc -o "FreeFallVer_MainProgram.elf" @"objects.list"   -mcpu=cortex-m4 -T"C:\Users\Thanh_Engineer\Documents\Liintech\DocAndPrograms\STM32_Programs\Main_Program_UART6_Interrupt_Method\FreeFallVer_MainProgram\STM32F407VGTX_FLASH.ld" --specs=nosys.specs -Wl,-Map="FreeFallVer_MainProgram.map" -Wl,--gc-sections -static --specs=nano.specs -mfpu=fpv4-sp-d16 -mfloat-abi=hard -mthumb -u _printf_float -u _scanf_float -Wl,--start-group -lc -lm -Wl,--end-group
Finished building target: FreeFallVer_MainProgram.elf
 
arm-none-eabi-size   FreeFallVer_MainProgram.elf 
arm-none-eabi-objdump -h -S  FreeFallVer_MainProgram.elf  > "FreeFallVer_MainProgram.list"
   text	   data	    bss	    dec	    hex	filename
  65396	    508	   2444	  68348	  10afc	FreeFallVer_MainProgram.elf
Finished building: default.size.stdout
 
Finished building: FreeFallVer_MainProgram.list
 
11:29:44 **** Incremental Build of configuration Debug for project FreeFallVer_MainProgram ****
make -j8 all 
arm-none-eabi-size   FreeFallVer_MainProgram.elf 
   text	   data	    bss	    dec	    hex	filename
  65396	    508	   2444	  68348	  10afc	FreeFallVer_MainProgram.elf
Finished building: default.size.stdout
 
11:30:39 **** Incremental Build of configuration Debug for project FreeFallVer_MainProgram ****
make -j8 all 
arm-none-eabi-size   FreeFallVer_MainProgram.elf 
   text	   data	    bss	    dec	    hex	filename
  65396	    508	   2444	  68348	  10afc	FreeFallVer_MainProgram.elf
Finished building: default.size.stdout
 
11:48:10 **** Incremental Build of configuration Debug for project FreeFallVer_MainProgram ****
make -j8 all 
arm-none-eabi-gcc "../Core/Src/main.c" -mcpu=cortex-m4 -std=gnu11 -g3 -DDEBUG -DUSE_HAL_DRIVER -DSTM32F407xx -c -I../Core/Inc -I../Drivers/STM32F4xx_HAL_Driver/Inc -I../Drivers/STM32F4xx_HAL_Driver/Inc/Legacy -I../Drivers/CMSIS/Device/ST/STM32F4xx/Include -I../Drivers/CMSIS/Include -O0 -ffunction-sections -fdata-sections -Wall -fstack-usage -MMD -MP -MF"Core/Src/main.d" -MT"Core/Src/main.o" --specs=nano.specs -mfpu=fpv4-sp-d16 -mfloat-abi=hard -mthumb -o "Core/Src/main.o"
../Core/Src/main.c: In function 'ExtractMotionCode':
../Core/Src/main.c:265:10: warning: passing argument 1 of 'memset' discards 'volatile' qualifier from pointer target type [-Wdiscarded-qualifiers]
  265 |  memset (RxPCBuff, '\0', sizeof (RxPCBuff)); // reset
      |          ^~~~~~~~
In file included from ../Core/Src/main.c:26:
c:\st\stm32cubeide_1.10.1\stm32cubeide\plugins\com.st.stm32cube.ide.mcu.externaltools.gnu-tools-for-stm32.10.3-2021.10.win32_1.0.0.202111181127\tools\arm-none-eabi\include\string.h:33:17: note: expected 'void *' but argument is of type 'volatile uint8_t *' {aka 'volatile unsigned char *'}
   33 | void *  memset (void *, int, size_t);
      |                 ^~~~~~
../Core/Src/main.c: In function 'main':
../Core/Src/main.c:2429:52: warning: format '%f' expects argument of type 'double', but argument 4 has type 'int' [-Wformat=]
 2429 |        TxPCLen = sprintf(ResponseMess,"g14/%.1f/%.1fe",PullingTotalDistance, DroppingTotalDistance);
      |                                                 ~~~^                         ~~~~~~~~~~~~~~~~~~~~~
      |                                                    |                         |
      |                                                    double                    int
      |                                                 %.1d
../Core/Src/main.c:2613:16: warning: passing argument 1 of 'memset' discards 'volatile' qualifier from pointer target type [-Wdiscarded-qualifiers]
 2613 |        memset (RxDriverBuff, '\0', sizeof (RxDriverBuff)); // reset buffer
      |                ^~~~~~~~~~~~
In file included from ../Core/Src/main.c:26:
c:\st\stm32cubeide_1.10.1\stm32cubeide\plugins\com.st.stm32cube.ide.mcu.externaltools.gnu-tools-for-stm32.10.3-2021.10.win32_1.0.0.202111181127\tools\arm-none-eabi\include\string.h:33:17: note: expected 'void *' but argument is of type 'volatile uint8_t *' {aka 'volatile unsigned char *'}
   33 | void *  memset (void *, int, size_t);
      |                 ^~~~~~
arm-none-eabi-gcc -o "FreeFallVer_MainProgram.elf" @"objects.list"   -mcpu=cortex-m4 -T"C:\Users\Thanh_Engineer\Documents\Liintech\DocAndPrograms\STM32_Programs\Main_Program_UART6_Interrupt_Method\FreeFallVer_MainProgram\STM32F407VGTX_FLASH.ld" --specs=nosys.specs -Wl,-Map="FreeFallVer_MainProgram.map" -Wl,--gc-sections -static --specs=nano.specs -mfpu=fpv4-sp-d16 -mfloat-abi=hard -mthumb -u _printf_float -u _scanf_float -Wl,--start-group -lc -lm -Wl,--end-group
Finished building target: FreeFallVer_MainProgram.elf
 
arm-none-eabi-size   FreeFallVer_MainProgram.elf 
arm-none-eabi-objdump -h -S  FreeFallVer_MainProgram.elf  > "FreeFallVer_MainProgram.list"
   text	   data	    bss	    dec	    hex	filename
  65420	    508	   2444	  68372	  10b14	FreeFallVer_MainProgram.elf
Finished building: default.size.stdout
 
Finished building: FreeFallVer_MainProgram.list
 
11:48:15 **** Incremental Build of configuration Debug for project FreeFallVer_MainProgram ****
make -j8 all 
arm-none-eabi-size   FreeFallVer_MainProgram.elf 
   text	   data	    bss	    dec	    hex	filename
  65420	    508	   2444	  68372	  10b14	FreeFallVer_MainProgram.elf
Finished building: default.size.stdout
 
11:48:24 **** Incremental Build of configuration Debug for project FreeFallVer_MainProgram ****
make -j8 all 
arm-none-eabi-size   FreeFallVer_MainProgram.elf 
   text	   data	    bss	    dec	    hex	filename
  65420	    508	   2444	  68372	  10b14	FreeFallVer_MainProgram.elf
Finished building: default.size.stdout
 
11:48:28 **** Incremental Build of configuration Debug for project FreeFallVer_MainProgram ****
make -j8 all 
arm-none-eabi-size   FreeFallVer_MainProgram.elf 
   text	   data	    bss	    dec	    hex	filename
  65420	    508	   2444	  68372	  10b14	FreeFallVer_MainProgram.elf
Finished building: default.size.stdout
 
